main.c:2419:13:MX_GPIO_Init	80	static
main.c:2392:13:MX_DMA_Init	16	static
main.c:2214:13:MX_SPI1_Init	8	static
main.c:2252:13:MX_SPI2_Init	8	static
main.c:2328:13:MX_USART2_UART_Init	8	static
main.c:2361:13:MX_USART6_UART_Init	8	static
main.c:2290:13:MX_TIM6_Init	24	static
main.c:2130:13:MX_RTC_Init	56	static
main.c:262:9:CalcChecksum	4	static
main.c:280:9:No_of_days_a_month	0	static
main.c:340:6:verify_date	0	static
main.c:450:6:fetch_date_time	16	static
main.c:460:6:verify_settings	24	static
main.c:508:6:settings_debug	48	static
main.c:537:6:reset_screen_saver	8	static
main.c:547:6:exit_main_menu	8	static
main.c:559:6:MM_up_one_level	0	static
main.c:566:6:drawFrame	40	static
main.c:1044:6:main_menu	8	static
main.c:1055:6:key_down_callback	24	static
main.c:1542:6:USER_UART2_IDLE_Callback	48	static
main.c:1600:6:USER_UART6_IDLE_Callback	32	static
main.c:2078:6:SystemClock_Config	184	static
main.c:1691:5:main	32	static
main.c:2500:6:HAL_TIM_PeriodElapsedCallback	8	static
main.c:2521:6:HAL_RTC_AlarmAEventCallback	0	static
main.c:2590:6:Error_Handler	0	static
