Archive member included to satisfy reference by file (symbol)

c:/programy/st/stm32cubeide_1.6.0/stm32cubeide/plugins/com.st.stm32cube.ide.mcu.externaltools.gnu-tools-for-stm32.9-2020-q2-update.win32_1.5.0.202011040924/tools/bin/../lib/gcc/arm-none-eabi/9.3.1/../../../../arm-none-eabi/lib/thumb/v7e-m+fp/hard\libc_nano.a(lib_a-errno.o)
                              Src/syscalls.o (__errno)
c:/programy/st/stm32cubeide_1.6.0/stm32cubeide/plugins/com.st.stm32cube.ide.mcu.externaltools.gnu-tools-for-stm32.9-2020-q2-update.win32_1.5.0.202011040924/tools/bin/../lib/gcc/arm-none-eabi/9.3.1/../../../../arm-none-eabi/lib/thumb/v7e-m+fp/hard\libc_nano.a(lib_a-exit.o)
                              c:/programy/st/stm32cubeide_1.6.0/stm32cubeide/plugins/com.st.stm32cube.ide.mcu.externaltools.gnu-tools-for-stm32.9-2020-q2-update.win32_1.5.0.202011040924/tools/bin/../lib/gcc/arm-none-eabi/9.3.1/../../../../arm-none-eabi/lib/thumb/v7e-m+fp/hard/crt0.o (exit)
c:/programy/st/stm32cubeide_1.6.0/stm32cubeide/plugins/com.st.stm32cube.ide.mcu.externaltools.gnu-tools-for-stm32.9-2020-q2-update.win32_1.5.0.202011040924/tools/bin/../lib/gcc/arm-none-eabi/9.3.1/../../../../arm-none-eabi/lib/thumb/v7e-m+fp/hard\libc_nano.a(lib_a-impure.o)
                              c:/programy/st/stm32cubeide_1.6.0/stm32cubeide/plugins/com.st.stm32cube.ide.mcu.externaltools.gnu-tools-for-stm32.9-2020-q2-update.win32_1.5.0.202011040924/tools/bin/../lib/gcc/arm-none-eabi/9.3.1/../../../../arm-none-eabi/lib/thumb/v7e-m+fp/hard\libc_nano.a(lib_a-exit.o) (_global_impure_ptr)
c:/programy/st/stm32cubeide_1.6.0/stm32cubeide/plugins/com.st.stm32cube.ide.mcu.externaltools.gnu-tools-for-stm32.9-2020-q2-update.win32_1.5.0.202011040924/tools/bin/../lib/gcc/arm-none-eabi/9.3.1/../../../../arm-none-eabi/lib/thumb/v7e-m+fp/hard\libc_nano.a(lib_a-init.o)
                              c:/programy/st/stm32cubeide_1.6.0/stm32cubeide/plugins/com.st.stm32cube.ide.mcu.externaltools.gnu-tools-for-stm32.9-2020-q2-update.win32_1.5.0.202011040924/tools/bin/../lib/gcc/arm-none-eabi/9.3.1/../../../../arm-none-eabi/lib/thumb/v7e-m+fp/hard/crt0.o (__libc_init_array)
c:/programy/st/stm32cubeide_1.6.0/stm32cubeide/plugins/com.st.stm32cube.ide.mcu.externaltools.gnu-tools-for-stm32.9-2020-q2-update.win32_1.5.0.202011040924/tools/bin/../lib/gcc/arm-none-eabi/9.3.1/../../../../arm-none-eabi/lib/thumb/v7e-m+fp/hard\libc_nano.a(lib_a-memcpy-stub.o)
                              Src/main.o (memcpy)
c:/programy/st/stm32cubeide_1.6.0/stm32cubeide/plugins/com.st.stm32cube.ide.mcu.externaltools.gnu-tools-for-stm32.9-2020-q2-update.win32_1.5.0.202011040924/tools/bin/../lib/gcc/arm-none-eabi/9.3.1/../../../../arm-none-eabi/lib/thumb/v7e-m+fp/hard\libc_nano.a(lib_a-memset.o)
                              c:/programy/st/stm32cubeide_1.6.0/stm32cubeide/plugins/com.st.stm32cube.ide.mcu.externaltools.gnu-tools-for-stm32.9-2020-q2-update.win32_1.5.0.202011040924/tools/bin/../lib/gcc/arm-none-eabi/9.3.1/../../../../arm-none-eabi/lib/thumb/v7e-m+fp/hard/crt0.o (memset)
c:/programy/st/stm32cubeide_1.6.0/stm32cubeide/plugins/com.st.stm32cube.ide.mcu.externaltools.gnu-tools-for-stm32.9-2020-q2-update.win32_1.5.0.202011040924/tools/bin/../lib/gcc/arm-none-eabi/9.3.1/../../../../arm-none-eabi/lib/thumb/v7e-m+fp/hard\libc_nano.a(lib_a-nano-vfprintf_float.o)
                              (_printf_float)
c:/programy/st/stm32cubeide_1.6.0/stm32cubeide/plugins/com.st.stm32cube.ide.mcu.externaltools.gnu-tools-for-stm32.9-2020-q2-update.win32_1.5.0.202011040924/tools/bin/../lib/gcc/arm-none-eabi/9.3.1/../../../../arm-none-eabi/lib/thumb/v7e-m+fp/hard\libc_nano.a(lib_a-nano-vfprintf_i.o)
                              c:/programy/st/stm32cubeide_1.6.0/stm32cubeide/plugins/com.st.stm32cube.ide.mcu.externaltools.gnu-tools-for-stm32.9-2020-q2-update.win32_1.5.0.202011040924/tools/bin/../lib/gcc/arm-none-eabi/9.3.1/../../../../arm-none-eabi/lib/thumb/v7e-m+fp/hard\libc_nano.a(lib_a-nano-vfprintf_float.o) (_printf_common)
c:/programy/st/stm32cubeide_1.6.0/stm32cubeide/plugins/com.st.stm32cube.ide.mcu.externaltools.gnu-tools-for-stm32.9-2020-q2-update.win32_1.5.0.202011040924/tools/bin/../lib/gcc/arm-none-eabi/9.3.1/../../../../arm-none-eabi/lib/thumb/v7e-m+fp/hard\libc_nano.a(lib_a-sprintf.o)
                              Src/main.o (sprintf)
c:/programy/st/stm32cubeide_1.6.0/stm32cubeide/plugins/com.st.stm32cube.ide.mcu.externaltools.gnu-tools-for-stm32.9-2020-q2-update.win32_1.5.0.202011040924/tools/bin/../lib/gcc/arm-none-eabi/9.3.1/../../../../arm-none-eabi/lib/thumb/v7e-m+fp/hard\libc_nano.a(lib_a-strlen.o)
                              Src/OLED.o (strlen)
c:/programy/st/stm32cubeide_1.6.0/stm32cubeide/plugins/com.st.stm32cube.ide.mcu.externaltools.gnu-tools-for-stm32.9-2020-q2-update.win32_1.5.0.202011040924/tools/bin/../lib/gcc/arm-none-eabi/9.3.1/../../../../arm-none-eabi/lib/thumb/v7e-m+fp/hard\libc_nano.a(lib_a-dtoa.o)
[...]
Memory Configuration

Name             Origin             Length             Attributes
RAM              0x0000000020000000 0x0000000000050000 xrw
FLASH            0x0000000008000000 0x0000000000100000 xr
*default*        0x0000000000000000 0xffffffffffffffff

Linker script and memory map

LOAD c:/programy/st/stm32cubeide_1.6.0/stm32cubeide/plugins/com.st.stm32cube.ide.mcu.externaltools.gnu-tools-for-stm32.9-2020-q2-update.win32_1.5.0.202011040924/tools/bin/../lib/gcc/arm-none-eabi/9.3.1/thumb/v7e-m+fp/hard/crti.o
LOAD c:/programy/st/stm32cubeide_1.6.0/stm32cubeide/plugins/com.st.stm32cube.ide.mcu.externaltools.gnu-tools-for-stm32.9-2020-q2-update.win32_1.5.0.202011040924/tools/bin/../lib/gcc/arm-none-eabi/9.3.1/thumb/v7e-m+fp/hard/crtbegin.o
LOAD c:/programy/st/stm32cubeide_1.6.0/stm32cubeide/plugins/com.st.stm32cube.ide.mcu.externaltools.gnu-tools-for-stm32.9-2020-q2-update.win32_1.5.0.202011040924/tools/bin/../lib/gcc/arm-none-eabi/9.3.1/../../../../arm-none-eabi/lib/thumb/v7e-m+fp/hard/crt0.o
LOAD Drivers/STM32F4xx_HAL_Driver/Src/stm32f4xx_hal.o
LOAD Drivers/STM32F4xx_HAL_Driver/Src/stm32f4xx_hal_cortex.o
LOAD Drivers/STM32F4xx_HAL_Driver/Src/stm32f4xx_hal_dma.o
LOAD Drivers/STM32F4xx_HAL_Driver/Src/stm32f4xx_hal_dma_ex.o
LOAD Drivers/STM32F4xx_HAL_Driver/Src/stm32f4xx_hal_exti.o
LOAD Drivers/STM32F4xx_HAL_Driver/Src/stm32f4xx_hal_flash.o
LOAD Drivers/STM32F4xx_HAL_Driver/Src/stm32f4xx_hal_flash_ex.o
LOAD Drivers/STM32F4xx_HAL_Driver/Src/stm32f4xx_hal_flash_ramfunc.o
LOAD Drivers/STM32F4xx_HAL_Driver/Src/stm32f4xx_hal_gpio.o
LOAD Drivers/STM32F4xx_HAL_Driver/Src/stm32f4xx_hal_pwr.o
LOAD Drivers/STM32F4xx_HAL_Driver/Src/stm32f4xx_hal_pwr_ex.o
LOAD Drivers/STM32F4xx_HAL_Driver/Src/stm32f4xx_hal_rcc.o
LOAD Drivers/STM32F4xx_HAL_Driver/Src/stm32f4xx_hal_rcc_ex.o
LOAD Drivers/STM32F4xx_HAL_Driver/Src/stm32f4xx_hal_rtc.o
LOAD Drivers/STM32F4xx_HAL_Driver/Src/stm32f4xx_hal_rtc_ex.o
LOAD Drivers/STM32F4xx_HAL_Driver/Src/stm32f4xx_hal_spi.o
LOAD Drivers/STM32F4xx_HAL_Driver/Src/stm32f4xx_hal_tim.o
LOAD Drivers/STM32F4xx_HAL_Driver/Src/stm32f4xx_hal_tim_ex.o
LOAD Drivers/STM32F4xx_HAL_Driver/Src/stm32f4xx_hal_uart.o
LOAD Src/EEPROM.o
LOAD Src/OLED.o
LOAD Src/kbd.o
LOAD Src/main.o
LOAD Src/stm32f4xx_hal_msp.o
LOAD Src/stm32f4xx_it.o
LOAD Src/syscalls.o
LOAD Src/system_stm32f4xx.o
LOAD startup/startup_stm32f413xx.o
START GROUP
LOAD c:/programy/st/stm32cubeide_1.6.0/stm32cubeide/plugins/com.st.stm32cube.ide.mcu.externaltools.gnu-tools-for-stm32.9-2020-q2-update.win32_1.5.0.202011040924/tools/bin/../lib/gcc/arm-none-eabi/9.3.1/../../../../arm-none-eabi/lib/thumb/v7e-m+fp/hard\libc_nano.a
LOAD c:/programy/st/stm32cubeide_1.6.0/stm32cubeide/plugins/com.st.stm32cube.ide.mcu.externaltools.gnu-tools-for-stm32.9-2020-q2-update.win32_1.5.0.202011040924/tools/bin/../lib/gcc/arm-none-eabi/9.3.1/../../../../arm-none-eabi/lib/thumb/v7e-m+fp/hard\libm.a
END GROUP
START GROUP
LOAD c:/programy/st/stm32cubeide_1.6.0/stm32cubeide/plugins/com.st.stm32cube.ide.mcu.externaltools.gnu-tools-for-stm32.9-2020-q2-update.win32_1.5.0.202011040924/tools/bin/../lib/gcc/arm-none-eabi/9.3.1/thumb/v7e-m+fp/hard\libgcc.a
LOAD c:/programy/st/stm32cubeide_1.6.0/stm32cubeide/plugins/com.st.stm32cube.ide.mcu.externaltools.gnu-tools-for-stm32.9-2020-q2-update.win32_1.5.0.202011040924/tools/bin/../lib/gcc/arm-none-eabi/9.3.1/../../../../arm-none-eabi/lib/thumb/v7e-m+fp/hard\libc_nano.a
END GROUP
START GROUP
LOAD c:/programy/st/stm32cubeide_1.6.0/stm32cubeide/plugins/com.st.stm32cube.ide.mcu.externaltools.gnu-tools-for-stm32.9-2020-q2-update.win32_1.5.0.202011040924/tools/bin/../lib/gcc/arm-none-eabi/9.3.1/thumb/v7e-m+fp/hard\libgcc.a
LOAD c:/programy/st/stm32cubeide_1.6.0/stm32cubeide/plugins/com.st.stm32cube.ide.mcu.externaltools.gnu-tools-for-stm32.9-2020-q2-update.win32_1.5.0.202011040924/tools/bin/../lib/gcc/arm-none-eabi/9.3.1/../../../../arm-none-eabi/lib/thumb/v7e-m+fp/hard\libc_nano.a
LOAD c:/programy/st/stm32cubeide_1.6.0/stm32cubeide/plugins/com.st.stm32cube.ide.mcu.externaltools.gnu-tools-for-stm32.9-2020-q2-update.win32_1.5.0.202011040924/tools/bin/../lib/gcc/arm-none-eabi/9.3.1/../../../../arm-none-eabi/lib/thumb/v7e-m+fp/hard\libnosys.a
END GROUP
START GROUP
LOAD c:/programy/st/stm32cubeide_1.6.0/stm32cubeide/plugins/com.st.stm32cube.ide.mcu.externaltools.gnu-tools-for-stm32.9-2020-q2-update.win32_1.5.0.202011040924/tools/bin/../lib/gcc/arm-none-eabi/9.3.1/thumb/v7e-m+fp/hard\libgcc.a
LOAD c:/programy/st/stm32cubeide_1.6.0/stm32cubeide/plugins/com.st.stm32cube.ide.mcu.externaltools.gnu-tools-for-stm32.9-2020-q2-update.win32_1.5.0.202011040924/tools/bin/../lib/gcc/arm-none-eabi/9.3.1/../../../../arm-none-eabi/lib/thumb/v7e-m+fp/hard\libc_nano.a
LOAD c:/programy/st/stm32cubeide_1.6.0/stm32cubeide/plugins/com.st.stm32cube.ide.mcu.externaltools.gnu-tools-for-stm32.9-2020-q2-update.win32_1.5.0.202011040924/tools/bin/../lib/gcc/arm-none-eabi/9.3.1/../../../../arm-none-eabi/lib/thumb/v7e-m+fp/hard\libnosys.a
END GROUP
LOAD c:/programy/st/stm32cubeide_1.6.0/stm32cubeide/plugins/com.st.stm32cube.ide.mcu.externaltools.gnu-tools-for-stm32.9-2020-q2-update.win32_1.5.0.202011040924/tools/bin/../lib/gcc/arm-none-eabi/9.3.1/thumb/v7e-m+fp/hard/crtend.o
LOAD c:/programy/st/stm32cubeide_1.6.0/stm32cubeide/plugins/com.st.stm32cube.ide.mcu.externaltools.gnu-tools-for-stm32.9-2020-q2-update.win32_1.5.0.202011040924/tools/bin/../lib/gcc/arm-none-eabi/9.3.1/thumb/v7e-m+fp/hard/crtn.o
                0x0000000020050000                _estack = 0x20050000
                0x0000000000000200                _Min_Heap_Size = 0x200
                0x0000000000000400                _Min_Stack_Size = 0x400

.isr_vector     0x0000000008000000      0x1d8
                0x0000000008000000                . = ALIGN (0x4)
 *(.isr_vector)
 .isr_vector    0x0000000008000000      0x1d8 startup/startup_stm32f413xx.o
                0x0000000008000000                g_pfnVectors
                0x00000000080001d8                . = ALIGN (0x4)

.text           0x00000000080001e0     0xe010
                0x00000000080001e0                . = ALIGN (0x4)
 *(.text)
 .text          0x00000000080001e0       0x40 c:/programy/st/stm32cubeide_1.6.0/stm32cubeide/plugins/com.st.stm32cube.ide.mcu.externaltools.gnu-tools-for-stm32.9-2020-q2-update.win32_1.5.0.202011040924/tools/bin/../lib/gcc/arm-none-eabi/9.3.1/thumb/v7e-m+fp/hard/crtbegin.o
 .text          0x0000000008000220       0x10 c:/programy/st/stm32cubeide_1.6.0/stm32cubeide/plugins/com.st.stm32cube.ide.mcu.externaltools.gnu-tools-for-stm32.9-2020-q2-update.win32_1.5.0.202011040924/tools/bin/../lib/gcc/arm-none-eabi/9.3.1/../../../../arm-none-eabi/lib/thumb/v7e-m+fp/hard\libc_nano.a(lib_a-strlen.o)
                0x0000000008000220                strlen
 .text          0x0000000008000230       0xa0 c:/programy/st/stm32cubeide_1.6.0/stm32cubeide/plugins/com.st.stm32cube.ide.mcu.externaltools.gnu-tools-for-stm32.9-2020-q2-update.win32_1.5.0.202011040924/tools/bin/../lib/gcc/arm-none-eabi/9.3.1/../../../../arm-none-eabi/lib/thumb/v7e-m+fp/hard\libc_nano.a(lib_a-memchr.o)
                0x0000000008000230                memchr
 .text          0x00000000080002d0      0x378 c:/programy/st/stm32cubeide_1.6.0/stm32cubeide/plugins/com.st.stm32cube.ide.mcu.externaltools.gnu-tools-for-stm32.9-2020-q2-update.win32_1.5.0.202011040924/tools/bin/../lib/gcc/arm-none-eabi/9.3.1/thumb/v7e-m+fp/hard\libgcc.a(_arm_addsubdf3.o)
                0x00000000080002d0                __aeabi_drsub
                0x00000000080002d8                __aeabi_dsub
                0x00000000080002d8                __subdf3
                0x00000000080002dc                __aeabi_dadd
                0x00000000080002dc                __adddf3
                0x0000000008000554                __floatunsidf
                0x0000000008000554                __aeabi_ui2d
                0x0000000008000574                __floatsidf
                0x0000000008000574                __aeabi_i2d
                0x0000000008000598                __aeabi_f2d
                0x0000000008000598                __extendsfdf2
                0x00000000080005dc                __floatundidf
                0x00000000080005dc                __aeabi_ul2d
                0x00000000080005ec                __floatdidf
                0x00000000080005ec                __aeabi_l2d
 .text          0x0000000008000648      0x424 c:/programy/st/stm32cubeide_1.6.0/stm32cubeide/plugins/com.st.stm32cube.ide.mcu.externaltools.gnu-tools-for-stm32.9-2020-q2-update.win32_1.5.0.202011040924/tools/bin/../lib/gcc/arm-none-eabi/9.3.1/thumb/v7e-m+fp/hard\libgcc.a(_arm_muldivdf3.o)
                0x0000000008000648                __aeabi_dmul
                0x0000000008000648                __muldf3
                0x000000000800089c                __divdf3
                0x000000000800089c                __aeabi_ddiv
 .text          0x0000000008000a6c      0x110 c:/programy/st/stm32cubeide_1.6.0/stm32cubeide/plugins/com.st.stm32cube.ide.mcu.externaltools.gnu-tools-for-stm32.9-2020-q2-update.win32_1.5.0.202011040924/tools/bin/../lib/gcc/arm-none-eabi/9.3.1/thumb/v7e-m+fp/hard\libgcc.a(_arm_cmpdf2.o)
                0x0000000008000a6c                __gtdf2
                0x0000000008000a6c                __gedf2
                0x0000000008000a74                __ltdf2
                0x0000000008000a74                __ledf2
                0x0000000008000a7c                __nedf2
                0x0000000008000a7c                __eqdf2
                0x0000000008000a7c                __cmpdf2
                0x0000000008000af8                __aeabi_cdrcmple
                0x0000000008000b08                __aeabi_cdcmpeq
                0x0000000008000b08                __aeabi_cdcmple
                0x0000000008000b18                __aeabi_dcmpeq
                0x0000000008000b2c                __aeabi_dcmplt
                0x0000000008000b40                __aeabi_dcmple
                0x0000000008000b54                __aeabi_dcmpge
                0x0000000008000b68                __aeabi_dcmpgt
 .text          0x0000000008000b7c       0x2c c:/programy/st/stm32cubeide_1.6.0/stm32cubeide/plugins/com.st.stm32cube.ide.mcu.externaltools.gnu-tools-for-stm32.9-2020-q2-update.win32_1.5.0.202011040924/tools/bin/../lib/gcc/arm-none-eabi/9.3.1/thumb/v7e-m+fp/hard\libgcc.a(_arm_unorddf2.o)
                0x0000000008000b7c                __unorddf2
                0x0000000008000b7c                __aeabi_dcmpun
 .text          0x0000000008000ba8       0x50 c:/programy/st/stm32cubeide_1.6.0/stm32cubeide/plugins/com.st.stm32cube.ide.mcu.externaltools.gnu-tools-for-stm32.9-2020-q2-update.win32_1.5.0.202011040924/tools/bin/../lib/gcc/arm-none-eabi/9.3.1/thumb/v7e-m+fp/hard\libgcc.a(_arm_fixdfsi.o)
                0x0000000008000ba8                __aeabi_d2iz
                0x0000000008000ba8                __fixdfsi
 .text          0x0000000008000bf8       0x30 c:/programy/st/stm32cubeide_1.6.0/stm32cubeide/plugins/com.st.stm32cube.ide.mcu.externaltools.gnu-tools-for-stm32.9-2020-q2-update.win32_1.5.0.202011040924/tools/bin/../lib/gcc/arm-none-eabi/9.3.1/thumb/v7e-m+fp/hard\libgcc.a(_aeabi_uldivmod.o)
                0x0000000008000bf8                __aeabi_uldivmod
 .text          0x0000000008000c28      0x2c4 c:/programy/st/stm32cubeide_1.6.0/stm32cubeide/plugins/com.st.stm32cube.ide.mcu.externaltools.gnu-tools-for-stm32.9-2020-q2-update.win32_1.5.0.202011040924/tools/bin/../lib/gcc/arm-none-eabi/9.3.1/thumb/v7e-m+fp/hard\libgcc.a(_udivmoddi4.o)
                0x0000000008000c28                __udivmoddi4
 .text          0x0000000008000eec        0x4 c:/programy/st/stm32cubeide_1.6.0/stm32cubeide/plugins/com.st.stm32cube.ide.mcu.externaltools.gnu-tools-for-stm32.9-2020-q2-update.win32_1.5.0.202011040924/tools/bin/../lib/gcc/arm-none-eabi/9.3.1/thumb/v7e-m+fp/hard\libgcc.a(_dvmd_tls.o)
                0x0000000008000eec                __aeabi_idiv0
                0x0000000008000eec                __aeabi_ldiv0
 *(.text*)
 .text.HAL_Init
                0x0000000008000ef0       0x44 Drivers/STM32F4xx_HAL_Driver/Src/stm32f4xx_hal.o
                0x0000000008000ef0                HAL_Init
 .text.HAL_InitTick
                0x0000000008000f34       0x60 Drivers/STM32F4xx_HAL_Driver/Src/stm32f4xx_hal.o
                0x0000000008000f34                HAL_InitTick
 .text.HAL_IncTick
                0x0000000008000f94       0x28 Drivers/STM32F4xx_HAL_Driver/Src/stm32f4xx_hal.o
                0x0000000008000f94                HAL_IncTick
 .text.HAL_GetTick
                0x0000000008000fbc       0x18 Drivers/STM32F4xx_HAL_Driver/Src/stm32f4xx_hal.o
                0x0000000008000fbc                HAL_GetTick
 .text.HAL_Delay
                0x0000000008000fd4       0x48 Drivers/STM32F4xx_HAL_Driver/Src/stm32f4xx_hal.o
                0x0000000008000fd4                HAL_Delay
 .text.__NVIC_SetPriorityGrouping
                0x000000000800101c       0x48 Drivers/STM32F4xx_HAL_Driver/Src/stm32f4xx_hal_cortex.o
 .text.__NVIC_GetPriorityGrouping
                0x0000000008001064       0x1c Drivers/STM32F4xx_HAL_Driver/Src/stm32f4xx_hal_cortex.o
 .text.__NVIC_EnableIRQ
                0x0000000008001080       0x3c Drivers/STM32F4xx_HAL_Driver/Src/stm32f4xx_hal_cortex.o
 .text.__NVIC_SetPriority
                0x00000000080010bc       0x54 Drivers/STM32F4xx_HAL_Driver/Src/stm32f4xx_hal_cortex.o
 .text.NVIC_EncodePriority
                0x0000000008001110       0x66 Drivers/STM32F4xx_HAL_Driver/Src/stm32f4xx_hal_cortex.o
 *fill*         0x0000000008001176        0x2 
 .text.SysTick_Config
                0x0000000008001178       0x44 Drivers/STM32F4xx_HAL_Driver/Src/stm32f4xx_hal_cortex.o
 .text.HAL_NVIC_SetPriorityGrouping
                0x00000000080011bc       0x16 Drivers/STM32F4xx_HAL_Driver/Src/stm32f4xx_hal_cortex.o
                0x00000000080011bc                HAL_NVIC_SetPriorityGrouping
 .text.HAL_NVIC_SetPriority
                0x00000000080011d2       0x38 Drivers/STM32F4xx_HAL_Driver/Src/stm32f4xx_hal_cortex.o
                0x00000000080011d2                HAL_NVIC_SetPriority
 .text.HAL_NVIC_EnableIRQ
                0x000000000800120a       0x1c Drivers/STM32F4xx_HAL_Driver/Src/stm32f4xx_hal_cortex.o
                0x000000000800120a                HAL_NVIC_EnableIRQ
 .text.HAL_SYSTICK_Config
                0x0000000008001226       0x18 Drivers/STM32F4xx_HAL_Driver/Src/stm32f4xx_hal_cortex.o
                0x0000000008001226                HAL_SYSTICK_Config
 *fill*         0x000000000800123e        0x2 
 .text.HAL_DMA_Init
                0x0000000008001240      0x15c Drivers/STM32F4xx_HAL_Driver/Src/stm32f4xx_hal_dma.o
                0x0000000008001240                HAL_DMA_Init
 .text.HAL_DMA_Start_IT
                0x000000000800139c       0xb0 Drivers/STM32F4xx_HAL_Driver/Src/stm32f4xx_hal_dma.o
                0x000000000800139c                HAL_DMA_Start_IT
 .text.HAL_DMA_Abort
                0x000000000800144c       0xe0 Drivers/STM32F4xx_HAL_Driver/Src/stm32f4xx_hal_dma.o
                0x000000000800144c                HAL_DMA_Abort
 .text.HAL_DMA_Abort_IT
                0x000000000800152c       0x44 Drivers/STM32F4xx_HAL_Driver/Src/stm32f4xx_hal_dma.o
                0x000000000800152c                HAL_DMA_Abort_IT
 .text.HAL_DMA_IRQHandler
                0x0000000008001570      0x314 Drivers/STM32F4xx_HAL_Driver/Src/stm32f4xx_hal_dma.o
                0x0000000008001570                HAL_DMA_IRQHandler
 .text.DMA_SetConfig
                0x0000000008001884       0x5c Drivers/STM32F4xx_HAL_Driver/Src/stm32f4xx_hal_dma.o
 .text.DMA_CalcBaseAndBitshift
                0x00000000080018e0       0x6c Drivers/STM32F4xx_HAL_Driver/Src/stm32f4xx_hal_dma.o
 .text.DMA_CheckFifoParam
                0x000000000800194c       0xf8 Drivers/STM32F4xx_HAL_Driver/Src/stm32f4xx_hal_dma.o
 .text.HAL_GPIO_Init
                0x0000000008001a44      0x328 Drivers/STM32F4xx_HAL_Driver/Src/stm32f4xx_hal_gpio.o
                0x0000000008001a44                HAL_GPIO_Init
 .text.HAL_GPIO_WritePin
                0x0000000008001d6c       0x32 Drivers/STM32F4xx_HAL_Driver/Src/stm32f4xx_hal_gpio.o
                0x0000000008001d6c                HAL_GPIO_WritePin
 *fill*         0x0000000008001d9e        0x2 
 .text.HAL_RCC_ClockConfig
                0x0000000008001da0      0x1cc Drivers/STM32F4xx_HAL_Driver/Src/stm32f4xx_hal_rcc.o
                0x0000000008001da0                HAL_RCC_ClockConfig
 .text.HAL_RCC_GetSysClockFreq
                0x0000000008001f6c      0x16c Drivers/STM32F4xx_HAL_Driver/Src/stm32f4xx_hal_rcc.o
                0x0000000008001f6c                HAL_RCC_GetSysClockFreq
 .text.HAL_RCC_GetHCLKFreq
                0x00000000080020d8       0x18 Drivers/STM32F4xx_HAL_Driver/Src/stm32f4xx_hal_rcc.o
                0x00000000080020d8                HAL_RCC_GetHCLKFreq
 .text.HAL_RCC_GetPCLK1Freq
                0x00000000080020f0       0x28 Drivers/STM32F4xx_HAL_Driver/Src/stm32f4xx_hal_rcc.o
                0x00000000080020f0                HAL_RCC_GetPCLK1Freq
 .text.HAL_RCC_GetPCLK2Freq
                0x0000000008002118       0x28 Drivers/STM32F4xx_HAL_Driver/Src/stm32f4xx_hal_rcc.o
                0x0000000008002118                HAL_RCC_GetPCLK2Freq
 .text.HAL_RCCEx_PeriphCLKConfig
                0x0000000008002140      0x518 Drivers/STM32F4xx_HAL_Driver/Src/stm32f4xx_hal_rcc_ex.o
                0x0000000008002140                HAL_RCCEx_PeriphCLKConfig
 .text.HAL_RCC_OscConfig
                0x0000000008002658      0x484 Drivers/STM32F4xx_HAL_Driver/Src/stm32f4xx_hal_rcc_ex.o
                0x0000000008002658                HAL_RCC_OscConfig
 .text.HAL_RTC_Init
                0x0000000008002adc      0x122 Drivers/STM32F4xx_HAL_Driver/Src/stm32f4xx_hal_rtc.o
                0x0000000008002adc                HAL_RTC_Init
 .text.HAL_RTC_SetTime
                0x0000000008002bfe      0x17a Drivers/STM32F4xx_HAL_Driver/Src/stm32f4xx_hal_rtc.o
                0x0000000008002bfe                HAL_RTC_SetTime
 .text.HAL_RTC_GetTime
                0x0000000008002d78       0xbc Drivers/STM32F4xx_HAL_Driver/Src/stm32f4xx_hal_rtc.o
                0x0000000008002d78                HAL_RTC_GetTime
 .text.HAL_RTC_SetDate
                0x0000000008002e34      0x14e Drivers/STM32F4xx_HAL_Driver/Src/stm32f4xx_hal_rtc.o
                0x0000000008002e34                HAL_RTC_SetDate
 .text.HAL_RTC_GetDate
                0x0000000008002f82       0x9e Drivers/STM32F4xx_HAL_Driver/Src/stm32f4xx_hal_rtc.o
                0x0000000008002f82                HAL_RTC_GetDate
 .text.HAL_RTC_SetAlarm_IT
                0x0000000008003020      0x270 Drivers/STM32F4xx_HAL_Driver/Src/stm32f4xx_hal_rtc.o
                0x0000000008003020                HAL_RTC_SetAlarm_IT
 .text.HAL_RTC_AlarmIRQHandler
                0x0000000008003290       0x8c Drivers/STM32F4xx_HAL_Driver/Src/stm32f4xx_hal_rtc.o
                0x0000000008003290                HAL_RTC_AlarmIRQHandler
 .text.HAL_RTC_WaitForSynchro
                0x000000000800331c       0x50 Drivers/STM32F4xx_HAL_Driver/Src/stm32f4xx_hal_rtc.o
                0x000000000800331c                HAL_RTC_WaitForSynchro
 .text.RTC_EnterInitMode
                0x000000000800336c       0x58 Drivers/STM32F4xx_HAL_Driver/Src/stm32f4xx_hal_rtc.o
                0x000000000800336c                RTC_EnterInitMode
 .text.RTC_ByteToBcd2
                0x00000000080033c4       0x3c Drivers/STM32F4xx_HAL_Driver/Src/stm32f4xx_hal_rtc.o
                0x00000000080033c4                RTC_ByteToBcd2
 .text.RTC_Bcd2ToByte
                0x0000000008003400       0x3c Drivers/STM32F4xx_HAL_Driver/Src/stm32f4xx_hal_rtc.o
                0x0000000008003400                RTC_Bcd2ToByte
 .text.HAL_RTCEx_AlarmBEventCallback
                0x000000000800343c       0x14 Drivers/STM32F4xx_HAL_Driver/Src/stm32f4xx_hal_rtc_ex.o
                0x000000000800343c                HAL_RTCEx_AlarmBEventCallback
 .text.HAL_SPI_Init
                0x0000000008003450       0xc8 Drivers/STM32F4xx_HAL_Driver/Src/stm32f4xx_hal_spi.o
                0x0000000008003450                HAL_SPI_Init
 .text.HAL_SPI_Transmit
                0x0000000008003518      0x268 Drivers/STM32F4xx_HAL_Driver/Src/stm32f4xx_hal_spi.o
                0x0000000008003518                HAL_SPI_Transmit
 .text.HAL_SPI_Receive
                0x0000000008003780      0x212 Drivers/STM32F4xx_HAL_Driver/Src/stm32f4xx_hal_spi.o
                0x0000000008003780                HAL_SPI_Receive
 .text.HAL_SPI_TransmitReceive
                0x0000000008003992      0x344 Drivers/STM32F4xx_HAL_Driver/Src/stm32f4xx_hal_spi.o
                0x0000000008003992                HAL_SPI_TransmitReceive
 .text.SPI_WaitFlagStateUntilTimeout
                0x0000000008003cd6       0xd4 Drivers/STM32F4xx_HAL_Driver/Src/stm32f4xx_hal_spi.o
 .text.SPI_EndRxTransaction
                0x0000000008003daa       0xca Drivers/STM32F4xx_HAL_Driver/Src/stm32f4xx_hal_spi.o
 .text.SPI_EndRxTxTransaction
                0x0000000008003e74       0x84 Drivers/STM32F4xx_HAL_Driver/Src/stm32f4xx_hal_spi.o
 .text.HAL_TIM_Base_Init
                0x0000000008003ef8       0x56 Drivers/STM32F4xx_HAL_Driver/Src/stm32f4xx_hal_tim.o
                0x0000000008003ef8                HAL_TIM_Base_Init
 .text.HAL_TIM_Base_Start_IT
                0x0000000008003f4e       0x48 Drivers/STM32F4xx_HAL_Driver/Src/stm32f4xx_hal_tim.o
                0x0000000008003f4e                HAL_TIM_Base_Start_IT
 .text.HAL_TIM_IRQHandler
                0x0000000008003f96      0x210 Drivers/STM32F4xx_HAL_Driver/Src/stm32f4xx_hal_tim.o
                0x0000000008003f96                HAL_TIM_IRQHandler
 .text.HAL_TIM_OC_DelayElapsedCallback
                0x00000000080041a6       0x14 Drivers/STM32F4xx_HAL_Driver/Src/stm32f4xx_hal_tim.o
                0x00000000080041a6                HAL_TIM_OC_DelayElapsedCallback
 .text.HAL_TIM_IC_CaptureCallback
                0x00000000080041ba       0x14 Drivers/STM32F4xx_HAL_Driver/Src/stm32f4xx_hal_tim.o
                0x00000000080041ba                HAL_TIM_IC_CaptureCallback
 .text.HAL_TIM_PWM_PulseFinishedCallback
                0x00000000080041ce       0x14 Drivers/STM32F4xx_HAL_Driver/Src/stm32f4xx_hal_tim.o
                0x00000000080041ce                HAL_TIM_PWM_PulseFinishedCallback
 .text.HAL_TIM_TriggerCallback
                0x00000000080041e2       0x14 Drivers/STM32F4xx_HAL_Driver/Src/stm32f4xx_hal_tim.o
                0x00000000080041e2                HAL_TIM_TriggerCallback
 *fill*         0x00000000080041f6        0x2 
 .text.TIM_Base_SetConfig
                0x00000000080041f8      0x140 Drivers/STM32F4xx_HAL_Driver/Src/stm32f4xx_hal_tim.o
                0x00000000080041f8                TIM_Base_SetConfig
 .text.HAL_TIMEx_MasterConfigSynchronization
                0x0000000008004338       0xf8 Drivers/STM32F4xx_HAL_Driver/Src/stm32f4xx_hal_tim_ex.o
                0x0000000008004338                HAL_TIMEx_MasterConfigSynchronization
 .text.HAL_TIMEx_CommutCallback
                0x0000000008004430       0x14 Drivers/STM32F4xx_HAL_Driver/Src/stm32f4xx_hal_tim_ex.o
                0x0000000008004430                HAL_TIMEx_CommutCallback
 .text.HAL_TIMEx_BreakCallback
                0x0000000008004444       0x14 Drivers/STM32F4xx_HAL_Driver/Src/stm32f4xx_hal_tim_ex.o
                0x0000000008004444                HAL_TIMEx_BreakCallback
 .text.HAL_UART_Init
                0x0000000008004458       0x9a Drivers/STM32F4xx_HAL_Driver/Src/stm32f4xx_hal_uart.o
                0x0000000008004458                HAL_UART_Init
 *fill*         0x00000000080044f2        0x2 
 .text.HAL_UART_Transmit_DMA
                0x00000000080044f4       0xd8 Drivers/STM32F4xx_HAL_Driver/Src/stm32f4xx_hal_uart.o
                0x00000000080044f4                HAL_UART_Transmit_DMA
 .text.HAL_UART_Receive_DMA
                0x00000000080045cc      0x100 Drivers/STM32F4xx_HAL_Driver/Src/stm32f4xx_hal_uart.o
                0x00000000080045cc                HAL_UART_Receive_DMA
 .text.HAL_UART_DMAStop
                0x00000000080046cc       0xb6 Drivers/STM32F4xx_HAL_Driver/Src/stm32f4xx_hal_uart.o
                0x00000000080046cc                HAL_UART_DMAStop
 *fill*         0x0000000008004782        0x2 
 .text.HAL_UART_IRQHandler
                0x0000000008004784      0x200 Drivers/STM32F4xx_HAL_Driver/Src/stm32f4xx_hal_uart.o
                0x0000000008004784                HAL_UART_IRQHandler
 .text.HAL_UART_TxCpltCallback
                0x0000000008004984       0x14 Drivers/STM32F4xx_HAL_Driver/Src/stm32f4xx_hal_uart.o
                0x0000000008004984                HAL_UART_TxCpltCallback
 .text.HAL_UART_TxHalfCpltCallback
                0x0000000008004998       0x14 Drivers/STM32F4xx_HAL_Driver/Src/stm32f4xx_hal_uart.o
                0x0000000008004998                HAL_UART_TxHalfCpltCallback
 .text.HAL_UART_RxCpltCallback
                0x00000000080049ac       0x14 Drivers/STM32F4xx_HAL_Driver/Src/stm32f4xx_hal_uart.o
                0x00000000080049ac                HAL_UART_RxCpltCallback
 .text.HAL_UART_RxHalfCpltCallback
                0x00000000080049c0       0x14 Drivers/STM32F4xx_HAL_Driver/Src/stm32f4xx_hal_uart.o
                0x00000000080049c0                HAL_UART_RxHalfCpltCallback
 .text.HAL_UART_ErrorCallback
                0x00000000080049d4       0x14 Drivers/STM32F4xx_HAL_Driver/Src/stm32f4xx_hal_uart.o
                0x00000000080049d4                HAL_UART_ErrorCallback
 .text.UART_DMATransmitCplt
                0x00000000080049e8       0x52 Drivers/STM32F4xx_HAL_Driver/Src/stm32f4xx_hal_uart.o
 .text.UART_DMATxHalfCplt
                0x0000000008004a3a       0x1c Drivers/STM32F4xx_HAL_Driver/Src/stm32f4xx_hal_uart.o
 .text.UART_DMAReceiveCplt
                0x0000000008004a56       0x68 Drivers/STM32F4xx_HAL_Driver/Src/stm32f4xx_hal_uart.o
 .text.UART_DMARxHalfCplt
                0x0000000008004abe       0x1c Drivers/STM32F4xx_HAL_Driver/Src/stm32f4xx_hal_uart.o
 .text.UART_DMAError
                0x0000000008004ada       0x94 Drivers/STM32F4xx_HAL_Driver/Src/stm32f4xx_hal_uart.o
 .text.UART_EndTxTransfer
                0x0000000008004b6e       0x2c Drivers/STM32F4xx_HAL_Driver/Src/stm32f4xx_hal_uart.o
 .text.UART_EndRxTransfer
                0x0000000008004b9a       0x3c Drivers/STM32F4xx_HAL_Driver/Src/stm32f4xx_hal_uart.o
 .text.UART_DMAAbortOnError
                0x0000000008004bd6       0x28 Drivers/STM32F4xx_HAL_Driver/Src/stm32f4xx_hal_uart.o
 .text.UART_Transmit_IT
                0x0000000008004bfe       0xac Drivers/STM32F4xx_HAL_Driver/Src/stm32f4xx_hal_uart.o
 .text.UART_EndTransmit_IT
                0x0000000008004caa       0x30 Drivers/STM32F4xx_HAL_Driver/Src/stm32f4xx_hal_uart.o
 .text.UART_Receive_IT
                0x0000000008004cda      0x102 Drivers/STM32F4xx_HAL_Driver/Src/stm32f4xx_hal_uart.o
 .text.UART_SetConfig
                0x0000000008004ddc      0x780 Drivers/STM32F4xx_HAL_Driver/Src/stm32f4xx_hal_uart.o
 .text.spiTradeByte
                0x000000000800555c       0x2c Src/EEPROM.o
                0x000000000800555c                spiTradeByte
 .text.EEPROM_read
                0x0000000008005588       0x58 Src/EEPROM.o
                0x0000000008005588                EEPROM_read
 .text.EEPROM_readSettings
                0x00000000080055e0       0x68 Src/EEPROM.o
                0x00000000080055e0                EEPROM_readSettings
 .text.EEPROM_write
                0x0000000008005648       0x7c Src/EEPROM.o
                0x0000000008005648                EEPROM_write
 .text.EEPROM_write_multiple
                0x00000000080056c4       0x8c Src/EEPROM.o
                0x00000000080056c4                EEPROM_write_multiple
 .text.EEPROM_add_archive_entry
                0x0000000008005750      0x180 Src/EEPROM.o
                0x0000000008005750                EEPROM_add_archive_entry
 .text.EEPROM_read_archive_entry
                0x00000000080058d0       0xe8 Src/EEPROM.o
                0x00000000080058d0                EEPROM_read_archive_entry
 .text.erase_archive
                0x00000000080059b8       0xc0 Src/EEPROM.o
                0x00000000080059b8                erase_archive
 .text.OLED_Power
                0x0000000008005a78       0x34 Src/OLED.o
                0x0000000008005a78                OLED_Power
 .text.OLED_Reset
                0x0000000008005aac       0x38 Src/OLED.o
                0x0000000008005aac                OLED_Reset
 .text.OLED_WriteData
                0x0000000008005ae4       0x4c Src/OLED.o
                0x0000000008005ae4                OLED_WriteData
 .text.OLED_WriteCmd
                0x0000000008005b30       0x4c Src/OLED.o
                0x0000000008005b30                OLED_WriteCmd
 .text.OLED_Init
                0x0000000008005b7c      0x152 Src/OLED.o
                0x0000000008005b7c                OLED_Init
 .text.OLED_CLEAR
                0x0000000008005cce       0x4e Src/OLED.o
                0x0000000008005cce                OLED_CLEAR
 .text.OLED_font_5x7
                0x0000000008005d1c       0xe0 Src/OLED.o
                0x0000000008005d1c                OLED_font_5x7
 .text.OLED_font_10x14
                0x0000000008005dfc       0xec Src/OLED.o
                0x0000000008005dfc                OLED_font_10x14
 .text.OLED_font_15x24
                0x0000000008005ee8      0x1ec Src/OLED.o
                0x0000000008005ee8                OLED_font_15x24
 .text.OLED_font_20x32
                0x00000000080060d4      0x1c0 Src/OLED.o
                0x00000000080060d4                OLED_font_20x32
 .text.OLED_PutStr
                0x0000000008006294      0x138 Src/OLED.o
                0x0000000008006294                OLED_PutStr
 .text.OLED_bitmap
                0x00000000080063cc       0xac Src/OLED.o
                0x00000000080063cc                OLED_bitmap
 .text.register_on_key_press_callback
                0x0000000008006478       0x20 Src/kbd.o
                0x0000000008006478                register_on_key_press_callback
 .text.isr_kbd  0x0000000008006498       0xec Src/kbd.o
                0x0000000008006498                isr_kbd
 .text.kbd_event_handler
                0x0000000008006584       0x80 Src/kbd.o
                0x0000000008006584                kbd_event_handler
 .text.CalcChecksum
                0x0000000008006604       0x42 Src/main.o
                0x0000000008006604                CalcChecksum
 *fill*         0x0000000008006646        0x2 
 .text.No_of_days_a_month
                0x0000000008006648       0xac Src/main.o
                0x0000000008006648                No_of_days_a_month
 .text.verify_date
                0x00000000080066f4      0x2a0 Src/main.o
                0x00000000080066f4                verify_date
 .text.fetch_date_time
                0x0000000008006994       0x54 Src/main.o
                0x0000000008006994                fetch_date_time
 .text.verify_settings
                0x00000000080069e8      0x1ac Src/main.o
                0x00000000080069e8                verify_settings
 .text.reset_screen_saver
                0x0000000008006b94       0x30 Src/main.o
                0x0000000008006b94                reset_screen_saver
 .text.exit_main_menu
                0x0000000008006bc4       0x4c Src/main.o
                0x0000000008006bc4                exit_main_menu
 .text.MM_up_one_level
                0x0000000008006c10       0x3c Src/main.o
                0x0000000008006c10                MM_up_one_level
 .text.drawFrame
                0x0000000008006c4c     0x1eb8 Src/main.o
                0x0000000008006c4c                drawFrame
 .text.main_menu
                0x0000000008008b04       0x2c Src/main.o
                0x0000000008008b04                main_menu
 .text.key_down_callback
                0x0000000008008b30      0x9e0 Src/main.o
                0x0000000008008b30                key_down_callback
 .text.USER_UART2_IDLE_Callback
                0x0000000008009510      0x18c Src/main.o
                0x0000000008009510                USER_UART2_IDLE_Callback
 .text.USER_UART6_IDLE_Callback
                0x000000000800969c      0x3c0 Src/main.o
                0x000000000800969c                USER_UART6_IDLE_Callback
 .text.main     0x0000000008009a5c      0x9e4 Src/main.o
                0x0000000008009a5c                main
 .text.SystemClock_Config
                0x000000000800a440      0x114 Src/main.o
                0x000000000800a440                SystemClock_Config
 .text.MX_RTC_Init
                0x000000000800a554       0xc0 Src/main.o
 .text.MX_SPI1_Init
                0x000000000800a614       0x6c Src/main.o
 .text.MX_SPI2_Init
                0x000000000800a680       0x6c Src/main.o
 .text.MX_TIM6_Init
                0x000000000800a6ec       0x6c Src/main.o
 .text.MX_USART2_UART_Init
                0x000000000800a758       0x54 Src/main.o
 .text.MX_USART6_UART_Init
                0x000000000800a7ac       0x54 Src/main.o
 .text.MX_DMA_Init
                0x000000000800a800       0x8c Src/main.o
 .text.MX_GPIO_Init
                0x000000000800a88c      0x1e0 Src/main.o
 .text.HAL_TIM_PeriodElapsedCallback
                0x000000000800aa6c       0x84 Src/main.o
                0x000000000800aa6c                HAL_TIM_PeriodElapsedCallback
 .text.HAL_RTC_AlarmAEventCallback
                0x000000000800aaf0      0x13c Src/main.o
                0x000000000800aaf0                HAL_RTC_AlarmAEventCallback
 .text.Error_Handler
                0x000000000800ac2c        0xe Src/main.o
                0x000000000800ac2c                Error_Handler
 *fill*         0x000000000800ac3a        0x2 
 .text.HAL_MspInit
                0x000000000800ac3c       0x50 Src/stm32f4xx_hal_msp.o
                0x000000000800ac3c                HAL_MspInit
 .text.HAL_RTC_MspInit
                0x000000000800ac8c       0x38 Src/stm32f4xx_hal_msp.o
                0x000000000800ac8c                HAL_RTC_MspInit
 .text.HAL_SPI_MspInit
                0x000000000800acc4       0xfc Src/stm32f4xx_hal_msp.o
                0x000000000800acc4                HAL_SPI_MspInit
 .text.HAL_TIM_Base_MspInit
                0x000000000800adc0       0x50 Src/stm32f4xx_hal_msp.o
                0x000000000800adc0                HAL_TIM_Base_MspInit
 .text.HAL_UART_MspInit
                0x000000000800ae10      0x2b0 Src/stm32f4xx_hal_msp.o
                0x000000000800ae10                HAL_UART_MspInit
 .text.NMI_Handler
                0x000000000800b0c0        0xe Src/stm32f4xx_it.o
                0x000000000800b0c0                NMI_Handler
 .text.HardFault_Handler
                0x000000000800b0ce        0x6 Src/stm32f4xx_it.o
                0x000000000800b0ce                HardFault_Handler
 .text.MemManage_Handler
                0x000000000800b0d4        0x6 Src/stm32f4xx_it.o
                0x000000000800b0d4                MemManage_Handler
 .text.BusFault_Handler
                0x000000000800b0da        0x6 Src/stm32f4xx_it.o
                0x000000000800b0da                BusFault_Handler
 .text.UsageFault_Handler
                0x000000000800b0e0        0x6 Src/stm32f4xx_it.o
                0x000000000800b0e0                UsageFault_Handler
 .text.SVC_Handler
                0x000000000800b0e6        0xe Src/stm32f4xx_it.o
                0x000000000800b0e6                SVC_Handler
 .text.DebugMon_Handler
                0x000000000800b0f4        0xe Src/stm32f4xx_it.o
                0x000000000800b0f4                DebugMon_Handler
 .text.PendSV_Handler
                0x000000000800b102        0xe Src/stm32f4xx_it.o
                0x000000000800b102                PendSV_Handler
 .text.SysTick_Handler
                0x000000000800b110        0xc Src/stm32f4xx_it.o
                0x000000000800b110                SysTick_Handler
 .text.DMA1_Stream5_IRQHandler
                0x000000000800b11c       0x14 Src/stm32f4xx_it.o
                0x000000000800b11c                DMA1_Stream5_IRQHandler
 .text.DMA1_Stream6_IRQHandler
                0x000000000800b130       0x14 Src/stm32f4xx_it.o
                0x000000000800b130                DMA1_Stream6_IRQHandler
 .text.USART2_IRQHandler
                0x000000000800b144       0x18 Src/stm32f4xx_it.o
                0x000000000800b144                USART2_IRQHandler
 .text.RTC_Alarm_IRQHandler
                0x000000000800b15c       0x14 Src/stm32f4xx_it.o
                0x000000000800b15c                RTC_Alarm_IRQHandler
 .text.TIM6_DAC_IRQHandler
                0x000000000800b170       0x14 Src/stm32f4xx_it.o
                0x000000000800b170                TIM6_DAC_IRQHandler
 .text.DMA2_Stream1_IRQHandler
                0x000000000800b184       0x14 Src/stm32f4xx_it.o
                0x000000000800b184                DMA2_Stream1_IRQHandler
 .text.DMA2_Stream6_IRQHandler
                0x000000000800b198       0x14 Src/stm32f4xx_it.o
                0x000000000800b198                DMA2_Stream6_IRQHandler
 .text.USART6_IRQHandler
                0x000000000800b1ac       0x18 Src/stm32f4xx_it.o
                0x000000000800b1ac                USART6_IRQHandler
 .text.USER_UART_IRQHandler
                0x000000000800b1c4       0x8c Src/stm32f4xx_it.o
                0x000000000800b1c4                USER_UART_IRQHandler
 .text._getpid  0x000000000800b250       0x10 Src/syscalls.o
                0x000000000800b250                _getpid
 .text._kill    0x000000000800b260       0x20 Src/syscalls.o
                0x000000000800b260                _kill
 .text._exit    0x000000000800b280       0x14 Src/syscalls.o
                0x000000000800b280                _exit
 .text._read    0x000000000800b294       0x3a Src/syscalls.o
                0x000000000800b294                _read
 .text._write   0x000000000800b2ce       0x38 Src/syscalls.o
                0x000000000800b2ce                _write
 *fill*         0x000000000800b306        0x2 
 .text._sbrk    0x000000000800b308       0x58 Src/syscalls.o
                0x000000000800b308                _sbrk
 .text._close   0x000000000800b360       0x18 Src/syscalls.o
                0x000000000800b360                _close
 .text._fstat   0x000000000800b378       0x20 Src/syscalls.o
                0x000000000800b378                _fstat
 .text._isatty  0x000000000800b398       0x16 Src/syscalls.o
                0x000000000800b398                _isatty
 .text._lseek   0x000000000800b3ae       0x1a Src/syscalls.o
                0x000000000800b3ae                _lseek
 .text.SystemInit
                0x000000000800b3c8       0x2c Src/system_stm32f4xx.o
                0x000000000800b3c8                SystemInit
 .text.Reset_Handler
                0x000000000800b3f4       0x50 startup/startup_stm32f413xx.o
                0x000000000800b3f4                Reset_Handler
 .text.Default_Handler
                0x000000000800b444        0x2 startup/startup_stm32f413xx.o
                0x000000000800b444                EXTI2_IRQHandler
                0x000000000800b444                TIM8_CC_IRQHandler
                0x000000000800b444                UART8_IRQHandler
                0x000000000800b444                FMPI2C1_EV_IRQHandler
                0x000000000800b444                SPI4_IRQHandler
                0x000000000800b444                TIM1_CC_IRQHandler
                0x000000000800b444                DMA2_Stream5_IRQHandler
                0x000000000800b444                CAN3_RX1_IRQHandler
                0x000000000800b444                PVD_IRQHandler
                0x000000000800b444                SDIO_IRQHandler
                0x000000000800b444                TAMP_STAMP_IRQHandler
                0x000000000800b444                CAN2_RX1_IRQHandler
                0x000000000800b444                EXTI3_IRQHandler
                0x000000000800b444                TIM8_TRG_COM_TIM14_IRQHandler
                0x000000000800b444                DFSDM1_FLT1_IRQHandler
                0x000000000800b444                TIM1_UP_TIM10_IRQHandler
                0x000000000800b444                TIM8_UP_TIM13_IRQHandler
                0x000000000800b444                I2C3_ER_IRQHandler
                0x000000000800b444                EXTI0_IRQHandler
                0x000000000800b444                I2C2_EV_IRQHandler
                0x000000000800b444                DMA1_Stream2_IRQHandler
                0x000000000800b444                CAN1_RX0_IRQHandler
                0x000000000800b444                FPU_IRQHandler
                0x000000000800b444                CAN3_SCE_IRQHandler
                0x000000000800b444                CAN2_SCE_IRQHandler
                0x000000000800b444                DMA2_Stream2_IRQHandler
                0x000000000800b444                SPI1_IRQHandler
                0x000000000800b444                TIM1_BRK_TIM9_IRQHandler
                0x000000000800b444                CAN2_RX0_IRQHandler
                0x000000000800b444                DMA2_Stream3_IRQHandler
                0x000000000800b444                CAN3_RX0_IRQHandler
                0x000000000800b444                USART3_IRQHandler
                0x000000000800b444                DFSDM2_FLT3_IRQHandler
                0x000000000800b444                CAN1_RX1_IRQHandler
                0x000000000800b444                UART5_IRQHandler
                0x000000000800b444                DMA2_Stream0_IRQHandler
                0x000000000800b444                TIM4_IRQHandler
                0x000000000800b444                QUADSPI_IRQHandler
                0x000000000800b444                I2C1_EV_IRQHandler
                0x000000000800b444                DMA1_Stream1_IRQHandler
                0x000000000800b444                UART4_IRQHandler
                0x000000000800b444                TIM3_IRQHandler
                0x000000000800b444                RCC_IRQHandler
                0x000000000800b444                UART9_IRQHandler
                0x000000000800b444                TIM8_BRK_TIM12_IRQHandler
                0x000000000800b444                Default_Handler
                0x000000000800b444                EXTI15_10_IRQHandler
                0x000000000800b444                ADC_IRQHandler
                0x000000000800b444                DMA1_Stream7_IRQHandler
                0x000000000800b444                DFSDM2_FLT0_IRQHandler
                0x000000000800b444                SPI5_IRQHandler
                0x000000000800b444                TIM7_IRQHandler
                0x000000000800b444                CAN2_TX_IRQHandler
                0x000000000800b444                TIM5_IRQHandler
                0x000000000800b444                DMA2_Stream7_IRQHandler
                0x000000000800b444                I2C3_EV_IRQHandler
                0x000000000800b444                DFSDM2_FLT2_IRQHandler
                0x000000000800b444                EXTI9_5_IRQHandler
                0x000000000800b444                RTC_WKUP_IRQHandler
                0x000000000800b444                SPI2_IRQHandler
                0x000000000800b444                DMA1_Stream0_IRQHandler
                0x000000000800b444                CAN1_TX_IRQHandler
                0x000000000800b444                FMPI2C1_ER_IRQHandler
                0x000000000800b444                EXTI4_IRQHandler
                0x000000000800b444                DFSDM2_FLT1_IRQHandler
                0x000000000800b444                RNG_IRQHandler
                0x000000000800b444                FSMC_IRQHandler
                0x000000000800b444                WWDG_IRQHandler
                0x000000000800b444                CAN3_TX_IRQHandler
                0x000000000800b444                TIM2_IRQHandler
                0x000000000800b444                OTG_FS_WKUP_IRQHandler
                0x000000000800b444                TIM1_TRG_COM_TIM11_IRQHandler
                0x000000000800b444                EXTI1_IRQHandler
                0x000000000800b444                UART7_IRQHandler
                0x000000000800b444                DFSDM1_FLT0_IRQHandler
                0x000000000800b444                I2C2_ER_IRQHandler
                0x000000000800b444                CAN1_SCE_IRQHandler
                0x000000000800b444                FLASH_IRQHandler
                0x000000000800b444                DMA2_Stream4_IRQHandler
                0x000000000800b444                USART1_IRQHandler
                0x000000000800b444                OTG_FS_IRQHandler
                0x000000000800b444                SPI3_IRQHandler
                0x000000000800b444                DMA1_Stream4_IRQHandler
                0x000000000800b444                I2C1_ER_IRQHandler
                0x000000000800b444                LPTIM1_IRQHandler
                0x000000000800b444                UART10_IRQHandler
                0x000000000800b444                SAI1_IRQHandler
                0x000000000800b444                DMA1_Stream3_IRQHandler
 *fill*         0x000000000800b446        0x2 
 .text.__errno  0x000000000800b448        0xc c:/programy/st/stm32cubeide_1.6.0/stm32cubeide/plugins/com.st.stm32cube.ide.mcu.externaltools.gnu-tools-for-stm32.9-2020-q2-update.win32_1.5.0.202011040924/tools/bin/../lib/gcc/arm-none-eabi/9.3.1/../../../../arm-none-eabi/lib/thumb/v7e-m+fp/hard\libc_nano.a(lib_a-errno.o)
                0x000000000800b448                __errno
 .text.__libc_init_array
                0x000000000800b454       0x48 c:/programy/st/stm32cubeide_1.6.0/stm32cubeide/plugins/com.st.stm32cube.ide.mcu.externaltools.gnu-tools-for-stm32.9-2020-q2-update.win32_1.5.0.202011040924/tools/bin/../lib/gcc/arm-none-eabi/9.3.1/../../../../arm-none-eabi/lib/thumb/v7e-m+fp/hard\libc_nano.a(lib_a-init.o)
                0x000000000800b454                __libc_init_array
 .text.memcpy   0x000000000800b49c       0x1c c:/programy/st/stm32cubeide_1.6.0/stm32cubeide/plugins/com.st.stm32cube.ide.mcu.externaltools.gnu-tools-for-stm32.9-2020-q2-update.win32_1.5.0.202011040924/tools/bin/../lib/gcc/arm-none-eabi/9.3.1/../../../../arm-none-eabi/lib/thumb/v7e-m+fp/hard\libc_nano.a(lib_a-memcpy-stub.o)
                0x000000000800b49c                memcpy
 .text.memset   0x000000000800b4b8       0x10 c:/programy/st/stm32cubeide_1.6.0/stm32cubeide/plugins/com.st.stm32cube.ide.mcu.externaltools.gnu-tools-for-stm32.9-2020-q2-update.win32_1.5.0.202011040924/tools/bin/../lib/gcc/arm-none-eabi/9.3.1/../../../../arm-none-eabi/lib/thumb/v7e-m+fp/hard\libc_nano.a(lib_a-memset.o)
                0x000000000800b4b8                memset
 .text.__cvt    0x000000000800b4c8       0xc4 c:/programy/st/stm32cubeide_1.6.0/stm32cubeide/plugins/com.st.stm32cube.ide.mcu.externaltools.gnu-tools-for-stm32.9-2020-q2-update.win32_1.5.0.202011040924/tools/bin/../lib/gcc/arm-none-eabi/9.3.1/../../../../arm-none-eabi/lib/thumb/v7e-m+fp/hard\libc_nano.a(lib_a-nano-vfprintf_float.o)
                0x000000000800b4c8                __cvt
 .text.__exponent
                0x000000000800b58c       0x7c c:/programy/st/stm32cubeide_1.6.0/stm32cubeide/plugins/com.st.stm32cube.ide.mcu.externaltools.gnu-tools-for-stm32.9-2020-q2-update.win32_1.5.0.202011040924/tools/bin/../lib/gcc/arm-none-eabi/9.3.1/../../../../arm-none-eabi/lib/thumb/v7e-m+fp/hard\libc_nano.a(lib_a-nano-vfprintf_float.o)
                0x000000000800b58c                __exponent
 .text._printf_float
                0x000000000800b608      0x46c c:/programy/st/stm32cubeide_1.6.0/stm32cubeide/plugins/com.st.stm32cube.ide.mcu.externaltools.gnu-tools-for-stm32.9-2020-q2-update.win32_1.5.0.202011040924/tools/bin/../lib/gcc/arm-none-eabi/9.3.1/../../../../arm-none-eabi/lib/thumb/v7e-m+fp/hard\libc_nano.a(lib_a-nano-vfprintf_float.o)
                0x000000000800b608                _printf_float
 .text._printf_common
                0x000000000800ba74       0xda c:/programy/st/stm32cubeide_1.6.0/stm32cubeide/plugins/com.st.stm32cube.ide.mcu.externaltools.gnu-tools-for-stm32.9-2020-q2-update.win32_1.5.0.202011040924/tools/bin/../lib/gcc/arm-none-eabi/9.3.1/../../../../arm-none-eabi/lib/thumb/v7e-m+fp/hard\libc_nano.a(lib_a-nano-vfprintf_i.o)
                0x000000000800ba74                _printf_common
 *fill*         0x000000000800bb4e        0x2 
 .text._printf_i
                0x000000000800bb50      0x24c c:/programy/st/stm32cubeide_1.6.0/stm32cubeide/plugins/com.st.stm32cube.ide.mcu.externaltools.gnu-tools-for-stm32.9-2020-q2-update.win32_1.5.0.202011040924/tools/bin/../lib/gcc/arm-none-eabi/9.3.1/../../../../arm-none-eabi/lib/thumb/v7e-m+fp/hard\libc_nano.a(lib_a-nano-vfprintf_i.o)
                0x000000000800bb50                _printf_i
 .text.sprintf  0x000000000800bd9c       0x40 c:/programy/st/stm32cubeide_1.6.0/stm32cubeide/plugins/com.st.stm32cube.ide.mcu.externaltools.gnu-tools-for-stm32.9-2020-q2-update.win32_1.5.0.202011040924/tools/bin/../lib/gcc/arm-none-eabi/9.3.1/../../../../arm-none-eabi/lib/thumb/v7e-m+fp/hard\libc_nano.a(lib_a-sprintf.o)
                0x000000000800bd9c                siprintf
                0x000000000800bd9c                sprintf
 .text.quorem   0x000000000800bddc      0x116 c:/programy/st/stm32cubeide_1.6.0/stm32cubeide/plugins/com.st.stm32cube.ide.mcu.externaltools.gnu-tools-for-stm32.9-2020-q2-update.win32_1.5.0.202011040924/tools/bin/../lib/gcc/arm-none-eabi/9.3.1/../../../../arm-none-eabi/lib/thumb/v7e-m+fp/hard\libc_nano.a(lib_a-dtoa.o)
 *fill*         0x000000000800bef2        0x6 
 .text._dtoa_r  0x000000000800bef8      0xbd8 c:/programy/st/stm32cubeide_1.6.0/stm32cubeide/plugins/com.st.stm32cube.ide.mcu.externaltools.gnu-tools-for-stm32.9-2020-q2-update.win32_1.5.0.202011040924/tools/bin/../lib/gcc/arm-none-eabi/9.3.1/../../../../arm-none-eabi/lib/thumb/v7e-m+fp/hard\libc_nano.a(lib_a-dtoa.o)
                0x000000000800bef8                _dtoa_r
 .text._localeconv_r
                0x000000000800cad0        0x8 c:/programy/st/stm32cubeide_1.6.0/stm32cubeide/plugins/com.st.stm32cube.ide.mcu.externaltools.gnu-tools-for-stm32.9-2020-q2-update.win32_1.5.0.202011040924/tools/bin/../lib/gcc/arm-none-eabi/9.3.1/../../../../arm-none-eabi/lib/thumb/v7e-m+fp/hard\libc_nano.a(lib_a-localeconv.o)
                0x000000000800cad0                _localeconv_r
 .text.malloc   0x000000000800cad8       0x10 c:/programy/st/stm32cubeide_1.6.0/stm32cubeide/plugins/com.st.stm32cube.ide.mcu.externaltools.gnu-tools-for-stm32.9-2020-q2-update.win32_1.5.0.202011040924/tools/bin/../lib/gcc/arm-none-eabi/9.3.1/../../../../arm-none-eabi/lib/thumb/v7e-m+fp/hard\libc_nano.a(lib_a-malloc.o)
                0x000000000800cad8                malloc
 .text._Balloc  0x000000000800cae8       0x80 c:/programy/st/stm32cubeide_1.6.0/stm32cubeide/plugins/com.st.stm32cube.ide.mcu.externaltools.gnu-tools-for-stm32.9-2020-q2-update.win32_1.5.0.202011040924/tools/bin/../lib/gcc/arm-none-eabi/9.3.1/../../../../arm-none-eabi/lib/thumb/v7e-m+fp/hard\libc_nano.a(lib_a-mprec.o)
                0x000000000800cae8                _Balloc
 .text._Bfree   0x000000000800cb68       0x44 c:/programy/st/stm32cubeide_1.6.0/stm32cubeide/plugins/com.st.stm32cube.ide.mcu.externaltools.gnu-tools-for-stm32.9-2020-q2-update.win32_1.5.0.202011040924/tools/bin/../lib/gcc/arm-none-eabi/9.3.1/../../../../arm-none-eabi/lib/thumb/v7e-m+fp/hard\libc_nano.a(lib_a-mprec.o)
                0x000000000800cb68                _Bfree
 .text.__multadd
                0x000000000800cbac       0x94 c:/programy/st/stm32cubeide_1.6.0/stm32cubeide/plugins/com.st.stm32cube.ide.mcu.externaltools.gnu-tools-for-stm32.9-2020-q2-update.win32_1.5.0.202011040924/tools/bin/../lib/gcc/arm-none-eabi/9.3.1/../../../../arm-none-eabi/lib/thumb/v7e-m+fp/hard\libc_nano.a(lib_a-mprec.o)
                0x000000000800cbac                __multadd
 .text.__hi0bits
                0x000000000800cc40       0x40 c:/programy/st/stm32cubeide_1.6.0/stm32cubeide/plugins/com.st.stm32cube.ide.mcu.externaltools.gnu-tools-for-stm32.9-2020-q2-update.win32_1.5.0.202011040924/tools/bin/../lib/gcc/arm-none-eabi/9.3.1/../../../../arm-none-eabi/lib/thumb/v7e-m+fp/hard\libc_nano.a(lib_a-mprec.o)
                0x000000000800cc40                __hi0bits
 .text.__lo0bits
                0x000000000800cc80       0x60 c:/programy/st/stm32cubeide_1.6.0/stm32cubeide/plugins/com.st.stm32cube.ide.mcu.externaltools.gnu-tools-for-stm32.9-2020-q2-update.win32_1.5.0.202011040924/tools/bin/../lib/gcc/arm-none-eabi/9.3.1/../../../../arm-none-eabi/lib/thumb/v7e-m+fp/hard\libc_nano.a(lib_a-mprec.o)
                0x000000000800cc80                __lo0bits
 .text.__i2b    0x000000000800cce0       0x2c c:/programy/st/stm32cubeide_1.6.0/stm32cubeide/plugins/com.st.stm32cube.ide.mcu.externaltools.gnu-tools-for-stm32.9-2020-q2-update.win32_1.5.0.202011040924/tools/bin/../lib/gcc/arm-none-eabi/9.3.1/../../../../arm-none-eabi/lib/thumb/v7e-m+fp/hard\libc_nano.a(lib_a-mprec.o)
                0x000000000800cce0                __i2b
 .text.__multiply
                0x000000000800cd0c      0x14c c:/programy/st/stm32cubeide_1.6.0/stm32cubeide/plugins/com.st.stm32cube.ide.mcu.externaltools.gnu-tools-for-stm32.9-2020-q2-update.win32_1.5.0.202011040924/tools/bin/../lib/gcc/arm-none-eabi/9.3.1/../../../../arm-none-eabi/lib/thumb/v7e-m+fp/hard\libc_nano.a(lib_a-mprec.o)
                0x000000000800cd0c                __multiply
 .text.__pow5mult
                0x000000000800ce58       0xb4 c:/programy/st/stm32cubeide_1.6.0/stm32cubeide/plugins/com.st.stm32cube.ide.mcu.externaltools.gnu-tools-for-stm32.9-2020-q2-update.win32_1.5.0.202011040924/tools/bin/../lib/gcc/arm-none-eabi/9.3.1/../../../../arm-none-eabi/lib/thumb/v7e-m+fp/hard\libc_nano.a(lib_a-mprec.o)
                0x000000000800ce58                __pow5mult
 .text.__lshift
                0x000000000800cf0c       0xd8 c:/programy/st/stm32cubeide_1.6.0/stm32cubeide/plugins/com.st.stm32cube.ide.mcu.externaltools.gnu-tools-for-stm32.9-2020-q2-update.win32_1.5.0.202011040924/tools/bin/../lib/gcc/arm-none-eabi/9.3.1/../../../../arm-none-eabi/lib/thumb/v7e-m+fp/hard\libc_nano.a(lib_a-mprec.o)
                0x000000000800cf0c                __lshift
 .text.__mcmp   0x000000000800cfe4       0x38 c:/programy/st/stm32cubeide_1.6.0/stm32cubeide/plugins/com.st.stm32cube.ide.mcu.externaltools.gnu-tools-for-stm32.9-2020-q2-update.win32_1.5.0.202011040924/tools/bin/../lib/gcc/arm-none-eabi/9.3.1/../../../../arm-none-eabi/lib/thumb/v7e-m+fp/hard\libc_nano.a(lib_a-mprec.o)
                0x000000000800cfe4                __mcmp
 .text.__mdiff  0x000000000800d01c      0x110 c:/programy/st/stm32cubeide_1.6.0/stm32cubeide/plugins/com.st.stm32cube.ide.mcu.externaltools.gnu-tools-for-stm32.9-2020-q2-update.win32_1.5.0.202011040924/tools/bin/../lib/gcc/arm-none-eabi/9.3.1/../../../../arm-none-eabi/lib/thumb/v7e-m+fp/hard\libc_nano.a(lib_a-mprec.o)
                0x000000000800d01c                __mdiff
 .text.__d2b    0x000000000800d12c       0xb8 c:/programy/st/stm32cubeide_1.6.0/stm32cubeide/plugins/com.st.stm32cube.ide.mcu.externaltools.gnu-tools-for-stm32.9-2020-q2-update.win32_1.5.0.202011040924/tools/bin/../lib/gcc/arm-none-eabi/9.3.1/../../../../arm-none-eabi/lib/thumb/v7e-m+fp/hard\libc_nano.a(lib_a-mprec.o)
                0x000000000800d12c                __d2b
 .text._calloc_r
                0x000000000800d1e4       0x1e c:/programy/st/stm32cubeide_1.6.0/stm32cubeide/plugins/com.st.stm32cube.ide.mcu.externaltools.gnu-tools-for-stm32.9-2020-q2-update.win32_1.5.0.202011040924/tools/bin/../lib/gcc/arm-none-eabi/9.3.1/../../../../arm-none-eabi/lib/thumb/v7e-m+fp/hard\libc_nano.a(lib_a-nano-callocr.o)
                0x000000000800d1e4                _calloc_r
 *fill*         0x000000000800d202        0x2 
 .text._free_r  0x000000000800d204       0xa0 c:/programy/st/stm32cubeide_1.6.0/stm32cubeide/plugins/com.st.stm32cube.ide.mcu.externaltools.gnu-tools-for-stm32.9-2020-q2-update.win32_1.5.0.202011040924/tools/bin/../lib/gcc/arm-none-eabi/9.3.1/../../../../arm-none-eabi/lib/thumb/v7e-m+fp/hard\libc_nano.a(lib_a-nano-freer.o)
                0x000000000800d204                _free_r
 .text._malloc_r
                0x000000000800d2a4       0xb4 c:/programy/st/stm32cubeide_1.6.0/stm32cubeide/plugins/com.st.stm32cube.ide.mcu.externaltools.gnu-tools-for-stm32.9-2020-q2-update.win32_1.5.0.202011040924/tools/bin/../lib/gcc/arm-none-eabi/9.3.1/../../../../arm-none-eabi/lib/thumb/v7e-m+fp/hard\libc_nano.a(lib_a-nano-mallocr.o)
                0x000000000800d2a4                _malloc_r
 .text.__ssputs_r
                0x000000000800d358       0xb6 c:/programy/st/stm32cubeide_1.6.0/stm32cubeide/plugins/com.st.stm32cube.ide.mcu.externaltools.gnu-tools-for-stm32.9-2020-q2-update.win32_1.5.0.202011040924/tools/bin/../lib/gcc/arm-none-eabi/9.3.1/../../../../arm-none-eabi/lib/thumb/v7e-m+fp/hard\libc_nano.a(lib_a-nano-svfprintf.o)
                0x000000000800d358                __ssputs_r
 *fill*         0x000000000800d40e        0x2 
 .text._svfprintf_r
                0x000000000800d410      0x200 c:/programy/st/stm32cubeide_1.6.0/stm32cubeide/plugins/com.st.stm32cube.ide.mcu.externaltools.gnu-tools-for-stm32.9-2020-q2-update.win32_1.5.0.202011040924/tools/bin/../lib/gcc/arm-none-eabi/9.3.1/../../../../arm-none-eabi/lib/thumb/v7e-m+fp/hard\libc_nano.a(lib_a-nano-svfprintf.o)
                0x000000000800d410                _svfiprintf_r
                0x000000000800d410                _svfprintf_r
 .text._sbrk_r  0x000000000800d610       0x20 c:/programy/st/stm32cubeide_1.6.0/stm32cubeide/plugins/com.st.stm32cube.ide.mcu.externaltools.gnu-tools-for-stm32.9-2020-q2-update.win32_1.5.0.202011040924/tools/bin/../lib/gcc/arm-none-eabi/9.3.1/../../../../arm-none-eabi/lib/thumb/v7e-m+fp/hard\libc_nano.a(lib_a-sbrkr.o)
                0x000000000800d610                _sbrk_r
 .text.__assert_func
                0x000000000800d630       0x3c c:/programy/st/stm32cubeide_1.6.0/stm32cubeide/plugins/com.st.stm32cube.ide.mcu.externaltools.gnu-tools-for-stm32.9-2020-q2-update.win32_1.5.0.202011040924/tools/bin/../lib/gcc/arm-none-eabi/9.3.1/../../../../arm-none-eabi/lib/thumb/v7e-m+fp/hard\libc_nano.a(lib_a-assert.o)
                0x000000000800d630                __assert_func
 .text.fprintf  0x000000000800d66c       0x24 c:/programy/st/stm32cubeide_1.6.0/stm32cubeide/plugins/com.st.stm32cube.ide.mcu.externaltools.gnu-tools-for-stm32.9-2020-q2-update.win32_1.5.0.202011040924/tools/bin/../lib/gcc/arm-none-eabi/9.3.1/../../../../arm-none-eabi/lib/thumb/v7e-m+fp/hard\libc_nano.a(lib_a-fprintf.o)
                0x000000000800d66c                fiprintf
                0x000000000800d66c                fprintf
 .text.__ascii_mbtowc
                0x000000000800d690       0x24 c:/programy/st/stm32cubeide_1.6.0/stm32cubeide/plugins/com.st.stm32cube.ide.mcu.externaltools.gnu-tools-for-stm32.9-2020-q2-update.win32_1.5.0.202011040924/tools/bin/../lib/gcc/arm-none-eabi/9.3.1/../../../../arm-none-eabi/lib/thumb/v7e-m+fp/hard\libc_nano.a(lib_a-mbtowc_r.o)
                0x000000000800d690                __ascii_mbtowc
 .text.memmove  0x000000000800d6b4       0x34 c:/programy/st/stm32cubeide_1.6.0/stm32cubeide/plugins/com.st.stm32cube.ide.mcu.externaltools.gnu-tools-for-stm32.9-2020-q2-update.win32_1.5.0.202011040924/tools/bin/../lib/gcc/arm-none-eabi/9.3.1/../../../../arm-none-eabi/lib/thumb/v7e-m+fp/hard\libc_nano.a(lib_a-memmove.o)
                0x000000000800d6b4                memmove
 .text.__malloc_lock
                0x000000000800d6e8        0xc c:/programy/st/stm32cubeide_1.6.0/stm32cubeide/plugins/com.st.stm32cube.ide.mcu.externaltools.gnu-tools-for-stm32.9-2020-q2-update.win32_1.5.0.202011040924/tools/bin/../lib/gcc/arm-none-eabi/9.3.1/../../../../arm-none-eabi/lib/thumb/v7e-m+fp/hard\libc_nano.a(lib_a-mlock.o)
                0x000000000800d6e8                __malloc_lock
 .text.__malloc_unlock
                0x000000000800d6f4        0xc c:/programy/st/stm32cubeide_1.6.0/stm32cubeide/plugins/com.st.stm32cube.ide.mcu.externaltools.gnu-tools-for-stm32.9-2020-q2-update.win32_1.5.0.202011040924/tools/bin/../lib/gcc/arm-none-eabi/9.3.1/../../../../arm-none-eabi/lib/thumb/v7e-m+fp/hard\libc_nano.a(lib_a-mlock.o)
                0x000000000800d6f4                __malloc_unlock
 .text._realloc_r
                0x000000000800d700       0x4c c:/programy/st/stm32cubeide_1.6.0/stm32cubeide/plugins/com.st.stm32cube.ide.mcu.externaltools.gnu-tools-for-stm32.9-2020-q2-update.win32_1.5.0.202011040924/tools/bin/../lib/gcc/arm-none-eabi/9.3.1/../../../../arm-none-eabi/lib/thumb/v7e-m+fp/hard\libc_nano.a(lib_a-nano-reallocr.o)
                0x000000000800d700                _realloc_r
 .text.__sfputc_r
                0x000000000800d74c       0x2e c:/programy/st/stm32cubeide_1.6.0/stm32cubeide/plugins/com.st.stm32cube.ide.mcu.externaltools.gnu-tools-for-stm32.9-2020-q2-update.win32_1.5.0.202011040924/tools/bin/../lib/gcc/arm-none-eabi/9.3.1/../../../../arm-none-eabi/lib/thumb/v7e-m+fp/hard\libc_nano.a(lib_a-nano-vfprintf.o)
 .text.__sfputs_r
                0x000000000800d77a       0x24 c:/programy/st/stm32cubeide_1.6.0/stm32cubeide/plugins/com.st.stm32cube.ide.mcu.externaltools.gnu-tools-for-stm32.9-2020-q2-update.win32_1.5.0.202011040924/tools/bin/../lib/gcc/arm-none-eabi/9.3.1/../../../../arm-none-eabi/lib/thumb/v7e-m+fp/hard\libc_nano.a(lib_a-nano-vfprintf.o)
                0x000000000800d77a                __sfputs_r
 *fill*         0x000000000800d79e        0x2 
 .text._vfprintf_r
                0x000000000800d7a0      0x260 c:/programy/st/stm32cubeide_1.6.0/stm32cubeide/plugins/com.st.stm32cube.ide.mcu.externaltools.gnu-tools-for-stm32.9-2020-q2-update.win32_1.5.0.202011040924/tools/bin/../lib/gcc/arm-none-eabi/9.3.1/../../../../arm-none-eabi/lib/thumb/v7e-m+fp/hard\libc_nano.a(lib_a-nano-vfprintf.o)
                0x000000000800d7a0                _vfprintf_r
                0x000000000800d7a0                _vfiprintf_r
 .text.__swbuf_r
                0x000000000800da00       0xa4 c:/programy/st/stm32cubeide_1.6.0/stm32cubeide/plugins/com.st.stm32cube.ide.mcu.externaltools.gnu-tools-for-stm32.9-2020-q2-update.win32_1.5.0.202011040924/tools/bin/../lib/gcc/arm-none-eabi/9.3.1/../../../../arm-none-eabi/lib/thumb/v7e-m+fp/hard\libc_nano.a(lib_a-wbuf.o)
                0x000000000800da00                __swbuf_r
 .text.__ascii_wctomb
                0x000000000800daa4       0x1a c:/programy/st/stm32cubeide_1.6.0/stm32cubeide/plugins/com.st.stm32cube.ide.mcu.externaltools.gnu-tools-for-stm32.9-2020-q2-update.win32_1.5.0.202011040924/tools/bin/../lib/gcc/arm-none-eabi/9.3.1/../../../../arm-none-eabi/lib/thumb/v7e-m+fp/hard\libc_nano.a(lib_a-wctomb_r.o)
                0x000000000800daa4                __ascii_wctomb
 *fill*         0x000000000800dabe        0x2 
 .text.__swsetup_r
                0x000000000800dac0       0xdc c:/programy/st/stm32cubeide_1.6.0/stm32cubeide/plugins/com.st.stm32cube.ide.mcu.externaltools.gnu-tools-for-stm32.9-2020-q2-update.win32_1.5.0.202011040924/tools/bin/../lib/gcc/arm-none-eabi/9.3.1/../../../../arm-none-eabi/lib/thumb/v7e-m+fp/hard\libc_nano.a(lib_a-wsetup.o)
                0x000000000800dac0                __swsetup_r
 .text.abort    0x000000000800db9c        0xe c:/programy/st/stm32cubeide_1.6.0/stm32cubeide/plugins/com.st.stm32cube.ide.mcu.externaltools.gnu-tools-for-stm32.9-2020-q2-update.win32_1.5.0.202011040924/tools/bin/../lib/gcc/arm-none-eabi/9.3.1/../../../../arm-none-eabi/lib/thumb/v7e-m+fp/hard\libc_nano.a(lib_a-abort.o)
                0x000000000800db9c                abort
 *fill*         0x000000000800dbaa        0x2 
 .text.__sflush_r
                0x000000000800dbac      0x10c c:/programy/st/stm32cubeide_1.6.0/stm32cubeide/plugins/com.st.stm32cube.ide.mcu.externaltools.gnu-tools-for-stm32.9-2020-q2-update.win32_1.5.0.202011040924/tools/bin/../lib/gcc/arm-none-eabi/9.3.1/../../../../arm-none-eabi/lib/thumb/v7e-m+fp/hard\libc_nano.a(lib_a-fflush.o)
                0x000000000800dbac                __sflush_r
 .text._fflush_r
                0x000000000800dcb8       0x78 c:/programy/st/stm32cubeide_1.6.0/stm32cubeide/plugins/com.st.stm32cube.ide.mcu.externaltools.gnu-tools-for-stm32.9-2020-q2-update.win32_1.5.0.202011040924/tools/bin/../lib/gcc/arm-none-eabi/9.3.1/../../../../arm-none-eabi/lib/thumb/v7e-m+fp/hard\libc_nano.a(lib_a-fflush.o)
                0x000000000800dcb8                _fflush_r
 .text.std      0x000000000800dd30       0x48 c:/programy/st/stm32cubeide_1.6.0/stm32cubeide/plugins/com.st.stm32cube.ide.mcu.externaltools.gnu-tools-for-stm32.9-2020-q2-update.win32_1.5.0.202011040924/tools/bin/../lib/gcc/arm-none-eabi/9.3.1/../../../../arm-none-eabi/lib/thumb/v7e-m+fp/hard\libc_nano.a(lib_a-findfp.o)
 .text._cleanup_r
                0x000000000800dd78        0xc c:/programy/st/stm32cubeide_1.6.0/stm32cubeide/plugins/com.st.stm32cube.ide.mcu.externaltools.gnu-tools-for-stm32.9-2020-q2-update.win32_1.5.0.202011040924/tools/bin/../lib/gcc/arm-none-eabi/9.3.1/../../../../arm-none-eabi/lib/thumb/v7e-m+fp/hard\libc_nano.a(lib_a-findfp.o)
                0x000000000800dd78                _cleanup_r
 .text.__sfmoreglue
                0x000000000800dd84       0x2c c:/programy/st/stm32cubeide_1.6.0/stm32cubeide/plugins/com.st.stm32cube.ide.mcu.externaltools.gnu-tools-for-stm32.9-2020-q2-update.win32_1.5.0.202011040924/tools/bin/../lib/gcc/arm-none-eabi/9.3.1/../../../../arm-none-eabi/lib/thumb/v7e-m+fp/hard\libc_nano.a(lib_a-findfp.o)
                0x000000000800dd84                __sfmoreglue
 .text.__sfp_lock_acquire
                0x000000000800ddb0        0xc c:/programy/st/stm32cubeide_1.6.0/stm32cubeide/plugins/com.st.stm32cube.ide.mcu.externaltools.gnu-tools-for-stm32.9-2020-q2-update.win32_1.5.0.202011040924/tools/bin/../lib/gcc/arm-none-eabi/9.3.1/../../../../arm-none-eabi/lib/thumb/v7e-m+fp/hard\libc_nano.a(lib_a-findfp.o)
                0x000000000800ddb0                __sfp_lock_acquire
 .text.__sfp_lock_release
                0x000000000800ddbc        0xc c:/programy/st/stm32cubeide_1.6.0/stm32cubeide/plugins/com.st.stm32cube.ide.mcu.externaltools.gnu-tools-for-stm32.9-2020-q2-update.win32_1.5.0.202011040924/tools/bin/../lib/gcc/arm-none-eabi/9.3.1/../../../../arm-none-eabi/lib/thumb/v7e-m+fp/hard\libc_nano.a(lib_a-findfp.o)
                0x000000000800ddbc                __sfp_lock_release
 .text.__sinit_lock_acquire
                0x000000000800ddc8        0xc c:/programy/st/stm32cubeide_1.6.0/stm32cubeide/plugins/com.st.stm32cube.ide.mcu.externaltools.gnu-tools-for-stm32.9-2020-q2-update.win32_1.5.0.202011040924/tools/bin/../lib/gcc/arm-none-eabi/9.3.1/../../../../arm-none-eabi/lib/thumb/v7e-m+fp/hard\libc_nano.a(lib_a-findfp.o)
                0x000000000800ddc8                __sinit_lock_acquire
 .text.__sinit_lock_release
                0x000000000800ddd4        0xc c:/programy/st/stm32cubeide_1.6.0/stm32cubeide/plugins/com.st.stm32cube.ide.mcu.externaltools.gnu-tools-for-stm32.9-2020-q2-update.win32_1.5.0.202011040924/tools/bin/../lib/gcc/arm-none-eabi/9.3.1/../../../../arm-none-eabi/lib/thumb/v7e-m+fp/hard\libc_nano.a(lib_a-findfp.o)
                0x000000000800ddd4                __sinit_lock_release
 .text.__sinit  0x000000000800dde0       0x70 c:/programy/st/stm32cubeide_1.6.0/stm32cubeide/plugins/com.st.stm32cube.ide.mcu.externaltools.gnu-tools-for-stm32.9-2020-q2-update.win32_1.5.0.202011040924/tools/bin/../lib/gcc/arm-none-eabi/9.3.1/../../../../arm-none-eabi/lib/thumb/v7e-m+fp/hard\libc_nano.a(lib_a-findfp.o)
                0x000000000800dde0                __sinit
 .text.__sfp    0x000000000800de50       0x8c c:/programy/st/stm32cubeide_1.6.0/stm32cubeide/plugins/com.st.stm32cube.ide.mcu.externaltools.gnu-tools-for-stm32.9-2020-q2-update.win32_1.5.0.202011040924/tools/bin/../lib/gcc/arm-none-eabi/9.3.1/../../../../arm-none-eabi/lib/thumb/v7e-m+fp/hard\libc_nano.a(lib_a-findfp.o)
                0x000000000800de50                __sfp
 .text._fwalk_reent
                0x000000000800dedc       0x3e c:/programy/st/stm32cubeide_1.6.0/stm32cubeide/plugins/com.st.stm32cube.ide.mcu.externaltools.gnu-tools-for-stm32.9-2020-q2-update.win32_1.5.0.202011040924/tools/bin/../lib/gcc/arm-none-eabi/9.3.1/../../../../arm-none-eabi/lib/thumb/v7e-m+fp/hard\libc_nano.a(lib_a-fwalk.o)
                0x000000000800dedc                _fwalk_reent
 .text.__retarget_lock_init_recursive
                0x000000000800df1a        0x2 c:/programy/st/stm32cubeide_1.6.0/stm32cubeide/plugins/com.st.stm32cube.ide.mcu.externaltools.gnu-tools-for-stm32.9-2020-q2-update.win32_1.5.0.202011040924/tools/bin/../lib/gcc/arm-none-eabi/9.3.1/../../../../arm-none-eabi/lib/thumb/v7e-m+fp/hard\libc_nano.a(lib_a-lock.o)
                0x000000000800df1a                __retarget_lock_init_recursive
 .text.__retarget_lock_acquire_recursive
                0x000000000800df1c        0x2 c:/programy/st/stm32cubeide_1.6.0/stm32cubeide/plugins/com.st.stm32cube.ide.mcu.externaltools.gnu-tools-for-stm32.9-2020-q2-update.win32_1.5.0.202011040924/tools/bin/../lib/gcc/arm-none-eabi/9.3.1/../../../../arm-none-eabi/lib/thumb/v7e-m+fp/hard\libc_nano.a(lib_a-lock.o)
                0x000000000800df1c                __retarget_lock_acquire_recursive
 .text.__retarget_lock_release_recursive
                0x000000000800df1e        0x2 c:/programy/st/stm32cubeide_1.6.0/stm32cubeide/plugins/com.st.stm32cube.ide.mcu.externaltools.gnu-tools-for-stm32.9-2020-q2-update.win32_1.5.0.202011040924/tools/bin/../lib/gcc/arm-none-eabi/9.3.1/../../../../arm-none-eabi/lib/thumb/v7e-m+fp/hard\libc_nano.a(lib_a-lock.o)
                0x000000000800df1e                __retarget_lock_release_recursive
 .text.__swhatbuf_r
                0x000000000800df20       0x48 c:/programy/st/stm32cubeide_1.6.0/stm32cubeide/plugins/com.st.stm32cube.ide.mcu.externaltools.gnu-tools-for-stm32.9-2020-q2-update.win32_1.5.0.202011040924/tools/bin/../lib/gcc/arm-none-eabi/9.3.1/../../../../arm-none-eabi/lib/thumb/v7e-m+fp/hard\libc_nano.a(lib_a-makebuf.o)
                0x000000000800df20                __swhatbuf_r
 .text.__smakebuf_r
                0x000000000800df68       0x80 c:/programy/st/stm32cubeide_1.6.0/stm32cubeide/plugins/com.st.stm32cube.ide.mcu.externaltools.gnu-tools-for-stm32.9-2020-q2-update.win32_1.5.0.202011040924/tools/bin/../lib/gcc/arm-none-eabi/9.3.1/../../../../arm-none-eabi/lib/thumb/v7e-m+fp/hard\libc_nano.a(lib_a-makebuf.o)
                0x000000000800df68                __smakebuf_r
 .text._malloc_usable_size_r
                0x000000000800dfe8       0x10 c:/programy/st/stm32cubeide_1.6.0/stm32cubeide/plugins/com.st.stm32cube.ide.mcu.externaltools.gnu-tools-for-stm32.9-2020-q2-update.win32_1.5.0.202011040924/tools/bin/../lib/gcc/arm-none-eabi/9.3.1/../../../../arm-none-eabi/lib/thumb/v7e-m+fp/hard\libc_nano.a(lib_a-nano-msizer.o)
                0x000000000800dfe8                _malloc_usable_size_r
 .text._raise_r
                0x000000000800dff8       0x50 c:/programy/st/stm32cubeide_1.6.0/stm32cubeide/plugins/com.st.stm32cube.ide.mcu.externaltools.gnu-tools-for-stm32.9-2020-q2-update.win32_1.5.0.202011040924/tools/bin/../lib/gcc/arm-none-eabi/9.3.1/../../../../arm-none-eabi/lib/thumb/v7e-m+fp/hard\libc_nano.a(lib_a-signal.o)
                0x000000000800dff8                _raise_r
 .text.raise    0x000000000800e048       0x10 c:/programy/st/stm32cubeide_1.6.0/stm32cubeide/plugins/com.st.stm32cube.ide.mcu.externaltools.gnu-tools-for-stm32.9-2020-q2-update.win32_1.5.0.202011040924/tools/bin/../lib/gcc/arm-none-eabi/9.3.1/../../../../arm-none-eabi/lib/thumb/v7e-m+fp/hard\libc_nano.a(lib_a-signal.o)
                0x000000000800e048                raise
 .text._kill_r  0x000000000800e058       0x24 c:/programy/st/stm32cubeide_1.6.0/stm32cubeide/plugins/com.st.stm32cube.ide.mcu.externaltools.gnu-tools-for-stm32.9-2020-q2-update.win32_1.5.0.202011040924/tools/bin/../lib/gcc/arm-none-eabi/9.3.1/../../../../arm-none-eabi/lib/thumb/v7e-m+fp/hard\libc_nano.a(lib_a-signalr.o)
                0x000000000800e058                _kill_r
 .text._getpid_r
                0x000000000800e07c        0x4 c:/programy/st/stm32cubeide_1.6.0/stm32cubeide/plugins/com.st.stm32cube.ide.mcu.externaltools.gnu-tools-for-stm32.9-2020-q2-update.win32_1.5.0.202011040924/tools/bin/../lib/gcc/arm-none-eabi/9.3.1/../../../../arm-none-eabi/lib/thumb/v7e-m+fp/hard\libc_nano.a(lib_a-signalr.o)
                0x000000000800e07c                _getpid_r
 .text.__sread  0x000000000800e080       0x22 c:/programy/st/stm32cubeide_1.6.0/stm32cubeide/plugins/com.st.stm32cube.ide.mcu.externaltools.gnu-tools-for-stm32.9-2020-q2-update.win32_1.5.0.202011040924/tools/bin/../lib/gcc/arm-none-eabi/9.3.1/../../../../arm-none-eabi/lib/thumb/v7e-m+fp/hard\libc_nano.a(lib_a-stdio.o)
                0x000000000800e080                __sread
 .text.__swrite
                0x000000000800e0a2       0x38 c:/programy/st/stm32cubeide_1.6.0/stm32cubeide/plugins/com.st.stm32cube.ide.mcu.externaltools.gnu-tools-for-stm32.9-2020-q2-update.win32_1.5.0.202011040924/tools/bin/../lib/gcc/arm-none-eabi/9.3.1/../../../../arm-none-eabi/lib/thumb/v7e-m+fp/hard\libc_nano.a(lib_a-stdio.o)
                0x000000000800e0a2                __swrite
 .text.__sseek  0x000000000800e0da       0x24 c:/programy/st/stm32cubeide_1.6.0/stm32cubeide/plugins/com.st.stm32cube.ide.mcu.externaltools.gnu-tools-for-stm32.9-2020-q2-update.win32_1.5.0.202011040924/tools/bin/../lib/gcc/arm-none-eabi/9.3.1/../../../../arm-none-eabi/lib/thumb/v7e-m+fp/hard\libc_nano.a(lib_a-stdio.o)
                0x000000000800e0da                __sseek
 .text.__sclose
                0x000000000800e0fe        0x8 c:/programy/st/stm32cubeide_1.6.0/stm32cubeide/plugins/com.st.stm32cube.ide.mcu.externaltools.gnu-tools-for-stm32.9-2020-q2-update.win32_1.5.0.202011040924/tools/bin/../lib/gcc/arm-none-eabi/9.3.1/../../../../arm-none-eabi/lib/thumb/v7e-m+fp/hard\libc_nano.a(lib_a-stdio.o)
                0x000000000800e0fe                __sclose
 *fill*         0x000000000800e106        0x2 
 .text._write_r
                0x000000000800e108       0x24 c:/programy/st/stm32cubeide_1.6.0/stm32cubeide/plugins/com.st.stm32cube.ide.mcu.externaltools.gnu-tools-for-stm32.9-2020-q2-update.win32_1.5.0.202011040924/tools/bin/../lib/gcc/arm-none-eabi/9.3.1/../../../../arm-none-eabi/lib/thumb/v7e-m+fp/hard\libc_nano.a(lib_a-writer.o)
                0x000000000800e108                _write_r
 .text._close_r
                0x000000000800e12c       0x20 c:/programy/st/stm32cubeide_1.6.0/stm32cubeide/plugins/com.st.stm32cube.ide.mcu.externaltools.gnu-tools-for-stm32.9-2020-q2-update.win32_1.5.0.202011040924/tools/bin/../lib/gcc/arm-none-eabi/9.3.1/../../../../arm-none-eabi/lib/thumb/v7e-m+fp/hard\libc_nano.a(lib_a-closer.o)
                0x000000000800e12c                _close_r
 .text._fstat_r
                0x000000000800e14c       0x24 c:/programy/st/stm32cubeide_1.6.0/stm32cubeide/plugins/com.st.stm32cube.ide.mcu.externaltools.gnu-tools-for-stm32.9-2020-q2-update.win32_1.5.0.202011040924/tools/bin/../lib/gcc/arm-none-eabi/9.3.1/../../../../arm-none-eabi/lib/thumb/v7e-m+fp/hard\libc_nano.a(lib_a-fstatr.o)
                0x000000000800e14c                _fstat_r
 .text._isatty_r
                0x000000000800e170       0x20 c:/programy/st/stm32cubeide_1.6.0/stm32cubeide/plugins/com.st.stm32cube.ide.mcu.externaltools.gnu-tools-for-stm32.9-2020-q2-update.win32_1.5.0.202011040924/tools/bin/../lib/gcc/arm-none-eabi/9.3.1/../../../../arm-none-eabi/lib/thumb/v7e-m+fp/hard\libc_nano.a(lib_a-isattyr.o)
                0x000000000800e170                _isatty_r
 .text._lseek_r
                0x000000000800e190       0x24 c:/programy/st/stm32cubeide_1.6.0/stm32cubeide/plugins/com.st.stm32cube.ide.mcu.externaltools.gnu-tools-for-stm32.9-2020-q2-update.win32_1.5.0.202011040924/tools/bin/../lib/gcc/arm-none-eabi/9.3.1/../../../../arm-none-eabi/lib/thumb/v7e-m+fp/hard\libc_nano.a(lib_a-lseekr.o)
                0x000000000800e190                _lseek_r
 .text._read_r  0x000000000800e1b4       0x24 c:/programy/st/stm32cubeide_1.6.0/stm32cubeide/plugins/com.st.stm32cube.ide.mcu.externaltools.gnu-tools-for-stm32.9-2020-q2-update.win32_1.5.0.202011040924/tools/bin/../lib/gcc/arm-none-eabi/9.3.1/../../../../arm-none-eabi/lib/thumb/v7e-m+fp/hard\libc_nano.a(lib_a-readr.o)
                0x000000000800e1b4                _read_r
 *(.glue_7)
 .glue_7        0x000000000800e1d8        0x0 linker stubs
 *(.glue_7t)
 .glue_7t       0x000000000800e1d8        0x0 linker stubs
 *(.eh_frame)
 .eh_frame      0x000000000800e1d8        0x0 c:/programy/st/stm32cubeide_1.6.0/stm32cubeide/plugins/com.st.stm32cube.ide.mcu.externaltools.gnu-tools-for-stm32.9-2020-q2-update.win32_1.5.0.202011040924/tools/bin/../lib/gcc/arm-none-eabi/9.3.1/thumb/v7e-m+fp/hard/crtbegin.o
 *(.init)
 .init          0x000000000800e1d8        0x4 c:/programy/st/stm32cubeide_1.6.0/stm32cubeide/plugins/com.st.stm32cube.ide.mcu.externaltools.gnu-tools-for-stm32.9-2020-q2-update.win32_1.5.0.202011040924/tools/bin/../lib/gcc/arm-none-eabi/9.3.1/thumb/v7e-m+fp/hard/crti.o
                0x000000000800e1d8                _init
 .init          0x000000000800e1dc        0x8 c:/programy/st/stm32cubeide_1.6.0/stm32cubeide/plugins/com.st.stm32cube.ide.mcu.externaltools.gnu-tools-for-stm32.9-2020-q2-update.win32_1.5.0.202011040924/tools/bin/../lib/gcc/arm-none-eabi/9.3.1/thumb/v7e-m+fp/hard/crtn.o
 *(.fini)
 .fini          0x000000000800e1e4        0x4 c:/programy/st/stm32cubeide_1.6.0/stm32cubeide/plugins/com.st.stm32cube.ide.mcu.externaltools.gnu-tools-for-stm32.9-2020-q2-update.win32_1.5.0.202011040924/tools/bin/../lib/gcc/arm-none-eabi/9.3.1/thumb/v7e-m+fp/hard/crti.o
                0x000000000800e1e4                _fini
 .fini          0x000000000800e1e8        0x8 c:/programy/st/stm32cubeide_1.6.0/stm32cubeide/plugins/com.st.stm32cube.ide.mcu.externaltools.gnu-tools-for-stm32.9-2020-q2-update.win32_1.5.0.202011040924/tools/bin/../lib/gcc/arm-none-eabi/9.3.1/thumb/v7e-m+fp/hard/crtn.o
                0x000000000800e1f0                . = ALIGN (0x4)
                0x000000000800e1f0                _etext = .

.vfp11_veneer   0x000000000800e1f0        0x0
 .vfp11_veneer  0x000000000800e1f0        0x0 linker stubs

.v4_bx          0x000000000800e1f0        0x0
 .v4_bx         0x000000000800e1f0        0x0 linker stubs

.iplt           0x000000000800e1f0        0x0
 .iplt          0x000000000800e1f0        0x0 c:/programy/st/stm32cubeide_1.6.0/stm32cubeide/plugins/com.st.stm32cube.ide.mcu.externaltools.gnu-tools-for-stm32.9-2020-q2-update.win32_1.5.0.202011040924/tools/bin/../lib/gcc/arm-none-eabi/9.3.1/thumb/v7e-m+fp/hard/crtbegin.o

.rodata         0x000000000800e1f0     0x5884
                0x000000000800e1f0                . = ALIGN (0x4)
 *(.rodata)
 .rodata        0x000000000800e1f0        0x8 Drivers/STM32F4xx_HAL_Driver/Src/stm32f4xx_hal_dma.o
 .rodata        0x000000000800e1f8     0x1f00 Src/OLED.o
                0x000000000800e1f8                znak_00
                0x000000000800e200                znak_01
                0x000000000800e208                znak_02
                0x000000000800e210                znak_03
                0x000000000800e218                znak_04
                0x000000000800e220                znak_05
                0x000000000800e228                znak_06
                0x000000000800e230                znak_07
                0x000000000800e238                znak_08
                0x000000000800e240                znak_09
                0x000000000800e248                znak_0A
                0x000000000800e250                znak_0B
                0x000000000800e258                znak_0C
                0x000000000800e260                znak_0D
                0x000000000800e268                znak_0E
                0x000000000800e270                znak_0F
                0x000000000800e278                znak_10
                0x000000000800e280                znak_11
                0x000000000800e288                znak_12
                0x000000000800e290                znak_13
                0x000000000800e298                znak_14
                0x000000000800e2a0                znak_15
                0x000000000800e2a8                znak_16
                0x000000000800e2b0                znak_17
                0x000000000800e2b8                znak_18
                0x000000000800e2c0                znak_19
                0x000000000800e2c8                znak_1A
                0x000000000800e2d0                znak_1B
                0x000000000800e2d8                znak_1C
                0x000000000800e2e0                znak_1D
                0x000000000800e2e8                znak_1E
                0x000000000800e2f0                znak_1F
                0x000000000800e2f8                znak_20
                0x000000000800e300                znak_21
                0x000000000800e308                znak_22
                0x000000000800e310                znak_23
                0x000000000800e318                znak_24
                0x000000000800e320                znak_25
                0x000000000800e328                znak_26
                0x000000000800e330                znak_27
                0x000000000800e338                znak_28
                0x000000000800e340                znak_29
                0x000000000800e348                znak_2A
                0x000000000800e350                znak_2B
                0x000000000800e358                znak_2C
                0x000000000800e360                znak_2D
                0x000000000800e368                znak_2E
                0x000000000800e370                znak_2F
                0x000000000800e378                znak_30
                0x000000000800e380                znak_31
                0x000000000800e388                znak_32
                0x000000000800e390                znak_33
                0x000000000800e398                znak_34
                0x000000000800e3a0                znak_35
                0x000000000800e3a8                znak_36
                0x000000000800e3b0                znak_37
                0x000000000800e3b8                znak_38
                0x000000000800e3c0                znak_39
                0x000000000800e3c8                znak_3A
                0x000000000800e3d0                znak_3B
                0x000000000800e3d8                znak_3C
                0x000000000800e3e0                znak_3D
                0x000000000800e3e8                znak_3E
                0x000000000800e3f0                znak_3F
                0x000000000800e3f8                znak_40
                0x000000000800e400                znak_41
                0x000000000800e408                znak_42
                0x000000000800e410                znak_43
                0x000000000800e418                znak_44
                0x000000000800e420                znak_45
                0x000000000800e428                znak_46
                0x000000000800e430                znak_47
                0x000000000800e438                znak_48
                0x000000000800e440                znak_49
                0x000000000800e448                znak_4A
                0x000000000800e450                znak_4B
                0x000000000800e458                znak_4C
                0x000000000800e460                znak_4D
                0x000000000800e468                znak_4E
                0x000000000800e470                znak_4F
                0x000000000800e478                znak_50
                0x000000000800e480                znak_51
                0x000000000800e488                znak_52
                0x000000000800e490                znak_53
                0x000000000800e498                znak_54
                0x000000000800e4a0                znak_55
                0x000000000800e4a8                znak_56
                0x000000000800e4b0                znak_57
                0x000000000800e4b8                znak_58
                0x000000000800e4c0                znak_59
                0x000000000800e4c8                znak_5A
                0x000000000800e4d0                znak_5B
                0x000000000800e4d8                znak_5C
                0x000000000800e4e0                znak_5D
                0x000000000800e4e8                znak_5E
                0x000000000800e4f0                znak_5F
                0x000000000800e4f8                znak_60
                0x000000000800e500                znak_61
                0x000000000800e508                znak_62
                0x000000000800e510                znak_63
                0x000000000800e518                znak_64
                0x000000000800e520                znak_65
                0x000000000800e528                znak_66
                0x000000000800e530                znak_67
                0x000000000800e538                znak_68
                0x000000000800e540                znak_69
                0x000000000800e548                znak_6A
                0x000000000800e550                znak_6B
                0x000000000800e558                znak_6C
                0x000000000800e560                znak_6D
                0x000000000800e568                znak_6E
                0x000000000800e570                znak_6F
                0x000000000800e578                znak_70
                0x000000000800e580                znak_71
                0x000000000800e588                znak_72
                0x000000000800e590                znak_73
                0x000000000800e598                znak_74
                0x000000000800e5a0                znak_75
                0x000000000800e5a8                znak_76
                0x000000000800e5b0                znak_77
                0x000000000800e5b8                znak_78
                0x000000000800e5c0                znak_79
                0x000000000800e5c8                znak_7A
                0x000000000800e5d0                znak_7B
                0x000000000800e5d8                znak_7C
                0x000000000800e5e0                znak_7D
                0x000000000800e5e8                znak_7E
                0x000000000800e5f0                znak_7F
                0x000000000800e5f8                znak_00L
                0x000000000800e618                znak_01L
                0x000000000800e638                znak_02L
                0x000000000800e658                znak_03L
                0x000000000800e678                znak_04L
                0x000000000800e698                znak_05L
                0x000000000800e6b8                znak_06L
                0x000000000800e6d8                znak_07L
                0x000000000800e6f8                znak_08L
                0x000000000800e718                znak_09L
                0x000000000800e738                znak_0AL
                0x000000000800e758                znak_0BL
                0x000000000800e778                znak_0CL
                0x000000000800e798                znak_0DL
                0x000000000800e7b8                znak_0EL
                0x000000000800e7d8                znak_0FL
                0x000000000800e7f8                znak_10L
                0x000000000800e818                znak_11L
                0x000000000800e838                znak_12L
                0x000000000800e858                znak_13L
                0x000000000800e878                znak_14L
                0x000000000800e898                znak_15L
                0x000000000800e8b8                znak_16L
                0x000000000800e8d8                znak_17L
                0x000000000800e8f8                znak_18L
                0x000000000800e918                znak_19L
                0x000000000800e938                znak_1AL
                0x000000000800e958                znak_1BL
                0x000000000800e978                znak_1CL
                0x000000000800e998                znak_1DL
                0x000000000800e9b8                znak_1EL
                0x000000000800e9d8                znak_1FL
                0x000000000800e9f8                znak_20L
                0x000000000800ea18                znak_21L
                0x000000000800ea38                znak_22L
                0x000000000800ea58                znak_23L
                0x000000000800ea78                znak_24L
                0x000000000800ea98                znak_25L
                0x000000000800eab8                znak_26L
                0x000000000800ead8                znak_27L
                0x000000000800eaf8                znak_28L
                0x000000000800eb18                znak_29L
                0x000000000800eb38                znak_2AL
                0x000000000800eb58                znak_2BL
                0x000000000800eb78                znak_2CL
                0x000000000800eb98                znak_2DL
                0x000000000800ebb8                znak_2EL
                0x000000000800ebd8                znak_2FL
                0x000000000800ebf8                znak_30L
                0x000000000800ec18                znak_31L
                0x000000000800ec38                znak_32L
                0x000000000800ec58                znak_33L
                0x000000000800ec78                znak_34L
                0x000000000800ec98                znak_35L
                0x000000000800ecb8                znak_36L
                0x000000000800ecd8                znak_37L
                0x000000000800ecf8                znak_38L
                0x000000000800ed18                znak_39L
                0x000000000800ed38                znak_3AL
                0x000000000800ed58                znak_3BL
                0x000000000800ed78                znak_3CL
                0x000000000800ed98                znak_3DL
                0x000000000800edb8                znak_3EL
                0x000000000800edd8                znak_3FL
                0x000000000800edf8                znak_40L
                0x000000000800ee18                znak_41L
                0x000000000800ee38                znak_42L
                0x000000000800ee58                znak_43L
                0x000000000800ee78                znak_44L
                0x000000000800ee98                znak_45L
                0x000000000800eeb8                znak_46L
                0x000000000800eed8                znak_47L
                0x000000000800eef8                znak_48L
                0x000000000800ef18                znak_49L
                0x000000000800ef38                znak_4AL
                0x000000000800ef58                znak_4BL
                0x000000000800ef78                znak_4CL
                0x000000000800ef98                znak_4DL
                0x000000000800efb8                znak_4EL
                0x000000000800efd8                znak_4FL
                0x000000000800eff8                znak_50L
                0x000000000800f018                znak_51L
                0x000000000800f038                znak_52L
                0x000000000800f058                znak_53L
                0x000000000800f078                znak_54L
                0x000000000800f098                znak_55L
                0x000000000800f0b8                znak_56L
                0x000000000800f0d8                znak_57L
                0x000000000800f0f8                znak_58L
                0x000000000800f118                znak_59L
                0x000000000800f138                znak_5AL
                0x000000000800f158                znak_5BL
                0x000000000800f178                znak_5CL
                0x000000000800f198                znak_5DL
                0x000000000800f1b8                znak_5EL
                0x000000000800f1d8                znak_5FL
                0x000000000800f1f8                znak_60L
                0x000000000800f218                znak_61L
                0x000000000800f238                znak_62L
                0x000000000800f258                znak_63L
                0x000000000800f278                znak_64L
                0x000000000800f298                znak_65L
                0x000000000800f2b8                znak_66L
                0x000000000800f2d8                znak_67L
                0x000000000800f2f8                znak_68L
                0x000000000800f318                znak_69L
                0x000000000800f338                znak_6AL
                0x000000000800f358                znak_6BL
                0x000000000800f378                znak_6CL
                0x000000000800f398                znak_6DL
                0x000000000800f3b8                znak_6EL
                0x000000000800f3d8                znak_6FL
                0x000000000800f3f8                znak_70L
                0x000000000800f418                znak_71L
                0x000000000800f438                znak_72L
                0x000000000800f458                znak_73L
                0x000000000800f478                znak_74L
                0x000000000800f498                znak_75L
                0x000000000800f4b8                znak_76L
                0x000000000800f4d8                znak_77L
                0x000000000800f4f8                znak_78L
                0x000000000800f518                znak_79L
                0x000000000800f538                znak_7AL
                0x000000000800f558                znak_7BL
                0x000000000800f578                znak_7CL
                0x000000000800f598                znak_7DL
                0x000000000800f5b8                znak_7EL
                0x000000000800f5d8                znak_7FL
                0x000000000800f5f8                znak_30LL
                0x000000000800f628                znak_31LL
                0x000000000800f658                znak_32LL
                0x000000000800f688                znak_33LL
                0x000000000800f6b8                znak_34LL
                0x000000000800f6e8                znak_35LL
                0x000000000800f718                znak_36LL
                0x000000000800f748                znak_37LL
                0x000000000800f778                znak_38LL
                0x000000000800f7a8                znak_39LL