stm32h7xx_hal_dac_ex.c:128:19:HAL_DACEx_TriangleWaveGenerate	16	static
stm32h7xx_hal_dac_ex.c:177:19:HAL_DACEx_NoiseWaveGenerate	16	static
stm32h7xx_hal_dac_ex.c:219:19:HAL_DACEx_DualSetValue	0	static
stm32h7xx_hal_dac_ex.c:254:13:HAL_DACEx_ConvCpltCallbackCh2	0	static
stm32h7xx_hal_dac_ex.c:270:13:HAL_DACEx_ConvHalfCpltCallbackCh2	0	static
stm32h7xx_hal_dac_ex.c:286:13:HAL_DACEx_ErrorCallbackCh2	0	static
stm32h7xx_hal_dac_ex.c:302:13:HAL_DACEx_DMAUnderrunCallbackCh2	0	static
stm32h7xx_hal_dac_ex.c:327:19:HAL_DACEx_SelfCalibrate	56	static
stm32h7xx_hal_dac_ex.c:456:19:HAL_DACEx_SetUserTrimming	16	static
stm32h7xx_hal_dac_ex.c:501:10:HAL_DACEx_GetTrimOffset	0	static
stm32h7xx_hal_dac_ex.c:547:10:HAL_DACEx_DualGetValue	0	static
stm32h7xx_hal_dac_ex.c:576:6:DAC_DMAConvCpltCh2	8	static
stm32h7xx_hal_dac_ex.c:591:6:DAC_DMAHalfConvCpltCh2	8	static
stm32h7xx_hal_dac_ex.c:604:6:DAC_DMAErrorCh2	8	static
