stm32h7xx_hal_dac.c:388:13:HAL_DAC_MspInit	0	static
stm32h7xx_hal_dac.c:315:19:HAL_DAC_Init	8	static
stm32h7xx_hal_dac.c:403:13:HAL_DAC_MspDeInit	0	static
stm32h7xx_hal_dac.c:352:19:HAL_DAC_DeInit	8	static
stm32h7xx_hal_dac.c:445:19:HAL_DAC_Start	4	static
stm32h7xx_hal_dac.c:500:19:HAL_DAC_Stop	8	static
stm32h7xx_hal_dac.c:532:19:HAL_DAC_Start_DMA	24	static
stm32h7xx_hal_dac.c:652:19:HAL_DAC_Stop_DMA	16	static
stm32h7xx_hal_dac.c:768:19:HAL_DAC_SetValue	16	static
stm32h7xx_hal_dac.c:800:13:HAL_DAC_ConvCpltCallbackCh1	0	static
stm32h7xx_hal_dac.c:1119:13:DAC_DMAConvCpltCh1	8	static
stm32h7xx_hal_dac.c:816:13:HAL_DAC_ConvHalfCpltCallbackCh1	0	static
stm32h7xx_hal_dac.c:1134:13:DAC_DMAHalfConvCpltCh1	8	static
stm32h7xx_hal_dac.c:832:13:HAL_DAC_ErrorCallbackCh1	0	static
stm32h7xx_hal_dac.c:1147:13:DAC_DMAErrorCh1	8	static
stm32h7xx_hal_dac.c:848:13:HAL_DAC_DMAUnderrunCallbackCh1	0	static
stm32h7xx_hal_dac.c:706:6:HAL_DAC_IRQHandler	8	static
stm32h7xx_hal_dac.c:888:10:HAL_DAC_GetValue	0	static
stm32h7xx_hal_dac.c:914:19:HAL_DAC_ConfigChannel	24	static
stm32h7xx_hal_dac.c:1083:22:HAL_DAC_GetState	0	static
stm32h7xx_hal_dac.c:1095:10:HAL_DAC_GetError	0	static
