Archive member included to satisfy reference by file (symbol)

c:/programy/st/stm32cubeide_1.6.0/stm32cubeide/plugins/com.st.stm32cube.ide.mcu.externaltools.gnu-tools-for-stm32.9-2020-q2-update.win32_1.5.0.202011040924/tools/bin/../lib/gcc/arm-none-eabi/9.3.1/../../../../arm-none-eabi/lib/thumb/v7e-m+fp/hard\libc_nano.a(lib_a-errno.o)
                              Src/syscalls.o (__errno)
c:/programy/st/stm32cubeide_1.6.0/stm32cubeide/plugins/com.st.stm32cube.ide.mcu.externaltools.gnu-tools-for-stm32.9-2020-q2-update.win32_1.5.0.202011040924/tools/bin/../lib/gcc/arm-none-eabi/9.3.1/../../../../arm-none-eabi/lib/thumb/v7e-m+fp/hard\libc_nano.a(lib_a-exit.o)
                              c:/programy/st/stm32cubeide_1.6.0/stm32cubeide/plugins/com.st.stm32cube.ide.mcu.externaltools.gnu-tools-for-stm32.9-2020-q2-update.win32_1.5.0.202011040924/tools/bin/../lib/gcc/arm-none-eabi/9.3.1/../../../../arm-none-eabi/lib/thumb/v7e-m+fp/hard/crt0.o (exit)
c:/programy/st/stm32cubeide_1.6.0/stm32cubeide/plugins/com.st.stm32cube.ide.mcu.externaltools.gnu-tools-for-stm32.9-2020-q2-update.win32_1.5.0.202011040924/tools/bin/../lib/gcc/arm-none-eabi/9.3.1/../../../../arm-none-eabi/lib/thumb/v7e-m+fp/hard\libc_nano.a(lib_a-impure.o)
                              c:/programy/st/stm32cubeide_1.6.0/stm32cubeide/plugins/com.st.stm32cube.ide.mcu.externaltools.gnu-tools-for-stm32.9-2020-q2-update.win32_1.5.0.202011040924/tools/bin/../lib/gcc/arm-none-eabi/9.3.1/../../../../arm-none-eabi/lib/thumb/v7e-m+fp/hard\libc_nano.a(lib_a-exit.o) (_global_impure_ptr)
c:/programy/st/stm32cubeide_1.6.0/stm32cubeide/plugins/com.st.stm32cube.ide.mcu.externaltools.gnu-tools-for-stm32.9-2020-q2-update.win32_1.5.0.202011040924/tools/bin/../lib/gcc/arm-none-eabi/9.3.1/../../../../arm-none-eabi/lib/thumb/v7e-m+fp/hard\libc_nano.a(lib_a-init.o)
                              c:/programy/st/stm32cubeide_1.6.0/stm32cubeide/plugins/com.st.stm32cube.ide.mcu.externaltools.gnu-tools-for-stm32.9-2020-q2-update.win32_1.5.0.202011040924/tools/bin/../lib/gcc/arm-none-eabi/9.3.1/../../../../arm-none-eabi/lib/thumb/v7e-m+fp/hard/crt0.o (__libc_init_array)
c:/programy/st/stm32cubeide_1.6.0/stm32cubeide/plugins/com.st.stm32cube.ide.mcu.externaltools.gnu-tools-for-stm32.9-2020-q2-update.win32_1.5.0.202011040924/tools/bin/../lib/gcc/arm-none-eabi/9.3.1/../../../../arm-none-eabi/lib/thumb/v7e-m+fp/hard\libc_nano.a(lib_a-memset.o)
                              c:/programy/st/stm32cubeide_1.6.0/stm32cubeide/plugins/com.st.stm32cube.ide.mcu.externaltools.gnu-tools-for-stm32.9-2020-q2-update.win32_1.5.0.202011040924/tools/bin/../lib/gcc/arm-none-eabi/9.3.1/../../../../arm-none-eabi/lib/thumb/v7e-m+fp/hard/crt0.o (memset)
c:/programy/st/stm32cubeide_1.6.0/stm32cubeide/plugins/com.st.stm32cube.ide.mcu.externaltools.gnu-tools-for-stm32.9-2020-q2-update.win32_1.5.0.202011040924/tools/bin/../lib/gcc/arm-none-eabi/9.3.1/../../../../arm-none-eabi/lib/thumb/v7e-m+fp/hard\libc_nano.a(lib_a-nano-vfprintf_float.o)
                              (_printf_float)
c:/programy/st/stm32cubeide_1.6.0/stm32cubeide/plugins/com.st.stm32cube.ide.mcu.externaltools.gnu-tools-for-stm32.9-2020-q2-update.win32_1.5.0.202011040924/tools/bin/../lib/gcc/arm-none-eabi/9.3.1/../../../../arm-none-eabi/lib/thumb/v7e-m+fp/hard\libc_nano.a(lib_a-nano-vfprintf_i.o)
                              c:/programy/st/stm32cubeide_1.6.0/stm32cubeide/plugins/com.st.stm32cube.ide.mcu.externaltools.gnu-tools-for-stm32.9-2020-q2-update.win32_1.5.0.202011040924/tools/bin/../lib/gcc/arm-none-eabi/9.3.1/../../../../arm-none-eabi/lib/thumb/v7e-m+fp/hard\libc_nano.a(lib_a-nano-vfprintf_float.o) (_printf_common)
c:/programy/st/stm32cubeide_1.6.0/stm32cubeide/plugins/com.st.stm32cube.ide.mcu.externaltools.gnu-tools-for-stm32.9-2020-q2-update.win32_1.5.0.202011040924/tools/bin/../lib/gcc/arm-none-eabi/9.3.1/../../../../arm-none-eabi/lib/thumb/v7e-m+fp/hard\libc_nano.a(lib_a-sprintf.o)
                              Src/main.o (sprintf)
c:/programy/st/stm32cubeide_1.6.0/stm32cubeide/plugins/com.st.stm32cube.ide.mcu.externaltools.gnu-tools-for-stm32.9-2020-q2-update.win32_1.5.0.202011040924/tools/bin/../lib/gcc/arm-none-eabi/9.3.1/../../../../arm-none-eabi/lib/thumb/v7e-m+fp/hard\libc_nano.a(lib_a-strlen.o)
                              Src/OLED.o (strlen)
c:/programy/st/stm32cubeide_1.6.0/stm32cubeide/plugins/com.st.stm32cube.ide.mcu.externaltools.gnu-tools-for-stm32.9-2020-q2-update.win32_1.5.0.202011040924/tools/bin/../lib/gcc/arm-none-eabi/9.3.1/../../../../arm-none-eabi/lib/thumb/v7e-m+fp/hard\libc_nano.a(lib_a-dtoa.o)
                              c:/programy/st/stm32cubeide_1.6.0/stm32cubeide/plugins/com.st.stm32cube.ide.mcu.externaltools.gnu-tools-for-stm32.9-2020-q2-update.win32_1.5.0.202011040924/tools/bin/../lib/gcc/arm-none-eabi/9.3.1/../../../../arm-none-eabi/lib/thumb/v7e-m+fp/hard\libc_nano.a(lib_a-nano-vfprintf_float.o) (_dtoa_r)
[...]
Memory Configuration

Name             Origin             Length             Attributes
RAM              0x0000000020000000 0x0000000000050000 xrw
FLASH            0x0000000008000000 0x0000000000100000 xr
*default*        0x0000000000000000 0xffffffffffffffff

Linker script and memory map

LOAD c:/programy/st/stm32cubeide_1.6.0/stm32cubeide/plugins/com.st.stm32cube.ide.mcu.externaltools.gnu-tools-for-stm32.9-2020-q2-update.win32_1.5.0.202011040924/tools/bin/../lib/gcc/arm-none-eabi/9.3.1/thumb/v7e-m+fp/hard/crti.o
LOAD c:/programy/st/stm32cubeide_1.6.0/stm32cubeide/plugins/com.st.stm32cube.ide.mcu.externaltools.gnu-tools-for-stm32.9-2020-q2-update.win32_1.5.0.202011040924/tools/bin/../lib/gcc/arm-none-eabi/9.3.1/thumb/v7e-m+fp/hard/crtbegin.o
LOAD c:/programy/st/stm32cubeide_1.6.0/stm32cubeide/plugins/com.st.stm32cube.ide.mcu.externaltools.gnu-tools-for-stm32.9-2020-q2-update.win32_1.5.0.202011040924/tools/bin/../lib/gcc/arm-none-eabi/9.3.1/../../../../arm-none-eabi/lib/thumb/v7e-m+fp/hard/crt0.o
LOAD Drivers/STM32F4xx_HAL_Driver/Src/stm32f4xx_hal.o
LOAD Drivers/STM32F4xx_HAL_Driver/Src/stm32f4xx_hal_cortex.o
LOAD Drivers/STM32F4xx_HAL_Driver/Src/stm32f4xx_hal_dma.o
LOAD Drivers/STM32F4xx_HAL_Driver/Src/stm32f4xx_hal_dma_ex.o
LOAD Drivers/STM32F4xx_HAL_Driver/Src/stm32f4xx_hal_exti.o
LOAD Drivers/STM32F4xx_HAL_Driver/Src/stm32f4xx_hal_flash.o
LOAD Drivers/STM32F4xx_HAL_Driver/Src/stm32f4xx_hal_flash_ex.o
LOAD Drivers/STM32F4xx_HAL_Driver/Src/stm32f4xx_hal_flash_ramfunc.o
LOAD Drivers/STM32F4xx_HAL_Driver/Src/stm32f4xx_hal_gpio.o
LOAD Drivers/STM32F4xx_HAL_Driver/Src/stm32f4xx_hal_pwr.o
LOAD Drivers/STM32F4xx_HAL_Driver/Src/stm32f4xx_hal_pwr_ex.o
LOAD Drivers/STM32F4xx_HAL_Driver/Src/stm32f4xx_hal_rcc.o
LOAD Drivers/STM32F4xx_HAL_Driver/Src/stm32f4xx_hal_rcc_ex.o
LOAD Drivers/STM32F4xx_HAL_Driver/Src/stm32f4xx_hal_rtc.o
LOAD Drivers/STM32F4xx_HAL_Driver/Src/stm32f4xx_hal_rtc_ex.o
LOAD Drivers/STM32F4xx_HAL_Driver/Src/stm32f4xx_hal_spi.o
LOAD Drivers/STM32F4xx_HAL_Driver/Src/stm32f4xx_hal_tim.o
LOAD Drivers/STM32F4xx_HAL_Driver/Src/stm32f4xx_hal_tim_ex.o
LOAD Drivers/STM32F4xx_HAL_Driver/Src/stm32f4xx_hal_uart.o
LOAD Src/EEPROM.o
LOAD Src/OLED.o
LOAD Src/kbd.o
LOAD Src/main.o
LOAD Src/stm32f4xx_hal_msp.o
LOAD Src/stm32f4xx_it.o
LOAD Src/syscalls.o
LOAD Src/system_stm32f4xx.o
LOAD startup/startup_stm32f413xx.o
START GROUP
LOAD c:/programy/st/stm32cubeide_1.6.0/stm32cubeide/plugins/com.st.stm32cube.ide.mcu.externaltools.gnu-tools-for-stm32.9-2020-q2-update.win32_1.5.0.202011040924/tools/bin/../lib/gcc/arm-none-eabi/9.3.1/../../../../arm-none-eabi/lib/thumb/v7e-m+fp/hard\libc_nano.a
LOAD c:/programy/st/stm32cubeide_1.6.0/stm32cubeide/plugins/com.st.stm32cube.ide.mcu.externaltools.gnu-tools-for-stm32.9-2020-q2-update.win32_1.5.0.202011040924/tools/bin/../lib/gcc/arm-none-eabi/9.3.1/../../../../arm-none-eabi/lib/thumb/v7e-m+fp/hard\libm.a
END GROUP
START GROUP
LOAD c:/programy/st/stm32cubeide_1.6.0/stm32cubeide/plugins/com.st.stm32cube.ide.mcu.externaltools.gnu-tools-for-stm32.9-2020-q2-update.win32_1.5.0.202011040924/tools/bin/../lib/gcc/arm-none-eabi/9.3.1/thumb/v7e-m+fp/hard\libgcc.a
LOAD c:/programy/st/stm32cubeide_1.6.0/stm32cubeide/plugins/com.st.stm32cube.ide.mcu.externaltools.gnu-tools-for-stm32.9-2020-q2-update.win32_1.5.0.202011040924/tools/bin/../lib/gcc/arm-none-eabi/9.3.1/../../../../arm-none-eabi/lib/thumb/v7e-m+fp/hard\libc_nano.a
END GROUP
START GROUP
LOAD c:/programy/st/stm32cubeide_1.6.0/stm32cubeide/plugins/com.st.stm32cube.ide.mcu.externaltools.gnu-tools-for-stm32.9-2020-q2-update.win32_1.5.0.202011040924/tools/bin/../lib/gcc/arm-none-eabi/9.3.1/thumb/v7e-m+fp/hard\libgcc.a
LOAD c:/programy/st/stm32cubeide_1.6.0/stm32cubeide/plugins/com.st.stm32cube.ide.mcu.externaltools.gnu-tools-for-stm32.9-2020-q2-update.win32_1.5.0.202011040924/tools/bin/../lib/gcc/arm-none-eabi/9.3.1/../../../../arm-none-eabi/lib/thumb/v7e-m+fp/hard\libc_nano.a
LOAD c:/programy/st/stm32cubeide_1.6.0/stm32cubeide/plugins/com.st.stm32cube.ide.mcu.externaltools.gnu-tools-for-stm32.9-2020-q2-update.win32_1.5.0.202011040924/tools/bin/../lib/gcc/arm-none-eabi/9.3.1/../../../../arm-none-eabi/lib/thumb/v7e-m+fp/hard\libnosys.a
END GROUP
START GROUP
LOAD c:/programy/st/stm32cubeide_1.6.0/stm32cubeide/plugins/com.st.stm32cube.ide.mcu.externaltools.gnu-tools-for-stm32.9-2020-q2-update.win32_1.5.0.202011040924/tools/bin/../lib/gcc/arm-none-eabi/9.3.1/thumb/v7e-m+fp/hard\libgcc.a
LOAD c:/programy/st/stm32cubeide_1.6.0/stm32cubeide/plugins/com.st.stm32cube.ide.mcu.externaltools.gnu-tools-for-stm32.9-2020-q2-update.win32_1.5.0.202011040924/tools/bin/../lib/gcc/arm-none-eabi/9.3.1/../../../../arm-none-eabi/lib/thumb/v7e-m+fp/hard\libc_nano.a
LOAD c:/programy/st/stm32cubeide_1.6.0/stm32cubeide/plugins/com.st.stm32cube.ide.mcu.externaltools.gnu-tools-for-stm32.9-2020-q2-update.win32_1.5.0.202011040924/tools/bin/../lib/gcc/arm-none-eabi/9.3.1/../../../../arm-none-eabi/lib/thumb/v7e-m+fp/hard\libnosys.a
END GROUP
LOAD c:/programy/st/stm32cubeide_1.6.0/stm32cubeide/plugins/com.st.stm32cube.ide.mcu.externaltools.gnu-tools-for-stm32.9-2020-q2-update.win32_1.5.0.202011040924/tools/bin/../lib/gcc/arm-none-eabi/9.3.1/thumb/v7e-m+fp/hard/crtend.o
LOAD c:/programy/st/stm32cubeide_1.6.0/stm32cubeide/plugins/com.st.stm32cube.ide.mcu.externaltools.gnu-tools-for-stm32.9-2020-q2-update.win32_1.5.0.202011040924/tools/bin/../lib/gcc/arm-none-eabi/9.3.1/thumb/v7e-m+fp/hard/crtn.o
                0x0000000020050000                _estack = 0x20050000
                0x0000000000000200                _Min_Heap_Size = 0x200
                0x0000000000000400                _Min_Stack_Size = 0x400

.isr_vector     0x0000000008000000      0x1d8
                0x0000000008000000                . = ALIGN (0x4)
 *(.isr_vector)
 .isr_vector    0x0000000008000000      0x1d8 startup/startup_stm32f413xx.o
                0x0000000008000000                g_pfnVectors
                0x00000000080001d8                . = ALIGN (0x4)

.text           0x00000000080001e0     0xaba4
                0x00000000080001e0                . = ALIGN (0x4)
 *(.text)
 .text          0x00000000080001e0       0x40 c:/programy/st/stm32cubeide_1.6.0/stm32cubeide/plugins/com.st.stm32cube.ide.mcu.externaltools.gnu-tools-for-stm32.9-2020-q2-update.win32_1.5.0.202011040924/tools/bin/../lib/gcc/arm-none-eabi/9.3.1/thumb/v7e-m+fp/hard/crtbegin.o
 .text          0x0000000008000220       0x10 c:/programy/st/stm32cubeide_1.6.0/stm32cubeide/plugins/com.st.stm32cube.ide.mcu.externaltools.gnu-tools-for-stm32.9-2020-q2-update.win32_1.5.0.202011040924/tools/bin/../lib/gcc/arm-none-eabi/9.3.1/../../../../arm-none-eabi/lib/thumb/v7e-m+fp/hard\libc_nano.a(lib_a-strlen.o)
                0x0000000008000220                strlen
 .text          0x0000000008000230       0xa0 c:/programy/st/stm32cubeide_1.6.0/stm32cubeide/plugins/com.st.stm32cube.ide.mcu.externaltools.gnu-tools-for-stm32.9-2020-q2-update.win32_1.5.0.202011040924/tools/bin/../lib/gcc/arm-none-eabi/9.3.1/../../../../arm-none-eabi/lib/thumb/v7e-m+fp/hard\libc_nano.a(lib_a-memchr.o)
                0x0000000008000230                memchr
 .text          0x00000000080002d0      0x378 c:/programy/st/stm32cubeide_1.6.0/stm32cubeide/plugins/com.st.stm32cube.ide.mcu.externaltools.gnu-tools-for-stm32.9-2020-q2-update.win32_1.5.0.202011040924/tools/bin/../lib/gcc/arm-none-eabi/9.3.1/thumb/v7e-m+fp/hard\libgcc.a(_arm_addsubdf3.o)
                0x00000000080002d0                __aeabi_drsub
                0x00000000080002d8                __aeabi_dsub
                0x00000000080002d8                __subdf3
                0x00000000080002dc                __aeabi_dadd
                0x00000000080002dc                __adddf3
                0x0000000008000554                __floatunsidf
                0x0000000008000554                __aeabi_ui2d
                0x0000000008000574                __floatsidf
                0x0000000008000574                __aeabi_i2d
                0x0000000008000598                __aeabi_f2d
                0x0000000008000598                __extendsfdf2
                0x00000000080005dc                __floatundidf
                0x00000000080005dc                __aeabi_ul2d
                0x00000000080005ec                __floatdidf
                0x00000000080005ec                __aeabi_l2d
 .text          0x0000000008000648      0x424 c:/programy/st/stm32cubeide_1.6.0/stm32cubeide/plugins/com.st.stm32cube.ide.mcu.externaltools.gnu-tools-for-stm32.9-2020-q2-update.win32_1.5.0.202011040924/tools/bin/../lib/gcc/arm-none-eabi/9.3.1/thumb/v7e-m+fp/hard\libgcc.a(_arm_muldivdf3.o)
                0x0000000008000648                __aeabi_dmul
                0x0000000008000648                __muldf3
                0x000000000800089c                __divdf3
                0x000000000800089c                __aeabi_ddiv
 .text          0x0000000008000a6c      0x110 c:/programy/st/stm32cubeide_1.6.0/stm32cubeide/plugins/com.st.stm32cube.ide.mcu.externaltools.gnu-tools-for-stm32.9-2020-q2-update.win32_1.5.0.202011040924/tools/bin/../lib/gcc/arm-none-eabi/9.3.1/thumb/v7e-m+fp/hard\libgcc.a(_arm_cmpdf2.o)
                0x0000000008000a6c                __gtdf2
                0x0000000008000a6c                __gedf2
                0x0000000008000a74                __ltdf2
                0x0000000008000a74                __ledf2
                0x0000000008000a7c                __nedf2
                0x0000000008000a7c                __eqdf2
                0x0000000008000a7c                __cmpdf2
                0x0000000008000af8                __aeabi_cdrcmple
                0x0000000008000b08                __aeabi_cdcmpeq
                0x0000000008000b08                __aeabi_cdcmple
                0x0000000008000b18                __aeabi_dcmpeq
                0x0000000008000b2c                __aeabi_dcmplt
                0x0000000008000b40                __aeabi_dcmple
                0x0000000008000b54                __aeabi_dcmpge
                0x0000000008000b68                __aeabi_dcmpgt
 .text          0x0000000008000b7c       0x2c c:/programy/st/stm32cubeide_1.6.0/stm32cubeide/plugins/com.st.stm32cube.ide.mcu.externaltools.gnu-tools-for-stm32.9-2020-q2-update.win32_1.5.0.202011040924/tools/bin/../lib/gcc/arm-none-eabi/9.3.1/thumb/v7e-m+fp/hard\libgcc.a(_arm_unorddf2.o)
                0x0000000008000b7c                __unorddf2
                0x0000000008000b7c                __aeabi_dcmpun
 .text          0x0000000008000ba8       0x50 c:/programy/st/stm32cubeide_1.6.0/stm32cubeide/plugins/com.st.stm32cube.ide.mcu.externaltools.gnu-tools-for-stm32.9-2020-q2-update.win32_1.5.0.202011040924/tools/bin/../lib/gcc/arm-none-eabi/9.3.1/thumb/v7e-m+fp/hard\libgcc.a(_arm_fixdfsi.o)
                0x0000000008000ba8                __aeabi_d2iz
                0x0000000008000ba8                __fixdfsi
 .text          0x0000000008000bf8       0x30 c:/programy/st/stm32cubeide_1.6.0/stm32cubeide/plugins/com.st.stm32cube.ide.mcu.externaltools.gnu-tools-for-stm32.9-2020-q2-update.win32_1.5.0.202011040924/tools/bin/../lib/gcc/arm-none-eabi/9.3.1/thumb/v7e-m+fp/hard\libgcc.a(_aeabi_uldivmod.o)
                0x0000000008000bf8                __aeabi_uldivmod
 .text          0x0000000008000c28      0x2c4 c:/programy/st/stm32cubeide_1.6.0/stm32cubeide/plugins/com.st.stm32cube.ide.mcu.externaltools.gnu-tools-for-stm32.9-2020-q2-update.win32_1.5.0.202011040924/tools/bin/../lib/gcc/arm-none-eabi/9.3.1/thumb/v7e-m+fp/hard\libgcc.a(_udivmoddi4.o)
                0x0000000008000c28                __udivmoddi4
 .text          0x0000000008000eec        0x4 c:/programy/st/stm32cubeide_1.6.0/stm32cubeide/plugins/com.st.stm32cube.ide.mcu.externaltools.gnu-tools-for-stm32.9-2020-q2-update.win32_1.5.0.202011040924/tools/bin/../lib/gcc/arm-none-eabi/9.3.1/thumb/v7e-m+fp/hard\libgcc.a(_dvmd_tls.o)
                0x0000000008000eec                __aeabi_idiv0
                0x0000000008000eec                __aeabi_ldiv0
 *(.text*)
 .text.HAL_InitTick
                0x0000000008000ef0       0x48 Drivers/STM32F4xx_HAL_Driver/Src/stm32f4xx_hal.o
                0x0000000008000ef0                HAL_InitTick
 .text.HAL_Init
                0x0000000008000f38       0x34 Drivers/STM32F4xx_HAL_Driver/Src/stm32f4xx_hal.o
                0x0000000008000f38                HAL_Init
 .text.HAL_IncTick
                0x0000000008000f6c       0x18 Drivers/STM32F4xx_HAL_Driver/Src/stm32f4xx_hal.o
                0x0000000008000f6c                HAL_IncTick
 .text.HAL_GetTick
                0x0000000008000f84        0xc Drivers/STM32F4xx_HAL_Driver/Src/stm32f4xx_hal.o
                0x0000000008000f84                HAL_GetTick
 .text.HAL_Delay
                0x0000000008000f90       0x28 Drivers/STM32F4xx_HAL_Driver/Src/stm32f4xx_hal.o
                0x0000000008000f90                HAL_Delay
 .text.HAL_NVIC_SetPriorityGrouping
                0x0000000008000fb8       0x24 Drivers/STM32F4xx_HAL_Driver/Src/stm32f4xx_hal_cortex.o
                0x0000000008000fb8                HAL_NVIC_SetPriorityGrouping
 .text.HAL_NVIC_SetPriority
                0x0000000008000fdc       0x68 Drivers/STM32F4xx_HAL_Driver/Src/stm32f4xx_hal_cortex.o
                0x0000000008000fdc                HAL_NVIC_SetPriority
 .text.HAL_NVIC_EnableIRQ
                0x0000000008001044       0x1c Drivers/STM32F4xx_HAL_Driver/Src/stm32f4xx_hal_cortex.o
                0x0000000008001044                HAL_NVIC_EnableIRQ
 .text.HAL_SYSTICK_Config
                0x0000000008001060       0x2c Drivers/STM32F4xx_HAL_Driver/Src/stm32f4xx_hal_cortex.o
                0x0000000008001060                HAL_SYSTICK_Config
 .text.DMA_SetConfig
                0x000000000800108c       0x2c Drivers/STM32F4xx_HAL_Driver/Src/stm32f4xx_hal_dma.o
 .text.DMA_CalcBaseAndBitshift
                0x00000000080010b8       0x44 Drivers/STM32F4xx_HAL_Driver/Src/stm32f4xx_hal_dma.o
 .text.DMA_CheckFifoParam
                0x00000000080010fc       0x8e Drivers/STM32F4xx_HAL_Driver/Src/stm32f4xx_hal_dma.o
 *fill*         0x000000000800118a        0x2 
 .text.HAL_DMA_Init
                0x000000000800118c       0xcc Drivers/STM32F4xx_HAL_Driver/Src/stm32f4xx_hal_dma.o
                0x000000000800118c                HAL_DMA_Init
 .text.HAL_DMA_Start_IT
                0x0000000008001258       0x6a Drivers/STM32F4xx_HAL_Driver/Src/stm32f4xx_hal_dma.o
                0x0000000008001258                HAL_DMA_Start_IT
 .text.HAL_DMA_Abort
                0x00000000080012c2       0x94 Drivers/STM32F4xx_HAL_Driver/Src/stm32f4xx_hal_dma.o
                0x00000000080012c2                HAL_DMA_Abort
 .text.HAL_DMA_Abort_IT
                0x0000000008001356       0x26 Drivers/STM32F4xx_HAL_Driver/Src/stm32f4xx_hal_dma.o
                0x0000000008001356                HAL_DMA_Abort_IT
 .text.HAL_DMA_IRQHandler
                0x000000000800137c      0x1dc Drivers/STM32F4xx_HAL_Driver/Src/stm32f4xx_hal_dma.o
                0x000000000800137c                HAL_DMA_IRQHandler
 .text.HAL_GPIO_Init
                0x0000000008001558      0x1c0 Drivers/STM32F4xx_HAL_Driver/Src/stm32f4xx_hal_gpio.o
                0x0000000008001558                HAL_GPIO_Init
 .text.HAL_GPIO_WritePin
                0x0000000008001718        0xc Drivers/STM32F4xx_HAL_Driver/Src/stm32f4xx_hal_gpio.o
                0x0000000008001718                HAL_GPIO_WritePin
 .text.HAL_RCC_GetSysClockFreq
                0x0000000008001724       0xa0 Drivers/STM32F4xx_HAL_Driver/Src/stm32f4xx_hal_rcc.o
                0x0000000008001724                HAL_RCC_GetSysClockFreq
 .text.HAL_RCC_ClockConfig
                0x00000000080017c4      0x160 Drivers/STM32F4xx_HAL_Driver/Src/stm32f4xx_hal_rcc.o
                0x00000000080017c4                HAL_RCC_ClockConfig
 .text.HAL_RCC_GetHCLKFreq
                0x0000000008001924        0xc Drivers/STM32F4xx_HAL_Driver/Src/stm32f4xx_hal_rcc.o
                0x0000000008001924                HAL_RCC_GetHCLKFreq
 .text.HAL_RCC_GetPCLK1Freq
                0x0000000008001930       0x20 Drivers/STM32F4xx_HAL_Driver/Src/stm32f4xx_hal_rcc.o
                0x0000000008001930                HAL_RCC_GetPCLK1Freq
 .text.HAL_RCC_GetPCLK2Freq
                0x0000000008001950       0x20 Drivers/STM32F4xx_HAL_Driver/Src/stm32f4xx_hal_rcc.o
                0x0000000008001950                HAL_RCC_GetPCLK2Freq
 .text.HAL_RCCEx_PeriphCLKConfig
                0x0000000008001970      0x3d8 Drivers/STM32F4xx_HAL_Driver/Src/stm32f4xx_hal_rcc_ex.o
                0x0000000008001970                HAL_RCCEx_PeriphCLKConfig
 .text.HAL_RCC_OscConfig
                0x0000000008001d48      0x394 Drivers/STM32F4xx_HAL_Driver/Src/stm32f4xx_hal_rcc_ex.o
                0x0000000008001d48                HAL_RCC_OscConfig
 .text.HAL_RTC_AlarmIRQHandler
                0x00000000080020dc       0x60 Drivers/STM32F4xx_HAL_Driver/Src/stm32f4xx_hal_rtc.o
                0x00000000080020dc                HAL_RTC_AlarmIRQHandler
 .text.HAL_RTC_WaitForSynchro
                0x000000000800213c       0x32 Drivers/STM32F4xx_HAL_Driver/Src/stm32f4xx_hal_rtc.o
                0x000000000800213c                HAL_RTC_WaitForSynchro
 .text.RTC_EnterInitMode
                0x000000000800216e       0x3c Drivers/STM32F4xx_HAL_Driver/Src/stm32f4xx_hal_rtc.o
                0x000000000800216e                RTC_EnterInitMode
 .text.HAL_RTC_Init
                0x00000000080021aa       0xc4 Drivers/STM32F4xx_HAL_Driver/Src/stm32f4xx_hal_rtc.o
                0x00000000080021aa                HAL_RTC_Init
 .text.RTC_ByteToBcd2
                0x000000000800226e       0x16 Drivers/STM32F4xx_HAL_Driver/Src/stm32f4xx_hal_rtc.o
                0x000000000800226e                RTC_ByteToBcd2
 .text.HAL_RTC_SetTime
                0x0000000008002284       0xfe Drivers/STM32F4xx_HAL_Driver/Src/stm32f4xx_hal_rtc.o
                0x0000000008002284                HAL_RTC_SetTime
 .text.HAL_RTC_SetDate
                0x0000000008002382       0xda Drivers/STM32F4xx_HAL_Driver/Src/stm32f4xx_hal_rtc.o
                0x0000000008002382                HAL_RTC_SetDate
 .text.HAL_RTC_SetAlarm_IT
                0x000000000800245c      0x1a0 Drivers/STM32F4xx_HAL_Driver/Src/stm32f4xx_hal_rtc.o
                0x000000000800245c                HAL_RTC_SetAlarm_IT
 .text.RTC_Bcd2ToByte
                0x00000000080025fc       0x12 Drivers/STM32F4xx_HAL_Driver/Src/stm32f4xx_hal_rtc.o
                0x00000000080025fc                RTC_Bcd2ToByte
 .text.HAL_RTC_GetTime
                0x000000000800260e       0x50 Drivers/STM32F4xx_HAL_Driver/Src/stm32f4xx_hal_rtc.o
                0x000000000800260e                HAL_RTC_GetTime
 .text.HAL_RTC_GetDate
                0x000000000800265e       0x3c Drivers/STM32F4xx_HAL_Driver/Src/stm32f4xx_hal_rtc.o
                0x000000000800265e                HAL_RTC_GetDate
 .text.HAL_RTCEx_AlarmBEventCallback
                0x000000000800269a        0x2 Drivers/STM32F4xx_HAL_Driver/Src/stm32f4xx_hal_rtc_ex.o
                0x000000000800269a                HAL_RTCEx_AlarmBEventCallback
 .text.SPI_WaitFlagStateUntilTimeout
                0x000000000800269c       0x94 Drivers/STM32F4xx_HAL_Driver/Src/stm32f4xx_hal_spi.o
 .text.SPI_EndRxTxTransaction
                0x0000000008002730       0x68 Drivers/STM32F4xx_HAL_Driver/Src/stm32f4xx_hal_spi.o
 .text.SPI_EndRxTransaction
                0x0000000008002798       0x8c Drivers/STM32F4xx_HAL_Driver/Src/stm32f4xx_hal_spi.o
 .text.HAL_SPI_Init
                0x0000000008002824       0x80 Drivers/STM32F4xx_HAL_Driver/Src/stm32f4xx_hal_spi.o
                0x0000000008002824                HAL_SPI_Init
 .text.HAL_SPI_Transmit
                0x00000000080028a4      0x1a4 Drivers/STM32F4xx_HAL_Driver/Src/stm32f4xx_hal_spi.o
                0x00000000080028a4                HAL_SPI_Transmit
 .text.HAL_SPI_TransmitReceive
                0x0000000008002a48      0x238 Drivers/STM32F4xx_HAL_Driver/Src/stm32f4xx_hal_spi.o
                0x0000000008002a48                HAL_SPI_TransmitReceive
 .text.HAL_SPI_Receive
                0x0000000008002c80      0x166 Drivers/STM32F4xx_HAL_Driver/Src/stm32f4xx_hal_spi.o
                0x0000000008002c80                HAL_SPI_Receive
 .text.HAL_TIM_Base_Start_IT
                0x0000000008002de6       0x22 Drivers/STM32F4xx_HAL_Driver/Src/stm32f4xx_hal_tim.o
                0x0000000008002de6                HAL_TIM_Base_Start_IT
 .text.HAL_TIM_OC_DelayElapsedCallback
                0x0000000008002e08        0x2 Drivers/STM32F4xx_HAL_Driver/Src/stm32f4xx_hal_tim.o
                0x0000000008002e08                HAL_TIM_OC_DelayElapsedCallback
 .text.HAL_TIM_IC_CaptureCallback
                0x0000000008002e0a        0x2 Drivers/STM32F4xx_HAL_Driver/Src/stm32f4xx_hal_tim.o
                0x0000000008002e0a                HAL_TIM_IC_CaptureCallback
 .text.HAL_TIM_PWM_PulseFinishedCallback
                0x0000000008002e0c        0x2 Drivers/STM32F4xx_HAL_Driver/Src/stm32f4xx_hal_tim.o
                0x0000000008002e0c                HAL_TIM_PWM_PulseFinishedCallback
 .text.HAL_TIM_TriggerCallback
                0x0000000008002e0e        0x2 Drivers/STM32F4xx_HAL_Driver/Src/stm32f4xx_hal_tim.o
                0x0000000008002e0e                HAL_TIM_TriggerCallback
 .text.HAL_TIM_IRQHandler
                0x0000000008002e10      0x17a Drivers/STM32F4xx_HAL_Driver/Src/stm32f4xx_hal_tim.o
                0x0000000008002e10                HAL_TIM_IRQHandler
 *fill*         0x0000000008002f8a        0x2 
 .text.TIM_Base_SetConfig
                0x0000000008002f8c       0xc8 Drivers/STM32F4xx_HAL_Driver/Src/stm32f4xx_hal_tim.o
                0x0000000008002f8c                TIM_Base_SetConfig
 .text.HAL_TIM_Base_Init
                0x0000000008003054       0x34 Drivers/STM32F4xx_HAL_Driver/Src/stm32f4xx_hal_tim.o
                0x0000000008003054                HAL_TIM_Base_Init
 .text.HAL_TIMEx_MasterConfigSynchronization
                0x0000000008003088       0x88 Drivers/STM32F4xx_HAL_Driver/Src/stm32f4xx_hal_tim_ex.o
                0x0000000008003088                HAL_TIMEx_MasterConfigSynchronization
 .text.HAL_TIMEx_CommutCallback
                0x0000000008003110        0x2 Drivers/STM32F4xx_HAL_Driver/Src/stm32f4xx_hal_tim_ex.o
                0x0000000008003110                HAL_TIMEx_CommutCallback
 .text.HAL_TIMEx_BreakCallback
                0x0000000008003112        0x2 Drivers/STM32F4xx_HAL_Driver/Src/stm32f4xx_hal_tim_ex.o
                0x0000000008003112                HAL_TIMEx_BreakCallback
 .text.UART_EndTxTransfer
                0x0000000008003114       0x12 Drivers/STM32F4xx_HAL_Driver/Src/stm32f4xx_hal_uart.o
 .text.UART_EndRxTransfer
                0x0000000008003126       0x1c Drivers/STM32F4xx_HAL_Driver/Src/stm32f4xx_hal_uart.o
 .text.UART_Transmit_IT
                0x0000000008003142       0x66 Drivers/STM32F4xx_HAL_Driver/Src/stm32f4xx_hal_uart.o
 .text.UART_SetConfig
                0x00000000080031a8      0x20c Drivers/STM32F4xx_HAL_Driver/Src/stm32f4xx_hal_uart.o
 .text.HAL_UART_Init
                0x00000000080033b4       0x5e Drivers/STM32F4xx_HAL_Driver/Src/stm32f4xx_hal_uart.o
                0x00000000080033b4                HAL_UART_Init
 *fill*         0x0000000008003412        0x2 
 .text.HAL_UART_Transmit_DMA
                0x0000000008003414       0x8c Drivers/STM32F4xx_HAL_Driver/Src/stm32f4xx_hal_uart.o
                0x0000000008003414                HAL_UART_Transmit_DMA
 .text.HAL_UART_Receive_DMA
                0x00000000080034a0       0xa8 Drivers/STM32F4xx_HAL_Driver/Src/stm32f4xx_hal_uart.o
                0x00000000080034a0                HAL_UART_Receive_DMA
 .text.HAL_UART_DMAStop
                0x0000000008003548       0x64 Drivers/STM32F4xx_HAL_Driver/Src/stm32f4xx_hal_uart.o
                0x0000000008003548                HAL_UART_DMAStop
 .text.HAL_UART_TxCpltCallback
                0x00000000080035ac        0x2 Drivers/STM32F4xx_HAL_Driver/Src/stm32f4xx_hal_uart.o
                0x00000000080035ac                HAL_UART_TxCpltCallback
 .text.UART_DMATransmitCplt
                0x00000000080035ae       0x30 Drivers/STM32F4xx_HAL_Driver/Src/stm32f4xx_hal_uart.o
 .text.UART_EndTransmit_IT
                0x00000000080035de       0x1a Drivers/STM32F4xx_HAL_Driver/Src/stm32f4xx_hal_uart.o
 .text.HAL_UART_TxHalfCpltCallback
                0x00000000080035f8        0x2 Drivers/STM32F4xx_HAL_Driver/Src/stm32f4xx_hal_uart.o
                0x00000000080035f8                HAL_UART_TxHalfCpltCallback
 .text.UART_DMATxHalfCplt
                0x00000000080035fa        0xa Drivers/STM32F4xx_HAL_Driver/Src/stm32f4xx_hal_uart.o
 .text.HAL_UART_RxCpltCallback
                0x0000000008003604        0x2 Drivers/STM32F4xx_HAL_Driver/Src/stm32f4xx_hal_uart.o
                0x0000000008003604                HAL_UART_RxCpltCallback
 .text.UART_DMAReceiveCplt
                0x0000000008003606       0x3e Drivers/STM32F4xx_HAL_Driver/Src/stm32f4xx_hal_uart.o
 .text.UART_Receive_IT
                0x0000000008003644       0x9e Drivers/STM32F4xx_HAL_Driver/Src/stm32f4xx_hal_uart.o
 .text.HAL_UART_RxHalfCpltCallback
                0x00000000080036e2        0x2 Drivers/STM32F4xx_HAL_Driver/Src/stm32f4xx_hal_uart.o
                0x00000000080036e2                HAL_UART_RxHalfCpltCallback
 .text.UART_DMARxHalfCplt
                0x00000000080036e4        0xa Drivers/STM32F4xx_HAL_Driver/Src/stm32f4xx_hal_uart.o
 .text.HAL_UART_ErrorCallback
                0x00000000080036ee        0x2 Drivers/STM32F4xx_HAL_Driver/Src/stm32f4xx_hal_uart.o
                0x00000000080036ee                HAL_UART_ErrorCallback
 .text.UART_DMAError
                0x00000000080036f0       0x58 Drivers/STM32F4xx_HAL_Driver/Src/stm32f4xx_hal_uart.o
 .text.HAL_UART_IRQHandler
                0x0000000008003748      0x128 Drivers/STM32F4xx_HAL_Driver/Src/stm32f4xx_hal_uart.o
                0x0000000008003748                HAL_UART_IRQHandler
 .text.UART_DMAAbortOnError
                0x0000000008003870       0x10 Drivers/STM32F4xx_HAL_Driver/Src/stm32f4xx_hal_uart.o
 .text.spiTradeByte
                0x0000000008003880       0x2c Src/EEPROM.o
                0x0000000008003880                spiTradeByte
 .text.EEPROM_read
                0x00000000080038ac       0x40 Src/EEPROM.o
                0x00000000080038ac                EEPROM_read
 .text.EEPROM_readSettings
                0x00000000080038ec       0x4c Src/EEPROM.o
                0x00000000080038ec                EEPROM_readSettings
 .text.EEPROM_write
                0x0000000008003938       0x64 Src/EEPROM.o
                0x0000000008003938                EEPROM_write
 .text.EEPROM_write_multiple
                0x000000000800399c       0x70 Src/EEPROM.o
                0x000000000800399c                EEPROM_write_multiple
 .text.EEPROM_add_archive_entry
                0x0000000008003a0c      0x128 Src/EEPROM.o
                0x0000000008003a0c                EEPROM_add_archive_entry
 .text.EEPROM_read_archive_entry
                0x0000000008003b34       0x7c Src/EEPROM.o
                0x0000000008003b34                EEPROM_read_archive_entry
 .text.erase_archive
                0x0000000008003bb0       0x60 Src/EEPROM.o
                0x0000000008003bb0                erase_archive
 .text.OLED_Power
                0x0000000008003c10       0x20 Src/OLED.o
                0x0000000008003c10                OLED_Power
 .text.OLED_Reset
                0x0000000008003c30       0x34 Src/OLED.o
                0x0000000008003c30                OLED_Reset
 .text.OLED_WriteData
                0x0000000008003c64       0x3c Src/OLED.o
                0x0000000008003c64                OLED_WriteData
 .text.OLED_WriteCmd
                0x0000000008003ca0       0x3c Src/OLED.o
                0x0000000008003ca0                OLED_WriteCmd
 .text.OLED_Init
                0x0000000008003cdc      0x142 Src/OLED.o
                0x0000000008003cdc                OLED_Init
 .text.OLED_CLEAR
                0x0000000008003e1e       0x3a Src/OLED.o
                0x0000000008003e1e                OLED_CLEAR
 .text.OLED_font_5x7
                0x0000000008003e58       0x98 Src/OLED.o
                0x0000000008003e58                OLED_font_5x7
 .text.OLED_font_10x14
                0x0000000008003ef0       0xb0 Src/OLED.o
                0x0000000008003ef0                OLED_font_10x14
 .text.OLED_font_15x24
                0x0000000008003fa0      0x114 Src/OLED.o
                0x0000000008003fa0                OLED_font_15x24
 .text.OLED_font_20x32
                0x00000000080040b4       0xe0 Src/OLED.o
                0x00000000080040b4                OLED_font_20x32
 .text.OLED_PutStr
                0x0000000008004194       0xb6 Src/OLED.o
                0x0000000008004194                OLED_PutStr
 *fill*         0x000000000800424a        0x2 
 .text.OLED_bitmap
                0x000000000800424c       0x68 Src/OLED.o
                0x000000000800424c                OLED_bitmap
 .text.register_on_key_press_callback
                0x00000000080042b4        0xc Src/kbd.o
                0x00000000080042b4                register_on_key_press_callback
 .text.isr_kbd  0x00000000080042c0       0x90 Src/kbd.o
                0x00000000080042c0                isr_kbd
 .text.kbd_event_handler
                0x0000000008004350       0x4c Src/kbd.o
                0x0000000008004350                kbd_event_handler
 .text.MX_GPIO_Init
                0x000000000800439c      0x180 Src/main.o
 .text.MX_DMA_Init
                0x000000000800451c       0x78 Src/main.o
 .text.MX_SPI1_Init
                0x0000000008004594       0x3c Src/main.o
 .text.MX_SPI2_Init
                0x00000000080045d0       0x3c Src/main.o
 .text.MX_USART2_UART_Init
                0x000000000800460c       0x2c Src/main.o
 .text.MX_USART6_UART_Init
                0x0000000008004638       0x2c Src/main.o
 .text.MX_TIM6_Init
                0x0000000008004664       0x3c Src/main.o
 .text.MX_RTC_Init
                0x00000000080046a0       0x78 Src/main.o
 .text.CalcChecksum
                0x0000000008004718       0x1e Src/main.o
                0x0000000008004718                CalcChecksum
 *fill*         0x0000000008004736        0x2 
 .text.No_of_days_a_month
                0x0000000008004738       0x40 Src/main.o
                0x0000000008004738                No_of_days_a_month
 .text.verify_date
                0x0000000008004778      0x1d8 Src/main.o
                0x0000000008004778                verify_date
 .text.fetch_date_time
                0x0000000008004950       0x44 Src/main.o
                0x0000000008004950                fetch_date_time
 .text.verify_settings
                0x0000000008004994      0x16c Src/main.o
                0x0000000008004994                verify_settings
 .text.reset_screen_saver
                0x0000000008004b00       0x28 Src/main.o
                0x0000000008004b00                reset_screen_saver
 .text.exit_main_menu
                0x0000000008004b28       0x38 Src/main.o
                0x0000000008004b28                exit_main_menu
 .text.MM_up_one_level
                0x0000000008004b60       0x20 Src/main.o
                0x0000000008004b60                MM_up_one_level
 .text.drawFrame
                0x0000000008004b80     0x17b4 Src/main.o
                0x0000000008004b80                drawFrame
 .text.main_menu
                0x0000000008006334       0x24 Src/main.o
                0x0000000008006334                main_menu
 .text.key_down_callback
                0x0000000008006358      0x788 Src/main.o
                0x0000000008006358                key_down_callback
 .text.USER_UART2_IDLE_Callback
                0x0000000008006ae0      0x154 Src/main.o
                0x0000000008006ae0                USER_UART2_IDLE_Callback
 .text.USER_UART6_IDLE_Callback
                0x0000000008006c34      0x2a0 Src/main.o
                0x0000000008006c34                USER_UART6_IDLE_Callback
 .text.SystemClock_Config
                0x0000000008006ed4       0xb4 Src/main.o
                0x0000000008006ed4                SystemClock_Config
 .text.main     0x0000000008006f88      0x950 Src/main.o
                0x0000000008006f88                main
 .text.HAL_TIM_PeriodElapsedCallback
                0x00000000080078d8       0x6c Src/main.o
                0x00000000080078d8                HAL_TIM_PeriodElapsedCallback
 .text.HAL_RTC_AlarmAEventCallback
                0x0000000008007944      0x114 Src/main.o
                0x0000000008007944                HAL_RTC_AlarmAEventCallback
 .text.Error_Handler
                0x0000000008007a58        0x2 Src/main.o
                0x0000000008007a58                Error_Handler
 *fill*         0x0000000008007a5a        0x2 
 .text.HAL_MspInit
                0x0000000008007a5c       0x38 Src/stm32f4xx_hal_msp.o
                0x0000000008007a5c                HAL_MspInit
 .text.HAL_RTC_MspInit
                0x0000000008007a94       0x2c Src/stm32f4xx_hal_msp.o
                0x0000000008007a94                HAL_RTC_MspInit
 .text.HAL_SPI_MspInit
                0x0000000008007ac0       0xcc Src/stm32f4xx_hal_msp.o
                0x0000000008007ac0                HAL_SPI_MspInit
 .text.HAL_TIM_Base_MspInit
                0x0000000008007b8c       0x40 Src/stm32f4xx_hal_msp.o
                0x0000000008007b8c                HAL_TIM_Base_MspInit
 .text.HAL_UART_MspInit
                0x0000000008007bcc      0x1dc Src/stm32f4xx_hal_msp.o
                0x0000000008007bcc                HAL_UART_MspInit
 .text.NMI_Handler
                0x0000000008007da8        0x2 Src/stm32f4xx_it.o
                0x0000000008007da8                NMI_Handler
 .text.HardFault_Handler
                0x0000000008007daa        0x2 Src/stm32f4xx_it.o
                0x0000000008007daa                HardFault_Handler
 .text.MemManage_Handler
                0x0000000008007dac        0x2 Src/stm32f4xx_it.o
                0x0000000008007dac                MemManage_Handler
 .text.BusFault_Handler
                0x0000000008007dae        0x2 Src/stm32f4xx_it.o
                0x0000000008007dae                BusFault_Handler
 .text.UsageFault_Handler
                0x0000000008007db0        0x2 Src/stm32f4xx_it.o
                0x0000000008007db0                UsageFault_Handler
 .text.SVC_Handler
                0x0000000008007db2        0x2 Src/stm32f4xx_it.o
                0x0000000008007db2                SVC_Handler
 .text.DebugMon_Handler
                0x0000000008007db4        0x2 Src/stm32f4xx_it.o
                0x0000000008007db4                DebugMon_Handler
 .text.PendSV_Handler
                0x0000000008007db6        0x2 Src/stm32f4xx_it.o
                0x0000000008007db6                PendSV_Handler
 .text.SysTick_Handler
                0x0000000008007db8        0x8 Src/stm32f4xx_it.o
                0x0000000008007db8                SysTick_Handler
 .text.DMA1_Stream5_IRQHandler
                0x0000000008007dc0       0x10 Src/stm32f4xx_it.o
                0x0000000008007dc0                DMA1_Stream5_IRQHandler
 .text.DMA1_Stream6_IRQHandler
                0x0000000008007dd0       0x10 Src/stm32f4xx_it.o
                0x0000000008007dd0                DMA1_Stream6_IRQHandler
 .text.RTC_Alarm_IRQHandler
                0x0000000008007de0       0x10 Src/stm32f4xx_it.o
                0x0000000008007de0                RTC_Alarm_IRQHandler
 .text.TIM6_DAC_IRQHandler
                0x0000000008007df0       0x10 Src/stm32f4xx_it.o
                0x0000000008007df0                TIM6_DAC_IRQHandler
 .text.DMA2_Stream1_IRQHandler
                0x0000000008007e00       0x10 Src/stm32f4xx_it.o
                0x0000000008007e00                DMA2_Stream1_IRQHandler
 .text.DMA2_Stream6_IRQHandler
                0x0000000008007e10       0x10 Src/stm32f4xx_it.o
                0x0000000008007e10                DMA2_Stream6_IRQHandler
 .text.USER_UART_IRQHandler
                0x0000000008007e20       0x6c Src/stm32f4xx_it.o
                0x0000000008007e20                USER_UART_IRQHandler
 .text.USART2_IRQHandler
                0x0000000008007e8c       0x18 Src/stm32f4xx_it.o
                0x0000000008007e8c                USART2_IRQHandler
 .text.USART6_IRQHandler
                0x0000000008007ea4       0x18 Src/stm32f4xx_it.o
                0x0000000008007ea4                USART6_IRQHandler
 .text._getpid  0x0000000008007ebc        0x4 Src/syscalls.o
                0x0000000008007ebc                _getpid
 .text._kill    0x0000000008007ec0       0x10 Src/syscalls.o
                0x0000000008007ec0                _kill
 .text._exit    0x0000000008007ed0        0xc Src/syscalls.o
                0x0000000008007ed0                _exit
 .text._read    0x0000000008007edc       0x20 Src/syscalls.o
                0x0000000008007edc                _read
 .text._write   0x0000000008007efc       0x1c Src/syscalls.o
                0x0000000008007efc                _write
 .text._sbrk    0x0000000008007f18       0x3c Src/syscalls.o
                0x0000000008007f18                _sbrk
 .text._close   0x0000000008007f54        0x6 Src/syscalls.o
                0x0000000008007f54                _close
 .text._fstat   0x0000000008007f5a        0xa Src/syscalls.o
                0x0000000008007f5a                _fstat
 .text._isatty  0x0000000008007f64        0x4 Src/syscalls.o
                0x0000000008007f64                _isatty
 .text._lseek   0x0000000008007f68        0x4 Src/syscalls.o
                0x0000000008007f68                _lseek
 .text.SystemInit
                0x0000000008007f6c       0x1c Src/system_stm32f4xx.o
                0x0000000008007f6c                SystemInit
 .text.Reset_Handler
                0x0000000008007f88       0x50 startup/startup_stm32f413xx.o
                0x0000000008007f88                Reset_Handler
 .text.Default_Handler
                0x0000000008007fd8        0x2 startup/startup_stm32f413xx.o
                0x0000000008007fd8                EXTI2_IRQHandler
                0x0000000008007fd8                TIM8_CC_IRQHandler
                0x0000000008007fd8                UART8_IRQHandler
                0x0000000008007fd8                FMPI2C1_EV_IRQHandler
                0x0000000008007fd8                SPI4_IRQHandler
                0x0000000008007fd8                TIM1_CC_IRQHandler
                0x0000000008007fd8                DMA2_Stream5_IRQHandler
                0x0000000008007fd8                CAN3_RX1_IRQHandler
                0x0000000008007fd8                PVD_IRQHandler
                0x0000000008007fd8                SDIO_IRQHandler
                0x0000000008007fd8                TAMP_STAMP_IRQHandler
                0x0000000008007fd8                CAN2_RX1_IRQHandler
                0x0000000008007fd8                EXTI3_IRQHandler
                0x0000000008007fd8                TIM8_TRG_COM_TIM14_IRQHandler
                0x0000000008007fd8                DFSDM1_FLT1_IRQHandler
                0x0000000008007fd8                TIM1_UP_TIM10_IRQHandler
                0x0000000008007fd8                TIM8_UP_TIM13_IRQHandler
                0x0000000008007fd8                I2C3_ER_IRQHandler
                0x0000000008007fd8                EXTI0_IRQHandler
                0x0000000008007fd8                I2C2_EV_IRQHandler
                0x0000000008007fd8                DMA1_Stream2_IRQHandler
                0x0000000008007fd8                CAN1_RX0_IRQHandler
                0x0000000008007fd8                FPU_IRQHandler
                0x0000000008007fd8                CAN3_SCE_IRQHandler
                0x0000000008007fd8                CAN2_SCE_IRQHandler
                0x0000000008007fd8                DMA2_Stream2_IRQHandler
                0x0000000008007fd8                SPI1_IRQHandler
                0x0000000008007fd8                TIM1_BRK_TIM9_IRQHandler
                0x0000000008007fd8                CAN2_RX0_IRQHandler
                0x0000000008007fd8                DMA2_Stream3_IRQHandler
                0x0000000008007fd8                CAN3_RX0_IRQHandler
                0x0000000008007fd8                USART3_IRQHandler
                0x0000000008007fd8                DFSDM2_FLT3_IRQHandler
                0x0000000008007fd8                CAN1_RX1_IRQHandler
                0x0000000008007fd8                UART5_IRQHandler
                0x0000000008007fd8                DMA2_Stream0_IRQHandler
                0x0000000008007fd8                TIM4_IRQHandler
                0x0000000008007fd8                QUADSPI_IRQHandler
                0x0000000008007fd8                I2C1_EV_IRQHandler
                0x0000000008007fd8                DMA1_Stream1_IRQHandler
                0x0000000008007fd8                UART4_IRQHandler
                0x0000000008007fd8                TIM3_IRQHandler
                0x0000000008007fd8                RCC_IRQHandler
                0x0000000008007fd8                UART9_IRQHandler
                0x0000000008007fd8                TIM8_BRK_TIM12_IRQHandler
                0x0000000008007fd8                Default_Handler
                0x0000000008007fd8                EXTI15_10_IRQHandler
                0x0000000008007fd8                ADC_IRQHandler
                0x0000000008007fd8                DMA1_Stream7_IRQHandler
                0x0000000008007fd8                DFSDM2_FLT0_IRQHandler
                0x0000000008007fd8                SPI5_IRQHandler
                0x0000000008007fd8                TIM7_IRQHandler
                0x0000000008007fd8                CAN2_TX_IRQHandler
                0x0000000008007fd8                TIM5_IRQHandler
                0x0000000008007fd8                DMA2_Stream7_IRQHandler
                0x0000000008007fd8                I2C3_EV_IRQHandler
                0x0000000008007fd8                DFSDM2_FLT2_IRQHandler
                0x0000000008007fd8                EXTI9_5_IRQHandler
                0x0000000008007fd8                RTC_WKUP_IRQHandler
                0x0000000008007fd8                SPI2_IRQHandler
                0x0000000008007fd8                DMA1_Stream0_IRQHandler
                0x0000000008007fd8                CAN1_TX_IRQHandler
                0x0000000008007fd8                FMPI2C1_ER_IRQHandler
                0x0000000008007fd8                EXTI4_IRQHandler
                0x0000000008007fd8                DFSDM2_FLT1_IRQHandler
                0x0000000008007fd8                RNG_IRQHandler
                0x0000000008007fd8                FSMC_IRQHandler
                0x0000000008007fd8                WWDG_IRQHandler
                0x0000000008007fd8                CAN3_TX_IRQHandler
                0x0000000008007fd8                TIM2_IRQHandler
                0x0000000008007fd8                OTG_FS_WKUP_IRQHandler
                0x0000000008007fd8                TIM1_TRG_COM_TIM11_IRQHandler
                0x0000000008007fd8                EXTI1_IRQHandler
                0x0000000008007fd8                UART7_IRQHandler
                0x0000000008007fd8                DFSDM1_FLT0_IRQHandler
                0x0000000008007fd8                I2C2_ER_IRQHandler
                0x0000000008007fd8                CAN1_SCE_IRQHandler
                0x0000000008007fd8                FLASH_IRQHandler
                0x0000000008007fd8                DMA2_Stream4_IRQHandler
                0x0000000008007fd8                USART1_IRQHandler
                0x0000000008007fd8                OTG_FS_IRQHandler
                0x0000000008007fd8                SPI3_IRQHandler
                0x0000000008007fd8                DMA1_Stream4_IRQHandler
                0x0000000008007fd8                I2C1_ER_IRQHandler
                0x0000000008007fd8                LPTIM1_IRQHandler
                0x0000000008007fd8                UART10_IRQHandler
                0x0000000008007fd8                SAI1_IRQHandler
                0x0000000008007fd8                DMA1_Stream3_IRQHandler
 *fill*         0x0000000008007fda        0x2 
 .text.__errno  0x0000000008007fdc        0xc c:/programy/st/stm32cubeide_1.6.0/stm32cubeide/plugins/com.st.stm32cube.ide.mcu.externaltools.gnu-tools-for-stm32.9-2020-q2-update.win32_1.5.0.202011040924/tools/bin/../lib/gcc/arm-none-eabi/9.3.1/../../../../arm-none-eabi/lib/thumb/v7e-m+fp/hard\libc_nano.a(lib_a-errno.o)
                0x0000000008007fdc                __errno
 .text.__libc_init_array
                0x0000000008007fe8       0x48 c:/programy/st/stm32cubeide_1.6.0/stm32cubeide/plugins/com.st.stm32cube.ide.mcu.externaltools.gnu-tools-for-stm32.9-2020-q2-update.win32_1.5.0.202011040924/tools/bin/../lib/gcc/arm-none-eabi/9.3.1/../../../../arm-none-eabi/lib/thumb/v7e-m+fp/hard\libc_nano.a(lib_a-init.o)
                0x0000000008007fe8                __libc_init_array
 .text.memset   0x0000000008008030       0x10 c:/programy/st/stm32cubeide_1.6.0/stm32cubeide/plugins/com.st.stm32cube.ide.mcu.externaltools.gnu-tools-for-stm32.9-2020-q2-update.win32_1.5.0.202011040924/tools/bin/../lib/gcc/arm-none-eabi/9.3.1/../../../../arm-none-eabi/lib/thumb/v7e-m+fp/hard\libc_nano.a(lib_a-memset.o)
                0x0000000008008030                memset
 .text.__cvt    0x0000000008008040       0xc4 c:/programy/st/stm32cubeide_1.6.0/stm32cubeide/plugins/com.st.stm32cube.ide.mcu.externaltools.gnu-tools-for-stm32.9-2020-q2-update.win32_1.5.0.202011040924/tools/bin/../lib/gcc/arm-none-eabi/9.3.1/../../../../arm-none-eabi/lib/thumb/v7e-m+fp/hard\libc_nano.a(lib_a-nano-vfprintf_float.o)
                0x0000000008008040                __cvt
 .text.__exponent
                0x0000000008008104       0x7c c:/programy/st/stm32cubeide_1.6.0/stm32cubeide/plugins/com.st.stm32cube.ide.mcu.externaltools.gnu-tools-for-stm32.9-2020-q2-update.win32_1.5.0.202011040924/tools/bin/../lib/gcc/arm-none-eabi/9.3.1/../../../../arm-none-eabi/lib/thumb/v7e-m+fp/hard\libc_nano.a(lib_a-nano-vfprintf_float.o)
                0x0000000008008104                __exponent
 .text._printf_float
                0x0000000008008180      0x46c c:/programy/st/stm32cubeide_1.6.0/stm32cubeide/plugins/com.st.stm32cube.ide.mcu.externaltools.gnu-tools-for-stm32.9-2020-q2-update.win32_1.5.0.202011040924/tools/bin/../lib/gcc/arm-none-eabi/9.3.1/../../../../arm-none-eabi/lib/thumb/v7e-m+fp/hard\libc_nano.a(lib_a-nano-vfprintf_float.o)
                0x0000000008008180                _printf_float
 .text._printf_common
                0x00000000080085ec       0xda c:/programy/st/stm32cubeide_1.6.0/stm32cubeide/plugins/com.st.stm32cube.ide.mcu.externaltools.gnu-tools-for-stm32.9-2020-q2-update.win32_1.5.0.202011040924/tools/bin/../lib/gcc/arm-none-eabi/9.3.1/../../../../arm-none-eabi/lib/thumb/v7e-m+fp/hard\libc_nano.a(lib_a-nano-vfprintf_i.o)
                0x00000000080085ec                _printf_common
 *fill*         0x00000000080086c6        0x2 
 .text._printf_i
                0x00000000080086c8      0x24c c:/programy/st/stm32cubeide_1.6.0/stm32cubeide/plugins/com.st.stm32cube.ide.mcu.externaltools.gnu-tools-for-stm32.9-2020-q2-update.win32_1.5.0.202011040924/tools/bin/../lib/gcc/arm-none-eabi/9.3.1/../../../../arm-none-eabi/lib/thumb/v7e-m+fp/hard\libc_nano.a(lib_a-nano-vfprintf_i.o)
                0x00000000080086c8                _printf_i
 .text.sprintf  0x0000000008008914       0x40 c:/programy/st/stm32cubeide_1.6.0/stm32cubeide/plugins/com.st.stm32cube.ide.mcu.externaltools.gnu-tools-for-stm32.9-2020-q2-update.win32_1.5.0.202011040924/tools/bin/../lib/gcc/arm-none-eabi/9.3.1/../../../../arm-none-eabi/lib/thumb/v7e-m+fp/hard\libc_nano.a(lib_a-sprintf.o)
                0x0000000008008914                siprintf
                0x0000000008008914                sprintf
 .text.quorem   0x0000000008008954      0x116 c:/programy/st/stm32cubeide_1.6.0/stm32cubeide/plugins/com.st.stm32cube.ide.mcu.externaltools.gnu-tools-for-stm32.9-2020-q2-update.win32_1.5.0.202011040924/tools/bin/../lib/gcc/arm-none-eabi/9.3.1/../../../../arm-none-eabi/lib/thumb/v7e-m+fp/hard\libc_nano.a(lib_a-dtoa.o)
 *fill*         0x0000000008008a6a        0x6 
 .text._dtoa_r  0x0000000008008a70      0xbd8 c:/programy/st/stm32cubeide_1.6.0/stm32cubeide/plugins/com.st.stm32cube.ide.mcu.externaltools.gnu-tools-for-stm32.9-2020-q2-update.win32_1.5.0.202011040924/tools/bin/../lib/gcc/arm-none-eabi/9.3.1/../../../../arm-none-eabi/lib/thumb/v7e-m+fp/hard\libc_nano.a(lib_a-dtoa.o)
                0x0000000008008a70                _dtoa_r
 .text._localeconv_r
                0x0000000008009648        0x8 c:/programy/st/stm32cubeide_1.6.0/stm32cubeide/plugins/com.st.stm32cube.ide.mcu.externaltools.gnu-tools-for-stm32.9-2020-q2-update.win32_1.5.0.202011040924/tools/bin/../lib/gcc/arm-none-eabi/9.3.1/../../../../arm-none-eabi/lib/thumb/v7e-m+fp/hard\libc_nano.a(lib_a-localeconv.o)
                0x0000000008009648                _localeconv_r
 .text.malloc   0x0000000008009650       0x10 c:/programy/st/stm32cubeide_1.6.0/stm32cubeide/plugins/com.st.stm32cube.ide.mcu.externaltools.gnu-tools-for-stm32.9-2020-q2-update.win32_1.5.0.202011040924/tools/bin/../lib/gcc/arm-none-eabi/9.3.1/../../../../arm-none-eabi/lib/thumb/v7e-m+fp/hard\libc_nano.a(lib_a-malloc.o)
                0x0000000008009650                malloc
 .text.memcpy   0x0000000008009660       0x1c c:/programy/st/stm32cubeide_1.6.0/stm32cubeide/plugins/com.st.stm32cube.ide.mcu.externaltools.gnu-tools-for-stm32.9-2020-q2-update.win32_1.5.0.202011040924/tools/bin/../lib/gcc/arm-none-eabi/9.3.1/../../../../arm-none-eabi/lib/thumb/v7e-m+fp/hard\libc_nano.a(lib_a-memcpy-stub.o)
                0x0000000008009660                memcpy
 .text._Balloc  0x000000000800967c       0x80 c:/programy/st/stm32cubeide_1.6.0/stm32cubeide/plugins/com.st.stm32cube.ide.mcu.externaltools.gnu-tools-for-stm32.9-2020-q2-update.win32_1.5.0.202011040924/tools/bin/../lib/gcc/arm-none-eabi/9.3.1/../../../../arm-none-eabi/lib/thumb/v7e-m+fp/hard\libc_nano.a(lib_a-mprec.o)
                0x000000000800967c                _Balloc
 .text._Bfree   0x00000000080096fc       0x44 c:/programy/st/stm32cubeide_1.6.0/stm32cubeide/plugins/com.st.stm32cube.ide.mcu.externaltools.gnu-tools-for-stm32.9-2020-q2-update.win32_1.5.0.202011040924/tools/bin/../lib/gcc/arm-none-eabi/9.3.1/../../../../arm-none-eabi/lib/thumb/v7e-m+fp/hard\libc_nano.a(lib_a-mprec.o)
                0x00000000080096fc                _Bfree
 .text.__multadd
                0x0000000008009740       0x94 c:/programy/st/stm32cubeide_1.6.0/stm32cubeide/plugins/com.st.stm32cube.ide.mcu.externaltools.gnu-tools-for-stm32.9-2020-q2-update.win32_1.5.0.202011040924/tools/bin/../lib/gcc/arm-none-eabi/9.3.1/../../../../arm-none-eabi/lib/thumb/v7e-m+fp/hard\libc_nano.a(lib_a-mprec.o)
                0x0000000008009740                __multadd
 .text.__hi0bits
                0x00000000080097d4       0x40 c:/programy/st/stm32cubeide_1.6.0/stm32cubeide/plugins/com.st.stm32cube.ide.mcu.externaltools.gnu-tools-for-stm32.9-2020-q2-update.win32_1.5.0.202011040924/tools/bin/../lib/gcc/arm-none-eabi/9.3.1/../../../../arm-none-eabi/lib/thumb/v7e-m+fp/hard\libc_nano.a(lib_a-mprec.o)
                0x00000000080097d4                __hi0bits
 .text.__lo0bits
                0x0000000008009814       0x60 c:/programy/st/stm32cubeide_1.6.0/stm32cubeide/plugins/com.st.stm32cube.ide.mcu.externaltools.gnu-tools-for-stm32.9-2020-q2-update.win32_1.5.0.202011040924/tools/bin/../lib/gcc/arm-none-eabi/9.3.1/../../../../arm-none-eabi/lib/thumb/v7e-m+fp/hard\libc_nano.a(lib_a-mprec.o)
                0x0000000008009814                __lo0bits
 .text.__i2b    0x0000000008009874       0x2c c:/programy/st/stm32cubeide_1.6.0/stm32cubeide/plugins/com.st.stm32cube.ide.mcu.externaltools.gnu-tools-for-stm32.9-2020-q2-update.win32_1.5.0.202011040924/tools/bin/../lib/gcc/arm-none-eabi/9.3.1/../../../../arm-none-eabi/lib/thumb/v7e-m+fp/hard\libc_nano.a(lib_a-mprec.o)
                0x0000000008009874                __i2b
 .text.__multiply
                0x00000000080098a0      0x14c c:/programy/st/stm32cubeide_1.6.0/stm32cubeide/plugins/com.st.stm32cube.ide.mcu.externaltools.gnu-tools-for-stm32.9-2020-q2-update.win32_1.5.0.202011040924/tools/bin/../lib/gcc/arm-none-eabi/9.3.1/../../../../arm-none-eabi/lib/thumb/v7e-m+fp/hard\libc_nano.a(lib_a-mprec.o)
                0x00000000080098a0                __multiply
 .text.__pow5mult
                0x00000000080099ec       0xb4 c:/programy/st/stm32cubeide_1.6.0/stm32cubeide/plugins/com.st.stm32cube.ide.mcu.externaltools.gnu-tools-for-stm32.9-2020-q2-update.win32_1.5.0.202011040924/tools/bin/../lib/gcc/arm-none-eabi/9.3.1/../../../../arm-none-eabi/lib/thumb/v7e-m+fp/hard\libc_nano.a(lib_a-mprec.o)
                0x00000000080099ec                __pow5mult
 .text.__lshift
                0x0000000008009aa0       0xd8 c:/programy/st/stm32cubeide_1.6.0/stm32cubeide/plugins/com.st.stm32cube.ide.mcu.externaltools.gnu-tools-for-stm32.9-2020-q2-update.win32_1.5.0.202011040924/tools/bin/../lib/gcc/arm-none-eabi/9.3.1/../../../../arm-none-eabi/lib/thumb/v7e-m+fp/hard\libc_nano.a(lib_a-mprec.o)
                0x0000000008009aa0                __lshift
 .text.__mcmp   0x0000000008009b78       0x38 c:/programy/st/stm32cubeide_1.6.0/stm32cubeide/plugins/com.st.stm32cube.ide.mcu.externaltools.gnu-tools-for-stm32.9-2020-q2-update.win32_1.5.0.202011040924/tools/bin/../lib/gcc/arm-none-eabi/9.3.1/../../../../arm-none-eabi/lib/thumb/v7e-m+fp/hard\libc_nano.a(lib_a-mprec.o)
                0x0000000008009b78                __mcmp
 .text.__mdiff  0x0000000008009bb0      0x110 c:/programy/st/stm32cubeide_1.6.0/stm32cubeide/plugins/com.st.stm32cube.ide.mcu.externaltools.gnu-tools-for-stm32.9-2020-q2-update.win32_1.5.0.202011040924/tools/bin/../lib/gcc/arm-none-eabi/9.3.1/../../../../arm-none-eabi/lib/thumb/v7e-m+fp/hard\libc_nano.a(lib_a-mprec.o)
                0x0000000008009bb0                __mdiff
 .text.__d2b    0x0000000008009cc0       0xb8 c:/programy/st/stm32cubeide_1.6.0/stm32cubeide/plugins/com.st.stm32cube.ide.mcu.externaltools.gnu-tools-for-stm32.9-2020-q2-update.win32_1.5.0.202011040924/tools/bin/../lib/gcc/arm-none-eabi/9.3.1/../../../../arm-none-eabi/lib/thumb/v7e-m+fp/hard\libc_nano.a(lib_a-mprec.o)
                0x0000000008009cc0                __d2b
 .text._calloc_r
                0x0000000008009d78       0x1e c:/programy/st/stm32cubeide_1.6.0/stm32cubeide/plugins/com.st.stm32cube.ide.mcu.externaltools.gnu-tools-for-stm32.9-2020-q2-update.win32_1.5.0.202011040924/tools/bin/../lib/gcc/arm-none-eabi/9.3.1/../../../../arm-none-eabi/lib/thumb/v7e-m+fp/hard\libc_nano.a(lib_a-nano-callocr.o)
                0x0000000008009d78                _calloc_r
 *fill*         0x0000000008009d96        0x2 
 .text._free_r  0x0000000008009d98       0xa0 c:/programy/st/stm32cubeide_1.6.0/stm32cubeide/plugins/com.st.stm32cube.ide.mcu.externaltools.gnu-tools-for-stm32.9-2020-q2-update.win32_1.5.0.202011040924/tools/bin/../lib/gcc/arm-none-eabi/9.3.1/../../../../arm-none-eabi/lib/thumb/v7e-m+fp/hard\libc_nano.a(lib_a-nano-freer.o)
                0x0000000008009d98                _free_r
 .text._malloc_r
                0x0000000008009e38       0xb4 c:/programy/st/stm32cubeide_1.6.0/stm32cubeide/plugins/com.st.stm32cube.ide.mcu.externaltools.gnu-tools-for-stm32.9-2020-q2-update.win32_1.5.0.202011040924/tools/bin/../lib/gcc/arm-none-eabi/9.3.1/../../../../arm-none-eabi/lib/thumb/v7e-m+fp/hard\libc_nano.a(lib_a-nano-mallocr.o)
                0x0000000008009e38                _malloc_r
 .text.__ssputs_r
                0x0000000008009eec       0xb6 c:/programy/st/stm32cubeide_1.6.0/stm32cubeide/plugins/com.st.stm32cube.ide.mcu.externaltools.gnu-tools-for-stm32.9-2020-q2-update.win32_1.5.0.202011040924/tools/bin/../lib/gcc/arm-none-eabi/9.3.1/../../../../arm-none-eabi/lib/thumb/v7e-m+fp/hard\libc_nano.a(lib_a-nano-svfprintf.o)
                0x0000000008009eec                __ssputs_r
 *fill*         0x0000000008009fa2        0x2 
 .text._svfprintf_r
                0x0000000008009fa4      0x200 c:/programy/st/stm32cubeide_1.6.0/stm32cubeide/plugins/com.st.stm32cube.ide.mcu.externaltools.gnu-tools-for-stm32.9-2020-q2-update.win32_1.5.0.202011040924/tools/bin/../lib/gcc/arm-none-eabi/9.3.1/../../../../arm-none-eabi/lib/thumb/v7e-m+fp/hard\libc_nano.a(lib_a-nano-svfprintf.o)
                0x0000000008009fa4                _svfiprintf_r
                0x0000000008009fa4                _svfprintf_r
 .text._sbrk_r  0x000000000800a1a4       0x20 c:/programy/st/stm32cubeide_1.6.0/stm32cubeide/plugins/com.st.stm32cube.ide.mcu.externaltools.gnu-tools-for-stm32.9-2020-q2-update.win32_1.5.0.202011040924/tools/bin/../lib/gcc/arm-none-eabi/9.3.1/../../../../arm-none-eabi/lib/thumb/v7e-m+fp/hard\libc_nano.a(lib_a-sbrkr.o)
                0x000000000800a1a4                _sbrk_r
 .text.__assert_func
                0x000000000800a1c4       0x3c c:/programy/st/stm32cubeide_1.6.0/stm32cubeide/plugins/com.st.stm32cube.ide.mcu.externaltools.gnu-tools-for-stm32.9-2020-q2-update.win32_1.5.0.202011040924/tools/bin/../lib/gcc/arm-none-eabi/9.3.1/../../../../arm-none-eabi/lib/thumb/v7e-m+fp/hard\libc_nano.a(lib_a-assert.o)
                0x000000000800a1c4                __assert_func
 .text.fprintf  0x000000000800a200       0x24 c:/programy/st/stm32cubeide_1.6.0/stm32cubeide/plugins/com.st.stm32cube.ide.mcu.externaltools.gnu-tools-for-stm32.9-2020-q2-update.win32_1.5.0.202011040924/tools/bin/../lib/gcc/arm-none-eabi/9.3.1/../../../../arm-none-eabi/lib/thumb/v7e-m+fp/hard\libc_nano.a(lib_a-fprintf.o)
                0x000000000800a200                fiprintf
                0x000000000800a200                fprintf
 .text.__ascii_mbtowc
                0x000000000800a224       0x24 c:/programy/st/stm32cubeide_1.6.0/stm32cubeide/plugins/com.st.stm32cube.ide.mcu.externaltools.gnu-tools-for-stm32.9-2020-q2-update.win32_1.5.0.202011040924/tools/bin/../lib/gcc/arm-none-eabi/9.3.1/../../../../arm-none-eabi/lib/thumb/v7e-m+fp/hard\libc_nano.a(lib_a-mbtowc_r.o)
                0x000000000800a224                __ascii_mbtowc
 .text.memmove  0x000000000800a248       0x34 c:/programy/st/stm32cubeide_1.6.0/stm32cubeide/plugins/com.st.stm32cube.ide.mcu.externaltools.gnu-tools-for-stm32.9-2020-q2-update.win32_1.5.0.202011040924/tools/bin/../lib/gcc/arm-none-eabi/9.3.1/../../../../arm-none-eabi/lib/thumb/v7e-m+fp/hard\libc_nano.a(lib_a-memmove.o)
                0x000000000800a248                memmove
 .text.__malloc_lock
                0x000000000800a27c        0xc c:/programy/st/stm32cubeide_1.6.0/stm32cubeide/plugins/com.st.stm32cube.ide.mcu.externaltools.gnu-tools-for-stm32.9-2020-q2-update.win32_1.5.0.202011040924/tools/bin/../lib/gcc/arm-none-eabi/9.3.1/../../../../arm-none-eabi/lib/thumb/v7e-m+fp/hard\libc_nano.a(lib_a-mlock.o)
                0x000000000800a27c                __malloc_lock
 .text.__malloc_unlock
                0x000000000800a288        0xc c:/programy/st/stm32cubeide_1.6.0/stm32cubeide/plugins/com.st.stm32cube.ide.mcu.externaltools.gnu-tools-for-stm32.9-2020-q2-update.win32_1.5.0.202011040924/tools/bin/../lib/gcc/arm-none-eabi/9.3.1/../../../../arm-none-eabi/lib/thumb/v7e-m+fp/hard\libc_nano.a(lib_a-mlock.o)
                0x000000000800a288                __malloc_unlock
 .text._realloc_r
                0x000000000800a294       0x4c c:/programy/st/stm32cubeide_1.6.0/stm32cubeide/plugins/com.st.stm32cube.ide.mcu.externaltools.gnu-tools-for-stm32.9-2020-q2-update.win32_1.5.0.202011040924/tools/bin/../lib/gcc/arm-none-eabi/9.3.1/../../../../arm-none-eabi/lib/thumb/v7e-m+fp/hard\libc_nano.a(lib_a-nano-reallocr.o)
                0x000000000800a294                _realloc_r
 .text.__sfputc_r
                0x000000000800a2e0       0x2e c:/programy/st/stm32cubeide_1.6.0/stm32cubeide/plugins/com.st.stm32cube.ide.mcu.externaltools.gnu-tools-for-stm32.9-2020-q2-update.win32_1.5.0.202011040924/tools/bin/../lib/gcc/arm-none-eabi/9.3.1/../../../../arm-none-eabi/lib/thumb/v7e-m+fp/hard\libc_nano.a(lib_a-nano-vfprintf.o)
 .text.__sfputs_r
                0x000000000800a30e       0x24 c:/programy/st/stm32cubeide_1.6.0/stm32cubeide/plugins/com.st.stm32cube.ide.mcu.externaltools.gnu-tools-for-stm32.9-2020-q2-update.win32_1.5.0.202011040924/tools/bin/../lib/gcc/arm-none-eabi/9.3.1/../../../../arm-none-eabi/lib/thumb/v7e-m+fp/hard\libc_nano.a(lib_a-nano-vfprintf.o)
                0x000000000800a30e                __sfputs_r
 *fill*         0x000000000800a332        0x2 
 .text._vfprintf_r
                0x000000000800a334      0x260 c:/programy/st/stm32cubeide_1.6.0/stm32cubeide/plugins/com.st.stm32cube.ide.mcu.externaltools.gnu-tools-for-stm32.9-2020-q2-update.win32_1.5.0.202011040924/tools/bin/../lib/gcc/arm-none-eabi/9.3.1/../../../../arm-none-eabi/lib/thumb/v7e-m+fp/hard\libc_nano.a(lib_a-nano-vfprintf.o)
                0x000000000800a334                _vfprintf_r
                0x000000000800a334                _vfiprintf_r
 .text.__swbuf_r
                0x000000000800a594       0xa4 c:/programy/st/stm32cubeide_1.6.0/stm32cubeide/plugins/com.st.stm32cube.ide.mcu.externaltools.gnu-tools-for-stm32.9-2020-q2-update.win32_1.5.0.202011040924/tools/bin/../lib/gcc/arm-none-eabi/9.3.1/../../../../arm-none-eabi/lib/thumb/v7e-m+fp/hard\libc_nano.a(lib_a-wbuf.o)
                0x000000000800a594                __swbuf_r
 .text.__ascii_wctomb
                0x000000000800a638       0x1a c:/programy/st/stm32cubeide_1.6.0/stm32cubeide/plugins/com.st.stm32cube.ide.mcu.externaltools.gnu-tools-for-stm32.9-2020-q2-update.win32_1.5.0.202011040924/tools/bin/../lib/gcc/arm-none-eabi/9.3.1/../../../../arm-none-eabi/lib/thumb/v7e-m+fp/hard\libc_nano.a(lib_a-wctomb_r.o)
                0x000000000800a638                __ascii_wctomb
 *fill*         0x000000000800a652        0x2 
 .text.__swsetup_r
                0x000000000800a654       0xdc c:/programy/st/stm32cubeide_1.6.0/stm32cubeide/plugins/com.st.stm32cube.ide.mcu.externaltools.gnu-tools-for-stm32.9-2020-q2-update.win32_1.5.0.202011040924/tools/bin/../lib/gcc/arm-none-eabi/9.3.1/../../../../arm-none-eabi/lib/thumb/v7e-m+fp/hard\libc_nano.a(lib_a-wsetup.o)
                0x000000000800a654                __swsetup_r
 .text.abort    0x000000000800a730        0xe c:/programy/st/stm32cubeide_1.6.0/stm32cubeide/plugins/com.st.stm32cube.ide.mcu.externaltools.gnu-tools-for-stm32.9-2020-q2-update.win32_1.5.0.202011040924/tools/bin/../lib/gcc/arm-none-eabi/9.3.1/../../../../arm-none-eabi/lib/thumb/v7e-m+fp/hard\libc_nano.a(lib_a-abort.o)
                0x000000000800a730                abort
 *fill*         0x000000000800a73e        0x2 
 .text.__sflush_r
                0x000000000800a740      0x10c c:/programy/st/stm32cubeide_1.6.0/stm32cubeide/plugins/com.st.stm32cube.ide.mcu.externaltools.gnu-tools-for-stm32.9-2020-q2-update.win32_1.5.0.202011040924/tools/bin/../lib/gcc/arm-none-eabi/9.3.1/../../../../arm-none-eabi/lib/thumb/v7e-m+fp/hard\libc_nano.a(lib_a-fflush.o)
                0x000000000800a740                __sflush_r
 .text._fflush_r
                0x000000000800a84c       0x78 c:/programy/st/stm32cubeide_1.6.0/stm32cubeide/plugins/com.st.stm32cube.ide.mcu.externaltools.gnu-tools-for-stm32.9-2020-q2-update.win32_1.5.0.202011040924/tools/bin/../lib/gcc/arm-none-eabi/9.3.1/../../../../arm-none-eabi/lib/thumb/v7e-m+fp/hard\libc_nano.a(lib_a-fflush.o)
                0x000000000800a84c                _fflush_r
 .text.std      0x000000000800a8c4       0x48 c:/programy/st/stm32cubeide_1.6.0/stm32cubeide/plugins/com.st.stm32cube.ide.mcu.externaltools.gnu-tools-for-stm32.9-2020-q2-update.win32_1.5.0.202011040924/tools/bin/../lib/gcc/arm-none-eabi/9.3.1/../../../../arm-none-eabi/lib/thumb/v7e-m+fp/hard\libc_nano.a(lib_a-findfp.o)
 .text._cleanup_r
                0x000000000800a90c        0xc c:/programy/st/stm32cubeide_1.6.0/stm32cubeide/plugins/com.st.stm32cube.ide.mcu.externaltools.gnu-tools-for-stm32.9-2020-q2-update.win32_1.5.0.202011040924/tools/bin/../lib/gcc/arm-none-eabi/9.3.1/../../../../arm-none-eabi/lib/thumb/v7e-m+fp/hard\libc_nano.a(lib_a-findfp.o)
                0x000000000800a90c                _cleanup_r
 .text.__sfmoreglue
                0x000000000800a918       0x2c c:/programy/st/stm32cubeide_1.6.0/stm32cubeide/plugins/com.st.stm32cube.ide.mcu.externaltools.gnu-tools-for-stm32.9-2020-q2-update.win32_1.5.0.202011040924/tools/bin/../lib/gcc/arm-none-eabi/9.3.1/../../../../arm-none-eabi/lib/thumb/v7e-m+fp/hard\libc_nano.a(lib_a-findfp.o)
                0x000000000800a918                __sfmoreglue
 .text.__sfp_lock_acquire
                0x000000000800a944        0xc c:/programy/st/stm32cubeide_1.6.0/stm32cubeide/plugins/com.st.stm32cube.ide.mcu.externaltools.gnu-tools-for-stm32.9-2020-q2-update.win32_1.5.0.202011040924/tools/bin/../lib/gcc/arm-none-eabi/9.3.1/../../../../arm-none-eabi/lib/thumb/v7e-m+fp/hard\libc_nano.a(lib_a-findfp.o)
                0x000000000800a944                __sfp_lock_acquire
 .text.__sfp_lock_release
                0x000000000800a950        0xc c:/programy/st/stm32cubeide_1.6.0/stm32cubeide/plugins/com.st.stm32cube.ide.mcu.externaltools.gnu-tools-for-stm32.9-2020-q2-update.win32_1.5.0.202011040924/tools/bin/../lib/gcc/arm-none-eabi/9.3.1/../../../../arm-none-eabi/lib/thumb/v7e-m+fp/hard\libc_nano.a(lib_a-findfp.o)
                0x000000000800a950                __sfp_lock_release
 .text.__sinit_lock_acquire
                0x000000000800a95c        0xc c:/programy/st/stm32cubeide_1.6.0/stm32cubeide/plugins/com.st.stm32cube.ide.mcu.externaltools.gnu-tools-for-stm32.9-2020-q2-update.win32_1.5.0.202011040924/tools/bin/../lib/gcc/arm-none-eabi/9.3.1/../../../../arm-none-eabi/lib/thumb/v7e-m+fp/hard\libc_nano.a(lib_a-findfp.o)
                0x000000000800a95c                __sinit_lock_acquire
 .text.__sinit_lock_release
                0x000000000800a968        0xc c:/programy/st/stm32cubeide_1.6.0/stm32cubeide/plugins/com.st.stm32cube.ide.mcu.externaltools.gnu-tools-for-stm32.9-2020-q2-update.win32_1.5.0.202011040924/tools/bin/../lib/gcc/arm-none-eabi/9.3.1/../../../../arm-none-eabi/lib/thumb/v7e-m+fp/hard\libc_nano.a(lib_a-findfp.o)
                0x000000000800a968                __sinit_lock_release
 .text.__sinit  0x000000000800a974       0x70 c:/programy/st/stm32cubeide_1.6.0/stm32cubeide/plugins/com.st.stm32cube.ide.mcu.externaltools.gnu-tools-for-stm32.9-2020-q2-update.win32_1.5.0.202011040924/tools/bin/../lib/gcc/arm-none-eabi/9.3.1/../../../../arm-none-eabi/lib/thumb/v7e-m+fp/hard\libc_nano.a(lib_a-findfp.o)
                0x000000000800a974                __sinit
 .text.__sfp    0x000000000800a9e4       0x8c c:/programy/st/stm32cubeide_1.6.0/stm32cubeide/plugins/com.st.stm32cube.ide.mcu.externaltools.gnu-tools-for-stm32.9-2020-q2-update.win32_1.5.0.202011040924/tools/bin/../lib/gcc/arm-none-eabi/9.3.1/../../../../arm-none-eabi/lib/thumb/v7e-m+fp/hard\libc_nano.a(lib_a-findfp.o)
                0x000000000800a9e4                __sfp
 .text._fwalk_reent
                0x000000000800aa70       0x3e c:/programy/st/stm32cubeide_1.6.0/stm32cubeide/plugins/com.st.stm32cube.ide.mcu.externaltools.gnu-tools-for-stm32.9-2020-q2-update.win32_1.5.0.202011040924/tools/bin/../lib/gcc/arm-none-eabi/9.3.1/../../../../arm-none-eabi/lib/thumb/v7e-m+fp/hard\libc_nano.a(lib_a-fwalk.o)
                0x000000000800aa70                _fwalk_reent
 .text.__retarget_lock_init_recursive
                0x000000000800aaae        0x2 c:/programy/st/stm32cubeide_1.6.0/stm32cubeide/plugins/com.st.stm32cube.ide.mcu.externaltools.gnu-tools-for-stm32.9-2020-q2-update.win32_1.5.0.202011040924/tools/bin/../lib/gcc/arm-none-eabi/9.3.1/../../../../arm-none-eabi/lib/thumb/v7e-m+fp/hard\libc_nano.a(lib_a-lock.o)
                0x000000000800aaae                __retarget_lock_init_recursive
 .text.__retarget_lock_acquire_recursive
                0x000000000800aab0        0x2 c:/programy/st/stm32cubeide_1.6.0/stm32cubeide/plugins/com.st.stm32cube.ide.mcu.externaltools.gnu-tools-for-stm32.9-2020-q2-update.win32_1.5.0.202011040924/tools/bin/../lib/gcc/arm-none-eabi/9.3.1/../../../../arm-none-eabi/lib/thumb/v7e-m+fp/hard\libc_nano.a(lib_a-lock.o)
                0x000000000800aab0                __retarget_lock_acquire_recursive
 .text.__retarget_lock_release_recursive
                0x000000000800aab2        0x2 c:/programy/st/stm32cubeide_1.6.0/stm32cubeide/plugins/com.st.stm32cube.ide.mcu.externaltools.gnu-tools-for-stm32.9-2020-q2-update.win32_1.5.0.202011040924/tools/bin/../lib/gcc/arm-none-eabi/9.3.1/../../../../arm-none-eabi/lib/thumb/v7e-m+fp/hard\libc_nano.a(lib_a-lock.o)
                0x000000000800aab2                __retarget_lock_release_recursive
 .text.__swhatbuf_r
                0x000000000800aab4       0x48 c:/programy/st/stm32cubeide_1.6.0/stm32cubeide/plugins/com.st.stm32cube.ide.mcu.externaltools.gnu-tools-for-stm32.9-2020-q2-update.win32_1.5.0.202011040924/tools/bin/../lib/gcc/arm-none-eabi/9.3.1/../../../../arm-none-eabi/lib/thumb/v7e-m+fp/hard\libc_nano.a(lib_a-makebuf.o)
                0x000000000800aab4                __swhatbuf_r
 .text.__smakebuf_r
                0x000000000800aafc       0x80 c:/programy/st/stm32cubeide_1.6.0/stm32cubeide/plugins/com.st.stm32cube.ide.mcu.externaltools.gnu-tools-for-stm32.9-2020-q2-update.win32_1.5.0.202011040924/tools/bin/../lib/gcc/arm-none-eabi/9.3.1/../../../../arm-none-eabi/lib/thumb/v7e-m+fp/hard\libc_nano.a(lib_a-makebuf.o)
                0x000000000800aafc                __smakebuf_r
 .text._malloc_usable_size_r
                0x000000000800ab7c       0x10 c:/programy/st/stm32cubeide_1.6.0/stm32cubeide/plugins/com.st.stm32cube.ide.mcu.externaltools.gnu-tools-for-stm32.9-2020-q2-update.win32_1.5.0.202011040924/tools/bin/../lib/gcc/arm-none-eabi/9.3.1/../../../../arm-none-eabi/lib/thumb/v7e-m+fp/hard\libc_nano.a(lib_a-nano-msizer.o)
                0x000000000800ab7c                _malloc_usable_size_r
 .text._raise_r
                0x000000000800ab8c       0x50 c:/programy/st/stm32cubeide_1.6.0/stm32cubeide/plugins/com.st.stm32cube.ide.mcu.externaltools.gnu-tools-for-stm32.9-2020-q2-update.win32_1.5.0.202011040924/tools/bin/../lib/gcc/arm-none-eabi/9.3.1/../../../../arm-none-eabi/lib/thumb/v7e-m+fp/hard\libc_nano.a(lib_a-signal.o)
                0x000000000800ab8c                _raise_r
 .text.raise    0x000000000800abdc       0x10 c:/programy/st/stm32cubeide_1.6.0/stm32cubeide/plugins/com.st.stm32cube.ide.mcu.externaltools.gnu-tools-for-stm32.9-2020-q2-update.win32_1.5.0.202011040924/tools/bin/../lib/gcc/arm-none-eabi/9.3.1/../../../../arm-none-eabi/lib/thumb/v7e-m+fp/hard\libc_nano.a(lib_a-signal.o)
                0x000000000800abdc                raise
 .text._kill_r  0x000000000800abec       0x24 c:/programy/st/stm32cubeide_1.6.0/stm32cubeide/plugins/com.st.stm32cube.ide.mcu.externaltools.gnu-tools-for-stm32.9-2020-q2-update.win32_1.5.0.202011040924/tools/bin/../lib/gcc/arm-none-eabi/9.3.1/../../../../arm-none-eabi/lib/thumb/v7e-m+fp/hard\libc_nano.a(lib_a-signalr.o)
                0x000000000800abec                _kill_r
 .text._getpid_r
                0x000000000800ac10        0x4 c:/programy/st/stm32cubeide_1.6.0/stm32cubeide/plugins/com.st.stm32cube.ide.mcu.externaltools.gnu-tools-for-stm32.9-2020-q2-update.win32_1.5.0.202011040924/tools/bin/../lib/gcc/arm-none-eabi/9.3.1/../../../../arm-none-eabi/lib/thumb/v7e-m+fp/hard\libc_nano.a(lib_a-signalr.o)
                0x000000000800ac10                _getpid_r
 .text.__sread  0x000000000800ac14       0x22 c:/programy/st/stm32cubeide_1.6.0/stm32cubeide/plugins/com.st.stm32cube.ide.mcu.externaltools.gnu-tools-for-stm32.9-2020-q2-update.win32_1.5.0.202011040924/tools/bin/../lib/gcc/arm-none-eabi/9.3.1/../../../../arm-none-eabi/lib/thumb/v7e-m+fp/hard\libc_nano.a(lib_a-stdio.o)
                0x000000000800ac14                __sread
 .text.__swrite
                0x000000000800ac36       0x38 c:/programy/st/stm32cubeide_1.6.0/stm32cubeide/plugins/com.st.stm32cube.ide.mcu.externaltools.gnu-tools-for-stm32.9-2020-q2-update.win32_1.5.0.202011040924/tools/bin/../lib/gcc/arm-none-eabi/9.3.1/../../../../arm-none-eabi/lib/thumb/v7e-m+fp/hard\libc_nano.a(lib_a-stdio.o)
                0x000000000800ac36                __swrite
 .text.__sseek  0x000000000800ac6e       0x24 c:/programy/st/stm32cubeide_1.6.0/stm32cubeide/plugins/com.st.stm32cube.ide.mcu.externaltools.gnu-tools-for-stm32.9-2020-q2-update.win32_1.5.0.202011040924/tools/bin/../lib/gcc/arm-none-eabi/9.3.1/../../../../arm-none-eabi/lib/thumb/v7e-m+fp/hard\libc_nano.a(lib_a-stdio.o)
                0x000000000800ac6e                __sseek
 .text.__sclose
                0x000000000800ac92        0x8 c:/programy/st/stm32cubeide_1.6.0/stm32cubeide/plugins/com.st.stm32cube.ide.mcu.externaltools.gnu-tools-for-stm32.9-2020-q2-update.win32_1.5.0.202011040924/tools/bin/../lib/gcc/arm-none-eabi/9.3.1/../../../../arm-none-eabi/lib/thumb/v7e-m+fp/hard\libc_nano.a(lib_a-stdio.o)
                0x000000000800ac92                __sclose
 *fill*         0x000000000800ac9a        0x2 
 .text._write_r
                0x000000000800ac9c       0x24 c:/programy/st/stm32cubeide_1.6.0/stm32cubeide/plugins/com.st.stm32cube.ide.mcu.externaltools.gnu-tools-for-stm32.9-2020-q2-update.win32_1.5.0.202011040924/tools/bin/../lib/gcc/arm-none-eabi/9.3.1/../../../../arm-none-eabi/lib/thumb/v7e-m+fp/hard\libc_nano.a(lib_a-writer.o)
                0x000000000800ac9c                _write_r
 .text._close_r
                0x000000000800acc0       0x20 c:/programy/st/stm32cubeide_1.6.0/stm32cubeide/plugins/com.st.stm32cube.ide.mcu.externaltools.gnu-tools-for-stm32.9-2020-q2-update.win32_1.5.0.202011040924/tools/bin/../lib/gcc/arm-none-eabi/9.3.1/../../../../arm-none-eabi/lib/thumb/v7e-m+fp/hard\libc_nano.a(lib_a-closer.o)
                0x000000000800acc0                _close_r
 .text._fstat_r
                0x000000000800ace0       0x24 c:/programy/st/stm32cubeide_1.6.0/stm32cubeide/plugins/com.st.stm32cube.ide.mcu.externaltools.gnu-tools-for-stm32.9-2020-q2-update.win32_1.5.0.202011040924/tools/bin/../lib/gcc/arm-none-eabi/9.3.1/../../../../arm-none-eabi/lib/thumb/v7e-m+fp/hard\libc_nano.a(lib_a-fstatr.o)
                0x000000000800ace0                _fstat_r
 .text._isatty_r
                0x000000000800ad04       0x20 c:/programy/st/stm32cubeide_1.6.0/stm32cubeide/plugins/com.st.stm32cube.ide.mcu.externaltools.gnu-tools-for-stm32.9-2020-q2-update.win32_1.5.0.202011040924/tools/bin/../lib/gcc/arm-none-eabi/9.3.1/../../../../arm-none-eabi/lib/thumb/v7e-m+fp/hard\libc_nano.a(lib_a-isattyr.o)
                0x000000000800ad04                _isatty_r
 .text._lseek_r
                0x000000000800ad24       0x24 c:/programy/st/stm32cubeide_1.6.0/stm32cubeide/plugins/com.st.stm32cube.ide.mcu.externaltools.gnu-tools-for-stm32.9-2020-q2-update.win32_1.5.0.202011040924/tools/bin/../lib/gcc/arm-none-eabi/9.3.1/../../../../arm-none-eabi/lib/thumb/v7e-m+fp/hard\libc_nano.a(lib_a-lseekr.o)
                0x000000000800ad24                _lseek_r
 .text._read_r  0x000000000800ad48       0x24 c:/programy/st/stm32cubeide_1.6.0/stm32cubeide/plugins/com.st.stm32cube.ide.mcu.externaltools.gnu-tools-for-stm32.9-2020-q2-update.win32_1.5.0.202011040924/tools/bin/../lib/gcc/arm-none-eabi/9.3.1/../../../../arm-none-eabi/lib/thumb/v7e-m+fp/hard\libc_nano.a(lib_a-readr.o)
                0x000000000800ad48                _read_r
 *(.glue_7)
 .glue_7        0x000000000800ad6c        0x0 linker stubs
 *(.glue_7t)
 .glue_7t       0x000000000800ad6c        0x0 linker stubs
 *(.eh_frame)
 .eh_frame      0x000000000800ad6c        0x0 c:/programy/st/stm32cubeide_1.6.0/stm32cubeide/plugins/com.st.stm32cube.ide.mcu.externaltools.gnu-tools-for-stm32.9-2020-q2-update.win32_1.5.0.202011040924/tools/bin/../lib/gcc/arm-none-eabi/9.3.1/thumb/v7e-m+fp/hard/crtbegin.o
 *(.init)
 .init          0x000000000800ad6c        0x4 c:/programy/st/stm32cubeide_1.6.0/stm32cubeide/plugins/com.st.stm32cube.ide.mcu.externaltools.gnu-tools-for-stm32.9-2020-q2-update.win32_1.5.0.202011040924/tools/bin/../lib/gcc/arm-none-eabi/9.3.1/thumb/v7e-m+fp/hard/crti.o
                0x000000000800ad6c                _init
 .init          0x000000000800ad70        0x8 c:/programy/st/stm32cubeide_1.6.0/stm32cubeide/plugins/com.st.stm32cube.ide.mcu.externaltools.gnu-tools-for-stm32.9-2020-q2-update.win32_1.5.0.202011040924/tools/bin/../lib/gcc/arm-none-eabi/9.3.1/thumb/v7e-m+fp/hard/crtn.o
 *(.fini)
 .fini          0x000000000800ad78        0x4 c:/programy/st/stm32cubeide_1.6.0/stm32cubeide/plugins/com.st.stm32cube.ide.mcu.externaltools.gnu-tools-for-stm32.9-2020-q2-update.win32_1.5.0.202011040924/tools/bin/../lib/gcc/arm-none-eabi/9.3.1/thumb/v7e-m+fp/hard/crti.o
                0x000000000800ad78                _fini
 .fini          0x000000000800ad7c        0x8 c:/programy/st/stm32cubeide_1.6.0/stm32cubeide/plugins/com.st.stm32cube.ide.mcu.externaltools.gnu-tools-for-stm32.9-2020-q2-update.win32_1.5.0.202011040924/tools/bin/../lib/gcc/arm-none-eabi/9.3.1/thumb/v7e-m+fp/hard/crtn.o
                0x000000000800ad84                . = ALIGN (0x4)
                0x000000000800ad84                _etext = .

.vfp11_veneer   0x000000000800ad84        0x0
 .vfp11_veneer  0x000000000800ad84        0x0 linker stubs

.v4_bx          0x000000000800ad84        0x0
 .v4_bx         0x000000000800ad84        0x0 linker stubs

.iplt           0x000000000800ad84        0x0
 .iplt          0x000000000800ad84        0x0 c:/programy/st/stm32cubeide_1.6.0/stm32cubeide/plugins/com.st.stm32cube.ide.mcu.externaltools.gnu-tools-for-stm32.9-2020-q2-update.win32_1.5.0.202011040924/tools/bin/../lib/gcc/arm-none-eabi/9.3.1/thumb/v7e-m+fp/hard/crtbegin.o

.rodata         0x000000000800ad88     0x587c
                0x000000000800ad88                . = ALIGN (0x4)
 *(.rodata)
 .rodata        0x000000000800ad88        0x8 Drivers/STM32F4xx_HAL_Driver/Src/stm32f4xx_hal_dma.o
 .rodata        0x000000000800ad90     0x1f00 Src/OLED.o
                0x000000000800ad90                znak_3FMH
                0x000000000800ae10                znak_3EMH
                0x000000000800ae90                znak_3DMH
                0x000000000800af10                znak_3CMH
                0x000000000800af90                znak_3BMH
                0x000000000800b010                znak_3AMH
                0x000000000800b090                znak_39MH
                0x000000000800b110                znak_38MH
                0x000000000800b190                znak_37MH
                0x000000000800b210                znak_36MH
                0x000000000800b290                znak_35MH
                0x000000000800b310                znak_34MH
                0x000000000800b390                znak_33MH
                0x000000000800b410                znak_32MH
                0x000000000800b490                znak_31MH
                0x000000000800b510                znak_30MH
                0x000000000800b590                znak_3FLL
                0x000000000800b5c0                znak_3ELL
                0x000000000800b5f0                znak_3DLL
                0x000000000800b620                znak_3CLL
                0x000000000800b650                znak_3BLL
                0x000000000800b680                znak_3ALL
                0x000000000800b6b0                znak_39LL
                0x000000000800b6e0                znak_38LL
                0x000000000800b710                znak_37LL
                0x000000000800b740                znak_36LL
                0x000000000800b770                znak_35LL
                0x000000000800b7a0                znak_34LL
                0x000000000800b7d0                znak_33LL
                0x000000000800b800                znak_32LL
                0x000000000800b830                znak_31LL
                0x000000000800b860                znak_30LL
                0x000000000800b890                znak_7FL
                0x000000000800b8b0                znak_7EL
                0x000000000800b8d0                znak_7DL
                0x000000000800b8f0                znak_7CL
                0x000000000800b910                znak_7BL
                0x000000000800b930                znak_7AL
                0x000000000800b950                znak_79L
                0x000000000800b970                znak_78L
                0x000000000800b990                znak_77L
                0x000000000800b9b0                znak_76L
                0x000000000800b9d0                znak_75L
                0x000000000800b9f0                znak_74L
                0x000000000800ba10                znak_73L
                0x000000000800ba30                znak_72L
                0x000000000800ba50                znak_71L
                0x000000000800ba70                znak_70L
                0x000000000800ba90                znak_6FL
                0x000000000800bab0                znak_6EL
                0x000000000800bad0                znak_6DL
                0x000000000800baf0                znak_6CL
                0x000000000800bb10                znak_6BL
                0x000000000800bb30                znak_6AL
                0x000000000800bb50                znak_69L
                0x000000000800bb70                znak_68L
                0x000000000800bb90                znak_67L
                0x000000000800bbb0                znak_66L
                0x000000000800bbd0                znak_65L
                0x000000000800bbf0                znak_64L
                0x000000000800bc10                znak_63L
                0x000000000800bc30                znak_62L
                0x000000000800bc50                znak_61L
                0x000000000800bc70                znak_60L
                0x000000000800bc90                znak_5FL
                0x000000000800bcb0                znak_5EL
                0x000000000800bcd0                znak_5DL
                0x000000000800bcf0                znak_5CL
                0x000000000800bd10                znak_5BL
                0x000000000800bd30                znak_5AL
                0x000000000800bd50                znak_59L
                0x000000000800bd70                znak_58L
                0x000000000800bd90                znak_57L
                0x000000000800bdb0                znak_56L
                0x000000000800bdd0                znak_55L
                0x000000000800bdf0                znak_54L
                0x000000000800be10                znak_53L
                0x000000000800be30                znak_52L
                0x000000000800be50                znak_51L
                0x000000000800be70                znak_50L
                0x000000000800be90                znak_4FL
                0x000000000800beb0                znak_4EL
                0x000000000800bed0                znak_4DL
                0x000000000800bef0                znak_4CL
                0x000000000800bf10                znak_4BL
                0x000000000800bf30                znak_4AL
                0x000000000800bf50                znak_49L
                0x000000000800bf70                znak_48L
                0x000000000800bf90                znak_47L
                0x000000000800bfb0                znak_46L
                0x000000000800bfd0                znak_45L
                0x000000000800bff0                znak_44L
                0x000000000800c010                znak_43L
                0x000000000800c030                znak_42L
                0x000000000800c050                znak_41L
                0x000000000800c070                znak_40L
                0x000000000800c090                znak_3FL
                0x000000000800c0b0                znak_3EL
                0x000000000800c0d0                znak_3DL
                0x000000000800c0f0                znak_3CL
                0x000000000800c110                znak_3BL
                0x000000000800c130                znak_3AL
                0x000000000800c150                znak_39L
                0x000000000800c170                znak_38L
                0x000000000800c190                znak_37L
                0x000000000800c1b0                znak_36L
                0x000000000800c1d0                znak_35L
                0x000000000800c1f0                znak_34L
                0x000000000800c210                znak_33L
                0x000000000800c230                znak_32L
                0x000000000800c250                znak_31L
                0x000000000800c270                znak_30L
                0x000000000800c290                znak_2FL
                0x000000000800c2b0                znak_2EL
                0x000000000800c2d0                znak_2DL
                0x000000000800c2f0                znak_2CL
                0x000000000800c310                znak_2BL
                0x000000000800c330                znak_2AL
                0x000000000800c350                znak_29L
                0x000000000800c370                znak_28L
                0x000000000800c390                znak_27L
                0x000000000800c3b0                znak_26L
                0x000000000800c3d0                znak_25L
                0x000000000800c3f0                znak_24L
                0x000000000800c410                znak_23L
                0x000000000800c430                znak_22L
                0x000000000800c450                znak_21L
                0x000000000800c470                znak_20L
                0x000000000800c490                znak_1FL
                0x000000000800c4b0                znak_1EL
                0x000000000800c4d0                znak_1DL
                0x000000000800c4f0                znak_1CL
                0x000000000800c510                znak_1BL
                0x000000000800c530                znak_1AL
                0x000000000800c550                znak_19L
                0x000000000800c570                znak_18L
                0x000000000800c590                znak_17L
                0x000000000800c5b0                znak_16L
                0x000000000800c5d0                znak_15L
                0x000000000800c5f0                znak_14L
                0x000000000800c610                znak_13L
                0x000000000800c630                znak_12L
                0x000000000800c650                znak_11L
                0x000000000800c670                znak_10L
                0x000000000800c690                znak_0FL
                0x000000000800c6b0                znak_0EL
                0x000000000800c6d0                znak_0DL
                0x000000000800c6f0                znak_0CL
                0x000000000800c710                znak_0BL
                0x000000000800c730                znak_0AL
                0x000000000800c750                znak_09L
                0x000000000800c770                znak_08L
                0x000000000800c790                znak_07L
                0x000000000800c7b0                znak_06L
                0x000000000800c7d0                znak_05L
                0x000000000800c7f0                znak_04L
                0x000000000800c810                znak_03L
                0x000000000800c830                znak_02L
                0x000000000800c850                znak_01L
                0x000000000800c870                znak_00L
                0x000000000800c890                znak_7F
                0x000000000800c898                znak_7E
                0x000000000800c8a0                znak_7D
                0x000000000800c8a8                znak_7C
                0x000000000800c8b0                znak_7B
                0x000000000800c8b8                znak_7A
                0x000000000800c8c0                znak_79
                0x000000000800c8c8                znak_78
                0x000000000800c8d0                znak_77
                0x000000000800c8d8                znak_76
                0x000000000800c8e0                znak_75
                0x000000000800c8e8                znak_74
                0x000000000800c8f0                znak_73
                0x000000000800c8f8                znak_72
                0x000000000800c900                znak_71
                0x000000000800c908                znak_70
                0x000000000800c910                znak_6F
                0x000000000800c918                znak_6E
                0x000000000800c920                znak_6D
                0x000000000800c928                znak_6C
                0x000000000800c930                znak_6B
                0x000000000800c938                znak_6A
                0x000000000800c940                znak_69
                0x000000000800c948                znak_68
                0x000000000800c950                znak_67
                0x000000000800c958                znak_66
                0x000000000800c960                znak_65
                0x000000000800c968                znak_64
                0x000000000800c970                znak_63
                0x000000000800c978                znak_62
                0x000000000800c980                znak_61
                0x000000000800c988                znak_60
                0x000000000800c990                znak_5F
                0x000000000800c998                znak_5E
                0x000000000800c9a0                znak_5D
                0x000000000800c9a8                znak_5C
                0x000000000800c9b0                znak_5B
                0x000000000800c9b8                znak_5A
                0x000000000800c9c0                znak_59
                0x000000000800c9c8                znak_58
                0x000000000800c9d0                znak_57
                0x000000000800c9d8                znak_56
                0x000000000800c9e0                znak_55
                0x000000000800c9e8                znak_54
                0x000000000800c9f0                znak_53
                0x000000000800c9f8                znak_52
                0x000000000800ca00                znak_51
                0x000000000800ca08                znak_50
                0x000000000800ca10                znak_4F
                0x000000000800ca18                znak_4E
                0x000000000800ca20                znak_4D
                0x000000000800ca28                znak_4C
                0x000000000800ca30                znak_4B
                0x000000000800ca38                znak_4A
                0x000000000800ca40                znak_49
                0x000000000800ca48                znak_48
                0x000000000800ca50                znak_47
                0x000000000800ca58                znak_46
                0x000000000800ca60                znak_45
                0x000000000800ca68                znak_44
                0x000000000800ca70                znak_43
                0x000000000800ca78                znak_42
                0x000000000800ca80                znak_41
                0x000000000800ca88                znak_40
                0x000000000800ca90                znak_3F
                0x000000000800ca98                znak_3E
                0x000000000800caa0                znak_3D
                0x000000000800caa8                znak_3C
                0x000000000800cab0                znak_3B
                0x000000000800cab8                znak_3A
                0x000000000800cac0                znak_39
                0x000000000800cac8                znak_38
                0x000000000800cad0                znak_37
                0x000000000800cad8                znak_36
                0x000000000800cae0                znak_35
                0x000000000800cae8                znak_34
                0x000000000800caf0                znak_33
                0x000000000800caf8                znak_32
                0x000000000800cb00                znak_31
                0x000000000800cb08                znak_30
                0x000000000800cb10                znak_2F
                0x000000000800cb18                znak_2E
                0x000000000800cb20                znak_2D
                0x000000000800cb28                znak_2C
                0x000000000800cb30                znak_2B
                0x000000000800cb38                znak_2A
                0x000000000800cb40                znak_29
                0x000000000800cb48                znak_28
                0x000000000800cb50                znak_27
                0x000000000800cb58                znak_26
                0x000000000800cb60                znak_25
                0x000000000800cb68                znak_24
                0x000000000800cb70                znak_23
                0x000000000800cb78                znak_22
                0x000000000800cb80                znak_21
                0x000000000800cb88                znak_20
                0x000000000800cb90                znak_1F
                0x000000000800cb98                znak_1E
                0x000000000800cba0                znak_1D
                0x000000000800cba8                znak_1C
                0x000000000800cbb0                znak_1B
                0x000000000800cbb8                znak_1A
                0x000000000800cbc0                znak_19
                0x000000000800cbc8                znak_18
                0x000000000800cbd0                znak_17
                0x000000000800cbd8                znak_16
                0x000000000800cbe0                znak_15
                0x000000000800cbe8                znak_14
                0x000000000800cbf0                znak_13
                0x000000000800cbf8                znak_12
                0x000000000800cc00                znak_11
                0x000000000800cc08                znak_10
                0x000000000800cc10                znak_0F
                0x000000000800cc18                znak_0E
                0x000000000800cc20                znak_0D
                0x000000000800cc28                znak_0C
                0x000000000800cc30                znak_0B
                0x000000000800cc38                znak_0A
                0x000000000800cc40                znak_09
                0x000000000800cc48                znak_08
                0x000000000800cc50                znak_07